<?xml version="1.0" encoding="ISO-8859-1" ?>
<link_info>
   <banner>TI ARM Linker PC v20.2.7.LTS</banner>
   <copyright>Copyright (c) 1996-2018 Texas Instruments Incorporated</copyright>
   <link_time>0x674d582d</link_time>
   <link_errors>0x0</link_errors>
   <output_file>HydraSense.out</output_file>
   <entry_point>
      <name>_c_int00_noargs</name>
      <address>0x8fc9</address>
   </entry_point>
   <input_file_list>
      <input_file id="fl-2">
         <path>.\core\</path>
         <kind>object</kind>
         <file>tm4c123gh6pm_startup_ccs.obj</file>
         <name>tm4c123gh6pm_startup_ccs.obj</name>
      </input_file>
      <input_file id="fl-3">
         <path>.\drivers\</path>
         <kind>object</kind>
         <file>clock.obj</file>
         <name>clock.obj</name>
      </input_file>
      <input_file id="fl-4">
         <path>.\drivers\</path>
         <kind>object</kind>
         <file>eeprom.obj</file>
         <name>eeprom.obj</name>
      </input_file>
      <input_file id="fl-5">
         <path>.\drivers\</path>
         <kind>object</kind>
         <file>eth0.obj</file>
         <name>eth0.obj</name>
      </input_file>
      <input_file id="fl-6">
         <path>.\drivers\</path>
         <kind>object</kind>
         <file>gpio.obj</file>
         <name>gpio.obj</name>
      </input_file>
      <input_file id="fl-7">
         <path>.\drivers\</path>
         <kind>object</kind>
         <file>spi0.obj</file>
         <name>spi0.obj</name>
      </input_file>
      <input_file id="fl-8">
         <path>.\drivers\</path>
         <kind>object</kind>
         <file>timer.obj</file>
         <name>timer.obj</name>
      </input_file>
      <input_file id="fl-9">
         <path>.\drivers\</path>
         <kind>object</kind>
         <file>uart0.obj</file>
         <name>uart0.obj</name>
      </input_file>
      <input_file id="fl-a">
         <path>.\libs\</path>
         <kind>object</kind>
         <file>strlib.obj</file>
         <name>strlib.obj</name>
      </input_file>
      <input_file id="fl-b">
         <path>.\middleware\</path>
         <kind>object</kind>
         <file>arp.obj</file>
         <name>arp.obj</name>
      </input_file>
      <input_file id="fl-c">
         <path>.\middleware\</path>
         <kind>object</kind>
         <file>dhcp.obj</file>
         <name>dhcp.obj</name>
      </input_file>
      <input_file id="fl-d">
         <path>.\middleware\</path>
         <kind>object</kind>
         <file>icmp.obj</file>
         <name>icmp.obj</name>
      </input_file>
      <input_file id="fl-e">
         <path>.\middleware\</path>
         <kind>object</kind>
         <file>ip.obj</file>
         <name>ip.obj</name>
      </input_file>
      <input_file id="fl-f">
         <path>.\middleware\</path>
         <kind>object</kind>
         <file>mqtt.obj</file>
         <name>mqtt.obj</name>
      </input_file>
      <input_file id="fl-10">
         <path>.\middleware\</path>
         <kind>object</kind>
         <file>socket.obj</file>
         <name>socket.obj</name>
      </input_file>
      <input_file id="fl-11">
         <path>.\middleware\</path>
         <kind>object</kind>
         <file>tcp.obj</file>
         <name>tcp.obj</name>
      </input_file>
      <input_file id="fl-12">
         <path>.\middleware\</path>
         <kind>object</kind>
         <file>udp.obj</file>
         <name>udp.obj</name>
      </input_file>
      <input_file id="fl-13">
         <path>.\src\</path>
         <kind>object</kind>
         <file>main.obj</file>
         <name>main.obj</name>
      </input_file>
      <input_file id="fl-14">
         <path>.\src\</path>
         <kind>object</kind>
         <file>mqtt_client.obj</file>
         <name>mqtt_client.obj</name>
      </input_file>
      <input_file id="fl-15">
         <path>.\src\</path>
         <kind>object</kind>
         <file>network_stack.obj</file>
         <name>network_stack.obj</name>
      </input_file>
      <input_file id="fl-16">
         <path>.\src\</path>
         <kind>object</kind>
         <file>sensors.obj</file>
         <name>sensors.obj</name>
      </input_file>
      <input_file id="fl-17">
         <path>.\src\</path>
         <kind>object</kind>
         <file>shell.obj</file>
         <name>shell.obj</name>
      </input_file>
      <input_file id="fl-18">
         <path>.\src\</path>
         <kind>object</kind>
         <file>wait.obj</file>
         <name>wait.obj</name>
      </input_file>
      <input_file id="fl-1c">
         <kind>object</kind>
         <file>&lt;internal&gt;</file>
         <name>&lt;internal&gt;</name>
      </input_file>
      <input_file id="fl-d2">
         <path>C:\ti\ccs1240\ccs\tools\compiler\ti-cgt-arm_20.2.7.LTS\lib\</path>
         <kind>archive</kind>
         <file>rtsv7M4_T_le_v4SPD16_eabi.lib</file>
         <name>snprintf.c.obj</name>
      </input_file>
      <input_file id="fl-d3">
         <path>C:\ti\ccs1240\ccs\tools\compiler\ti-cgt-arm_20.2.7.LTS\lib\</path>
         <kind>archive</kind>
         <file>rtsv7M4_T_le_v4SPD16_eabi.lib</file>
         <name>sscanf.c.obj</name>
      </input_file>
      <input_file id="fl-d4">
         <path>C:\ti\ccs1240\ccs\tools\compiler\ti-cgt-arm_20.2.7.LTS\lib\</path>
         <kind>archive</kind>
         <file>rtsv7M4_T_le_v4SPD16_eabi.lib</file>
         <name>ll_mul_t2.asm.obj</name>
      </input_file>
      <input_file id="fl-d5">
         <path>C:\ti\ccs1240\ccs\tools\compiler\ti-cgt-arm_20.2.7.LTS\lib\</path>
         <kind>archive</kind>
         <file>rtsv7M4_T_le_v4SPD16_eabi.lib</file>
         <name>memcpy_t2.asm.obj</name>
      </input_file>
      <input_file id="fl-d6">
         <path>C:\ti\ccs1240\ccs\tools\compiler\ti-cgt-arm_20.2.7.LTS\lib\</path>
         <kind>archive</kind>
         <file>rtsv7M4_T_le_v4SPD16_eabi.lib</file>
         <name>memset_t2.asm.obj</name>
      </input_file>
      <input_file id="fl-d7">
         <path>C:\ti\ccs1240\ccs\tools\compiler\ti-cgt-arm_20.2.7.LTS\lib\</path>
         <kind>archive</kind>
         <file>rtsv7M4_T_le_v4SPD16_eabi.lib</file>
         <name>ull_div_t2.asm.obj</name>
      </input_file>
      <input_file id="fl-d8">
         <path>C:\ti\ccs1240\ccs\tools\compiler\ti-cgt-arm_20.2.7.LTS\lib\</path>
         <kind>archive</kind>
         <file>rtsv7M4_T_le_v4SPD16_eabi.lib</file>
         <name>copy_zero_init.c.obj</name>
      </input_file>
      <input_file id="fl-d9">
         <path>C:\ti\ccs1240\ccs\tools\compiler\ti-cgt-arm_20.2.7.LTS\lib\</path>
         <kind>archive</kind>
         <file>rtsv7M4_T_le_v4SPD16_eabi.lib</file>
         <name>copy_decompress_none.c.obj</name>
      </input_file>
      <input_file id="fl-da">
         <path>C:\ti\ccs1240\ccs\tools\compiler\ti-cgt-arm_20.2.7.LTS\lib\</path>
         <kind>archive</kind>
         <file>rtsv7M4_T_le_v4SPD16_eabi.lib</file>
         <name>copy_decompress_lzss.c.obj</name>
      </input_file>
      <input_file id="fl-db">
         <path>C:\ti\ccs1240\ccs\tools\compiler\ti-cgt-arm_20.2.7.LTS\lib\</path>
         <kind>archive</kind>
         <file>rtsv7M4_T_le_v4SPD16_eabi.lib</file>
         <name>ctype.c.obj</name>
      </input_file>
      <input_file id="fl-dc">
         <path>C:\ti\ccs1240\ccs\tools\compiler\ti-cgt-arm_20.2.7.LTS\lib\</path>
         <kind>archive</kind>
         <file>rtsv7M4_T_le_v4SPD16_eabi.lib</file>
         <name>strcmp.c.obj</name>
      </input_file>
      <input_file id="fl-dd">
         <path>C:\ti\ccs1240\ccs\tools\compiler\ti-cgt-arm_20.2.7.LTS\lib\</path>
         <kind>archive</kind>
         <file>rtsv7M4_T_le_v4SPD16_eabi.lib</file>
         <name>boot_cortex_m.c.obj</name>
      </input_file>
      <input_file id="fl-de">
         <path>C:\ti\ccs1240\ccs\tools\compiler\ti-cgt-arm_20.2.7.LTS\lib\</path>
         <kind>archive</kind>
         <file>rtsv7M4_T_le_v4SPD16_eabi.lib</file>
         <name>_printfi.c.obj</name>
      </input_file>
      <input_file id="fl-df">
         <path>C:\ti\ccs1240\ccs\tools\compiler\ti-cgt-arm_20.2.7.LTS\lib\</path>
         <kind>archive</kind>
         <file>rtsv7M4_T_le_v4SPD16_eabi.lib</file>
         <name>_scanfi.c.obj</name>
      </input_file>
      <input_file id="fl-e0">
         <path>C:\ti\ccs1240\ccs\tools\compiler\ti-cgt-arm_20.2.7.LTS\lib\</path>
         <kind>archive</kind>
         <file>rtsv7M4_T_le_v4SPD16_eabi.lib</file>
         <name>div0.asm.obj</name>
      </input_file>
      <input_file id="fl-e1">
         <path>C:\ti\ccs1240\ccs\tools\compiler\ti-cgt-arm_20.2.7.LTS\lib\</path>
         <kind>archive</kind>
         <file>rtsv7M4_T_le_v4SPD16_eabi.lib</file>
         <name>fd_add_t2.asm.obj</name>
      </input_file>
      <input_file id="fl-e2">
         <path>C:\ti\ccs1240\ccs\tools\compiler\ti-cgt-arm_20.2.7.LTS\lib\</path>
         <kind>archive</kind>
         <file>rtsv7M4_T_le_v4SPD16_eabi.lib</file>
         <name>fd_cmp_t2.asm.obj</name>
      </input_file>
      <input_file id="fl-e3">
         <path>C:\ti\ccs1240\ccs\tools\compiler\ti-cgt-arm_20.2.7.LTS\lib\</path>
         <kind>archive</kind>
         <file>rtsv7M4_T_le_v4SPD16_eabi.lib</file>
         <name>fd_div_t2.asm.obj</name>
      </input_file>
      <input_file id="fl-e4">
         <path>C:\ti\ccs1240\ccs\tools\compiler\ti-cgt-arm_20.2.7.LTS\lib\</path>
         <kind>archive</kind>
         <file>rtsv7M4_T_le_v4SPD16_eabi.lib</file>
         <name>fd_mul_t2.asm.obj</name>
      </input_file>
      <input_file id="fl-e5">
         <path>C:\ti\ccs1240\ccs\tools\compiler\ti-cgt-arm_20.2.7.LTS\lib\</path>
         <kind>archive</kind>
         <file>rtsv7M4_T_le_v4SPD16_eabi.lib</file>
         <name>fd_toi_t2.asm.obj</name>
      </input_file>
      <input_file id="fl-e6">
         <path>C:\ti\ccs1240\ccs\tools\compiler\ti-cgt-arm_20.2.7.LTS\lib\</path>
         <kind>archive</kind>
         <file>rtsv7M4_T_le_v4SPD16_eabi.lib</file>
         <name>fd_tos_t2.asm.obj</name>
      </input_file>
      <input_file id="fl-e7">
         <path>C:\ti\ccs1240\ccs\tools\compiler\ti-cgt-arm_20.2.7.LTS\lib\</path>
         <kind>archive</kind>
         <file>rtsv7M4_T_le_v4SPD16_eabi.lib</file>
         <name>i_tofd_t2.asm.obj</name>
      </input_file>
      <input_file id="fl-e8">
         <path>C:\ti\ccs1240\ccs\tools\compiler\ti-cgt-arm_20.2.7.LTS\lib\</path>
         <kind>archive</kind>
         <file>rtsv7M4_T_le_v4SPD16_eabi.lib</file>
         <name>autoinit.c.obj</name>
      </input_file>
      <input_file id="fl-e9">
         <path>C:\ti\ccs1240\ccs\tools\compiler\ti-cgt-arm_20.2.7.LTS\lib\</path>
         <kind>archive</kind>
         <file>rtsv7M4_T_le_v4SPD16_eabi.lib</file>
         <name>pre_init.c.obj</name>
      </input_file>
      <input_file id="fl-ea">
         <path>C:\ti\ccs1240\ccs\tools\compiler\ti-cgt-arm_20.2.7.LTS\lib\</path>
         <kind>archive</kind>
         <file>rtsv7M4_T_le_v4SPD16_eabi.lib</file>
         <name>cpy_tbl.c.obj</name>
      </input_file>
      <input_file id="fl-eb">
         <path>C:\ti\ccs1240\ccs\tools\compiler\ti-cgt-arm_20.2.7.LTS\lib\</path>
         <kind>archive</kind>
         <file>rtsv7M4_T_le_v4SPD16_eabi.lib</file>
         <name>exit.c.obj</name>
      </input_file>
      <input_file id="fl-ec">
         <path>C:\ti\ccs1240\ccs\tools\compiler\ti-cgt-arm_20.2.7.LTS\lib\</path>
         <kind>archive</kind>
         <file>rtsv7M4_T_le_v4SPD16_eabi.lib</file>
         <name>_lock.c.obj</name>
      </input_file>
      <input_file id="fl-ed">
         <path>C:\ti\ccs1240\ccs\tools\compiler\ti-cgt-arm_20.2.7.LTS\lib\</path>
         <kind>archive</kind>
         <file>rtsv7M4_T_le_v4SPD16_eabi.lib</file>
         <name>_ltoa.c.obj</name>
      </input_file>
      <input_file id="fl-ee">
         <path>C:\ti\ccs1240\ccs\tools\compiler\ti-cgt-arm_20.2.7.LTS\lib\</path>
         <kind>archive</kind>
         <file>rtsv7M4_T_le_v4SPD16_eabi.lib</file>
         <name>args_main.c.obj</name>
      </input_file>
      <input_file id="fl-ef">
         <path>C:\ti\ccs1240\ccs\tools\compiler\ti-cgt-arm_20.2.7.LTS\lib\</path>
         <kind>archive</kind>
         <file>rtsv7M4_T_le_v4SPD16_eabi.lib</file>
         <name>atoi.c.obj</name>
      </input_file>
      <input_file id="fl-f0">
         <path>C:\ti\ccs1240\ccs\tools\compiler\ti-cgt-arm_20.2.7.LTS\lib\</path>
         <kind>archive</kind>
         <file>rtsv7M4_T_le_v4SPD16_eabi.lib</file>
         <name>memccpy.c.obj</name>
      </input_file>
      <input_file id="fl-f1">
         <path>C:\ti\ccs1240\ccs\tools\compiler\ti-cgt-arm_20.2.7.LTS\lib\</path>
         <kind>archive</kind>
         <file>rtsv7M4_T_le_v4SPD16_eabi.lib</file>
         <name>strchr.c.obj</name>
      </input_file>
      <input_file id="fl-f2">
         <path>C:\ti\ccs1240\ccs\tools\compiler\ti-cgt-arm_20.2.7.LTS\lib\</path>
         <kind>archive</kind>
         <file>rtsv7M4_T_le_v4SPD16_eabi.lib</file>
         <name>strcpy.c.obj</name>
      </input_file>
      <input_file id="fl-f3">
         <path>C:\ti\ccs1240\ccs\tools\compiler\ti-cgt-arm_20.2.7.LTS\lib\</path>
         <kind>archive</kind>
         <file>rtsv7M4_T_le_v4SPD16_eabi.lib</file>
         <name>strlen.c.obj</name>
      </input_file>
      <input_file id="fl-f4">
         <path>C:\ti\ccs1240\ccs\tools\compiler\ti-cgt-arm_20.2.7.LTS\lib\</path>
         <kind>archive</kind>
         <file>rtsv7M4_T_le_v4SPD16_eabi.lib</file>
         <name>strrchr.c.obj</name>
      </input_file>
      <input_file id="fl-f5">
         <path>C:\ti\ccs1240\ccs\tools\compiler\ti-cgt-arm_20.2.7.LTS\lib\</path>
         <kind>archive</kind>
         <file>rtsv7M4_T_le_v4SPD16_eabi.lib</file>
         <name>strtod.c.obj</name>
      </input_file>
      <input_file id="fl-f6">
         <path>C:\ti\ccs1240\ccs\tools\compiler\ti-cgt-arm_20.2.7.LTS\lib\</path>
         <kind>archive</kind>
         <file>rtsv7M4_T_le_v4SPD16_eabi.lib</file>
         <name>strtol.c.obj</name>
      </input_file>
      <input_file id="fl-f7">
         <path>C:\ti\ccs1240\ccs\tools\compiler\ti-cgt-arm_20.2.7.LTS\lib\</path>
         <kind>archive</kind>
         <file>rtsv7M4_T_le_v4SPD16_eabi.lib</file>
         <name>strtoll.c.obj</name>
      </input_file>
      <input_file id="fl-f8">
         <path>C:\ti\ccs1240\ccs\tools\compiler\ti-cgt-arm_20.2.7.LTS\lib\</path>
         <kind>archive</kind>
         <file>rtsv7M4_T_le_v4SPD16_eabi.lib</file>
         <name>strtoul.c.obj</name>
      </input_file>
      <input_file id="fl-f9">
         <path>C:\ti\ccs1240\ccs\tools\compiler\ti-cgt-arm_20.2.7.LTS\lib\</path>
         <kind>archive</kind>
         <file>rtsv7M4_T_le_v4SPD16_eabi.lib</file>
         <name>strtoull.c.obj</name>
      </input_file>
      <input_file id="fl-fa">
         <path>C:\ti\ccs1240\ccs\tools\compiler\ti-cgt-arm_20.2.7.LTS\lib\</path>
         <kind>archive</kind>
         <file>rtsv7M4_T_le_v4SPD16_eabi.lib</file>
         <name>errno.c.obj</name>
      </input_file>
      <input_file id="fl-fb">
         <path>C:\ti\ccs1240\ccs\tools\compiler\ti-cgt-arm_20.2.7.LTS\lib\</path>
         <kind>archive</kind>
         <file>rtsv7M4_T_le_v4SPD16_eabi.lib</file>
         <name>wcslen.c.obj</name>
      </input_file>
      <input_file id="fl-fc">
         <path>C:\ti\ccs1240\ccs\tools\compiler\ti-cgt-arm_20.2.7.LTS\lib\</path>
         <kind>archive</kind>
         <file>rtsv7M4_T_le_v4SPD16_eabi.lib</file>
         <name>s_frexp.c.obj</name>
      </input_file>
      <input_file id="fl-fd">
         <path>C:\ti\ccs1240\ccs\tools\compiler\ti-cgt-arm_20.2.7.LTS\lib\</path>
         <kind>archive</kind>
         <file>rtsv7M4_T_le_v4SPD16_eabi.lib</file>
         <name>s_scalbn.c.obj</name>
      </input_file>
      <input_file id="fl-fe">
         <path>C:\ti\ccs1240\ccs\tools\compiler\ti-cgt-arm_20.2.7.LTS\lib\</path>
         <kind>archive</kind>
         <file>rtsv7M4_T_le_v4SPD16_eabi.lib</file>
         <name>s_copysign.c.obj</name>
      </input_file>
   </input_file_list>
   <object_component_list>
      <object_component id="oc-12">
         <name>.intvecs</name>
         <load_address>0x0</load_address>
         <run_address>0x0</run_address>
         <size>0x26c</size>
         <input_file_ref idref="fl-2"/>
      </object_component>
      <object_component id="oc-18f">
         <name>.text</name>
         <load_address>0x26c</load_address>
         <run_address>0x26c</run_address>
         <size>0xe0c</size>
         <input_file_ref idref="fl-c"/>
      </object_component>
      <object_component id="oc-16d">
         <name>.text</name>
         <load_address>0x1078</load_address>
         <run_address>0x1078</run_address>
         <size>0xb84</size>
         <input_file_ref idref="fl-11"/>
      </object_component>
      <object_component id="oc-29e">
         <name>.text:__TI_scanfi</name>
         <load_address>0x1bfc</load_address>
         <run_address>0x1bfc</run_address>
         <size>0xb14</size>
         <input_file_ref idref="fl-df"/>
      </object_component>
      <object_component id="oc-119">
         <name>.text</name>
         <load_address>0x2710</load_address>
         <run_address>0x2710</run_address>
         <size>0xa60</size>
         <input_file_ref idref="fl-17"/>
      </object_component>
      <object_component id="oc-236">
         <name>.text:__TI_printfi</name>
         <load_address>0x3170</load_address>
         <run_address>0x3170</run_address>
         <size>0xa4e</size>
         <input_file_ref idref="fl-de"/>
      </object_component>
      <object_component id="oc-35b">
         <name>.text</name>
         <load_address>0x3bbe</load_address>
         <run_address>0x3bbe</run_address>
         <size>0x2</size>
         <input_file_ref idref="fl-e0"/>
      </object_component>
      <object_component id="oc-e9">
         <name>.text</name>
         <load_address>0x3bc0</load_address>
         <run_address>0x3bc0</run_address>
         <size>0x808</size>
         <input_file_ref idref="fl-6"/>
      </object_component>
      <object_component id="oc-fb">
         <name>.text</name>
         <load_address>0x43c8</load_address>
         <run_address>0x43c8</run_address>
         <size>0x774</size>
         <input_file_ref idref="fl-5"/>
      </object_component>
      <object_component id="oc-167">
         <name>.text</name>
         <load_address>0x4b3c</load_address>
         <run_address>0x4b3c</run_address>
         <size>0x5c8</size>
         <input_file_ref idref="fl-e"/>
      </object_component>
      <object_component id="oc-107">
         <name>.text</name>
         <load_address>0x5104</load_address>
         <run_address>0x5104</run_address>
         <size>0x550</size>
         <input_file_ref idref="fl-15"/>
      </object_component>
      <object_component id="oc-113">
         <name>.text</name>
         <load_address>0x5654</load_address>
         <run_address>0x5654</run_address>
         <size>0x51c</size>
         <input_file_ref idref="fl-f"/>
      </object_component>
      <object_component id="oc-f5">
         <name>.text</name>
         <load_address>0x5b70</load_address>
         <run_address>0x5b70</run_address>
         <size>0x460</size>
         <input_file_ref idref="fl-10"/>
      </object_component>
      <object_component id="oc-375">
         <name>.text:strtod</name>
         <load_address>0x5fd0</load_address>
         <run_address>0x5fd0</run_address>
         <size>0x460</size>
         <input_file_ref idref="fl-f5"/>
      </object_component>
      <object_component id="oc-1ae">
         <name>.text</name>
         <load_address>0x6430</load_address>
         <run_address>0x6430</run_address>
         <size>0x39a</size>
         <input_file_ref idref="fl-b"/>
      </object_component>
      <object_component id="oc-33">
         <name>.text</name>
         <load_address>0x67cc</load_address>
         <run_address>0x67cc</run_address>
         <size>0x368</size>
         <input_file_ref idref="fl-8"/>
      </object_component>
      <object_component id="oc-195">
         <name>.text</name>
         <load_address>0x6b34</load_address>
         <run_address>0x6b34</run_address>
         <size>0x300</size>
         <input_file_ref idref="fl-12"/>
      </object_component>
      <object_component id="oc-1bd">
         <name>.text</name>
         <load_address>0x6e34</load_address>
         <run_address>0x6e34</run_address>
         <size>0x2ec</size>
         <input_file_ref idref="fl-a"/>
      </object_component>
      <object_component id="oc-314">
         <name>.text:_pconv_a</name>
         <load_address>0x7120</load_address>
         <run_address>0x7120</run_address>
         <size>0x270</size>
         <input_file_ref idref="fl-de"/>
      </object_component>
      <object_component id="oc-386">
         <name>.text:strtoll</name>
         <load_address>0x7390</load_address>
         <run_address>0x7390</run_address>
         <size>0x1dc</size>
         <input_file_ref idref="fl-f7"/>
      </object_component>
      <object_component id="oc-302">
         <name>.text:_pconv_g</name>
         <load_address>0x756c</load_address>
         <run_address>0x756c</run_address>
         <size>0x1d0</size>
         <input_file_ref idref="fl-de"/>
      </object_component>
      <object_component id="oc-3dd">
         <name>.text</name>
         <load_address>0x773c</load_address>
         <run_address>0x773c</run_address>
         <size>0x1b6</size>
         <input_file_ref idref="fl-e1"/>
      </object_component>
      <object_component id="oc-1a8">
         <name>.text</name>
         <load_address>0x78f2</load_address>
         <run_address>0x78f2</run_address>
         <size>0x160</size>
         <input_file_ref idref="fl-d"/>
      </object_component>
      <object_component id="oc-17a">
         <name>.text</name>
         <load_address>0x7a54</load_address>
         <run_address>0x7a54</run_address>
         <size>0x160</size>
         <input_file_ref idref="fl-7"/>
      </object_component>
      <object_component id="oc-369">
         <name>.text:strtoull</name>
         <load_address>0x7bb4</load_address>
         <run_address>0x7bb4</run_address>
         <size>0x15c</size>
         <input_file_ref idref="fl-f9"/>
      </object_component>
      <object_component id="oc-30e">
         <name>.text:_pconv_e</name>
         <load_address>0x7d10</load_address>
         <run_address>0x7d10</run_address>
         <size>0x13c</size>
         <input_file_ref idref="fl-de"/>
      </object_component>
      <object_component id="oc-3c3">
         <name>.text</name>
         <load_address>0x7e4c</load_address>
         <run_address>0x7e4c</run_address>
         <size>0x136</size>
         <input_file_ref idref="fl-e3"/>
      </object_component>
      <object_component id="oc-380">
         <name>.text:strtol</name>
         <load_address>0x7f84</load_address>
         <run_address>0x7f84</run_address>
         <size>0x130</size>
         <input_file_ref idref="fl-f6"/>
      </object_component>
      <object_component id="oc-ef">
         <name>.text</name>
         <load_address>0x80b4</load_address>
         <run_address>0x80b4</run_address>
         <size>0x128</size>
         <input_file_ref idref="fl-9"/>
      </object_component>
      <object_component id="oc-3ef">
         <name>.text:fcvt</name>
         <load_address>0x81dc</load_address>
         <run_address>0x81dc</run_address>
         <size>0x124</size>
         <input_file_ref idref="fl-de"/>
      </object_component>
      <object_component id="oc-403">
         <name>.text:scalbn</name>
         <load_address>0x8300</load_address>
         <run_address>0x8300</run_address>
         <size>0x110</size>
         <input_file_ref idref="fl-fd"/>
      </object_component>
      <object_component id="oc-36f">
         <name>.text:strtoul</name>
         <load_address>0x8410</load_address>
         <run_address>0x8410</run_address>
         <size>0x110</size>
         <input_file_ref idref="fl-f8"/>
      </object_component>
      <object_component id="oc-3be">
         <name>.text</name>
         <load_address>0x8520</load_address>
         <run_address>0x8520</run_address>
         <size>0xfc</size>
         <input_file_ref idref="fl-e4"/>
      </object_component>
      <object_component id="oc-b9">
         <name>.text</name>
         <load_address>0x861c</load_address>
         <run_address>0x861c</run_address>
         <size>0xd4</size>
         <input_file_ref idref="fl-13"/>
      </object_component>
      <object_component id="oc-2f7">
         <name>.text:_ltostr</name>
         <load_address>0x86f0</load_address>
         <run_address>0x86f0</run_address>
         <size>0xb1</size>
         <input_file_ref idref="fl-de"/>
      </object_component>
      <object_component id="oc-47">
         <name>.text</name>
         <load_address>0x87a2</load_address>
         <run_address>0x87a2</run_address>
         <size>0x9c</size>
         <input_file_ref idref="fl-d5"/>
      </object_component>
      <object_component id="oc-296">
         <name>.text</name>
         <load_address>0x883e</load_address>
         <run_address>0x883e</run_address>
         <size>0x96</size>
         <input_file_ref idref="fl-d7"/>
      </object_component>
      <object_component id="oc-2fd">
         <name>.text:__aeabi_cdcmple</name>
         <load_address>0x88d4</load_address>
         <run_address>0x88d4</run_address>
         <size>0x86</size>
         <input_file_ref idref="fl-e2"/>
      </object_component>
      <object_component id="oc-3c8">
         <name>.text:__aeabi_cdrcmple</name>
         <load_address>0x895a</load_address>
         <run_address>0x895a</run_address>
         <size>0x86</size>
         <input_file_ref idref="fl-e2"/>
      </object_component>
      <object_component id="oc-101">
         <name>.text</name>
         <load_address>0x89e0</load_address>
         <run_address>0x89e0</run_address>
         <size>0x84</size>
         <input_file_ref idref="fl-4"/>
      </object_component>
      <object_component id="oc-ad">
         <name>.text</name>
         <load_address>0x8a64</load_address>
         <run_address>0x8a64</run_address>
         <size>0x7a</size>
         <input_file_ref idref="fl-d6"/>
      </object_component>
      <object_component id="oc-3e8">
         <name>.text:_mcpy</name>
         <load_address>0x8ade</load_address>
         <run_address>0x8ade</run_address>
         <size>0x6e</size>
         <input_file_ref idref="fl-de"/>
      </object_component>
      <object_component id="oc-37b">
         <name>.text</name>
         <load_address>0x8b4c</load_address>
         <run_address>0x8b4c</run_address>
         <size>0x6e</size>
         <input_file_ref idref="fl-e6"/>
      </object_component>
      <object_component id="oc-2b0">
         <name>.text:_chkmbc</name>
         <load_address>0x8bbc</load_address>
         <run_address>0x8bbc</run_address>
         <size>0x68</size>
         <input_file_ref idref="fl-d3"/>
      </object_component>
      <object_component id="oc-15">
         <name>.text:decompress:lzss:__TI_decompress_lzss</name>
         <load_address>0x8c24</load_address>
         <run_address>0x8c24</run_address>
         <size>0x68</size>
         <input_file_ref idref="fl-da"/>
      </object_component>
      <object_component id="oc-3fd">
         <name>.text:frexp</name>
         <load_address>0x8c8c</load_address>
         <run_address>0x8c8c</run_address>
         <size>0x64</size>
         <input_file_ref idref="fl-fc"/>
      </object_component>
      <object_component id="oc-308">
         <name>.text:_pconv_f</name>
         <load_address>0x8cf0</load_address>
         <run_address>0x8cf0</run_address>
         <size>0x56</size>
         <input_file_ref idref="fl-de"/>
      </object_component>
      <object_component id="oc-3d2">
         <name>.text:__TI_ltoa</name>
         <load_address>0x8d46</load_address>
         <run_address>0x8d46</run_address>
         <size>0x54</size>
         <input_file_ref idref="fl-ed"/>
      </object_component>
      <object_component id="oc-3e2">
         <name>.text:_ecpy</name>
         <load_address>0x8d9a</load_address>
         <run_address>0x8d9a</run_address>
         <size>0x52</size>
         <input_file_ref idref="fl-de"/>
      </object_component>
      <object_component id="oc-2f1">
         <name>.text:atoi</name>
         <load_address>0x8dec</load_address>
         <run_address>0x8dec</run_address>
         <size>0x4c</size>
         <input_file_ref idref="fl-ef"/>
      </object_component>
      <object_component id="oc-189">
         <name>.text:snprintf</name>
         <load_address>0x8e38</load_address>
         <run_address>0x8e38</run_address>
         <size>0x4c</size>
         <input_file_ref idref="fl-d2"/>
      </object_component>
      <object_component id="oc-3cd">
         <name>.text</name>
         <load_address>0x8e84</load_address>
         <run_address>0x8e84</run_address>
         <size>0x48</size>
         <input_file_ref idref="fl-e5"/>
      </object_component>
      <object_component id="oc-12c">
         <name>.text:__TI_auto_init_nobinit_nopinit:__TI_auto_init_nobinit_nopinit</name>
         <load_address>0x8ecc</load_address>
         <run_address>0x8ecc</run_address>
         <size>0x44</size>
         <input_file_ref idref="fl-e8"/>
      </object_component>
      <object_component id="oc-2d">
         <name>.text</name>
         <load_address>0x8f10</load_address>
         <run_address>0x8f10</run_address>
         <size>0x40</size>
         <input_file_ref idref="fl-3"/>
      </object_component>
      <object_component id="oc-3f5">
         <name>.text:_fcpy</name>
         <load_address>0x8f50</load_address>
         <run_address>0x8f50</run_address>
         <size>0x3e</size>
         <input_file_ref idref="fl-de"/>
      </object_component>
      <object_component id="oc-1cc">
         <name>.text:sscanf</name>
         <load_address>0x8f90</load_address>
         <run_address>0x8f90</run_address>
         <size>0x38</size>
         <input_file_ref idref="fl-d3"/>
      </object_component>
      <object_component id="oc-65">
         <name>.text:_c_int00_noargs:_c_int00_noargs</name>
         <load_address>0x8fc8</load_address>
         <run_address>0x8fc8</run_address>
         <size>0x34</size>
         <input_file_ref idref="fl-dd"/>
      </object_component>
      <object_component id="oc-23c">
         <name>.text:_outs</name>
         <load_address>0x8ffc</load_address>
         <run_address>0x8ffc</run_address>
         <size>0x30</size>
         <input_file_ref idref="fl-d2"/>
      </object_component>
      <object_component id="oc-3d8">
         <name>.text</name>
         <load_address>0x902c</load_address>
         <run_address>0x902c</run_address>
         <size>0x2e</size>
         <input_file_ref idref="fl-e7"/>
      </object_component>
      <object_component id="oc-10d">
         <name>.text</name>
         <load_address>0x905a</load_address>
         <run_address>0x905a</run_address>
         <size>0x24</size>
         <input_file_ref idref="fl-18"/>
      </object_component>
      <object_component id="oc-31a">
         <name>.text:memccpy</name>
         <load_address>0x907e</load_address>
         <run_address>0x907e</run_address>
         <size>0x1c</size>
         <input_file_ref idref="fl-f0"/>
      </object_component>
      <object_component id="oc-456">
         <name>.text:copysign</name>
         <load_address>0x909a</load_address>
         <run_address>0x909a</run_address>
         <size>0x1a</size>
         <input_file_ref idref="fl-fe"/>
      </object_component>
      <object_component id="oc-242">
         <name>.text:_outc</name>
         <load_address>0x90b4</load_address>
         <run_address>0x90b4</run_address>
         <size>0x18</size>
         <input_file_ref idref="fl-d2"/>
      </object_component>
      <object_component id="oc-291">
         <name>.text</name>
         <load_address>0x90cc</load_address>
         <run_address>0x90cc</run_address>
         <size>0x18</size>
         <input_file_ref idref="fl-d4"/>
      </object_component>
      <object_component id="oc-1a2">
         <name>.text:strcmp</name>
         <load_address>0x90e4</load_address>
         <run_address>0x90e4</run_address>
         <size>0x18</size>
         <input_file_ref idref="fl-dc"/>
      </object_component>
      <object_component id="oc-38f">
         <name>.text:strrchr</name>
         <load_address>0x90fc</load_address>
         <run_address>0x90fc</run_address>
         <size>0x18</size>
         <input_file_ref idref="fl-f4"/>
      </object_component>
      <object_component id="oc-395">
         <name>.text:strchr</name>
         <load_address>0x9114</load_address>
         <run_address>0x9114</run_address>
         <size>0x16</size>
         <input_file_ref idref="fl-f1"/>
      </object_component>
      <object_component id="oc-363">
         <name>.text:strcpy</name>
         <load_address>0x912a</load_address>
         <run_address>0x912a</run_address>
         <size>0x14</size>
         <input_file_ref idref="fl-f2"/>
      </object_component>
      <object_component id="oc-2eb">
         <name>.text:strlen</name>
         <load_address>0x913e</load_address>
         <run_address>0x913e</run_address>
         <size>0x14</size>
         <input_file_ref idref="fl-f3"/>
      </object_component>
      <object_component id="oc-2a4">
         <name>.text:_inpchar</name>
         <load_address>0x9152</load_address>
         <run_address>0x9152</run_address>
         <size>0x12</size>
         <input_file_ref idref="fl-d3"/>
      </object_component>
      <object_component id="oc-320">
         <name>.text:wcslen</name>
         <load_address>0x9164</load_address>
         <run_address>0x9164</run_address>
         <size>0x12</size>
         <input_file_ref idref="fl-fb"/>
      </object_component>
      <object_component id="oc-1b">
         <name>.text:decompress:none:__TI_decompress_none</name>
         <load_address>0x9176</load_address>
         <run_address>0x9176</run_address>
         <size>0xe</size>
         <input_file_ref idref="fl-d9"/>
      </object_component>
      <object_component id="oc-59">
         <name>.text:decompress:ZI:__TI_zero_init</name>
         <load_address>0x9184</load_address>
         <run_address>0x9184</run_address>
         <size>0xc</size>
         <input_file_ref idref="fl-d8"/>
      </object_component>
      <object_component id="oc-27">
         <name>.text</name>
         <load_address>0x9190</load_address>
         <run_address>0x9190</run_address>
         <size>0xc</size>
         <input_file_ref idref="fl-2"/>
      </object_component>
      <object_component id="oc-326">
         <name>.text:__aeabi_errno_addr</name>
         <load_address>0x919c</load_address>
         <run_address>0x919c</run_address>
         <size>0x8</size>
         <input_file_ref idref="fl-fa"/>
      </object_component>
      <object_component id="oc-2aa">
         <name>.text:_uninpchar</name>
         <load_address>0x91a4</load_address>
         <run_address>0x91a4</run_address>
         <size>0x8</size>
         <input_file_ref idref="fl-d3"/>
      </object_component>
      <object_component id="oc-b3">
         <name>.text:_system_pre_init</name>
         <load_address>0x91ac</load_address>
         <run_address>0x91ac</run_address>
         <size>0x4</size>
         <input_file_ref idref="fl-e9"/>
      </object_component>
      <object_component id="oc-120">
         <name>.text:abort:abort</name>
         <load_address>0x91b0</load_address>
         <run_address>0x91b0</run_address>
         <size>0x4</size>
         <input_file_ref idref="fl-eb"/>
      </object_component>
      <object_component id="oc-38c">
         <name>.const:.string:_ctypes_</name>
         <load_address>0x91b8</load_address>
         <run_address>0x91b8</run_address>
         <size>0x101</size>
         <input_file_ref idref="fl-db"/>
      </object_component>
      <object_component id="oc-269">
         <name>.const:.string:BROADCAST_MAC_ADDRESS</name>
         <load_address>0x92b9</load_address>
         <run_address>0x92b9</run_address>
         <size>0x6</size>
         <input_file_ref idref="fl-5"/>
      </object_component>
      <object_component id="oc-42b">
         <name>.const:$O1$$</name>
         <load_address>0x92c0</load_address>
         <run_address>0x92c0</run_address>
         <size>0xc8</size>
         <input_file_ref idref="fl-f5"/>
      </object_component>
      <object_component id="oc-39b">
         <name>.const:$O1$$</name>
         <load_address>0x9388</load_address>
         <run_address>0x9388</run_address>
         <size>0x10</size>
         <input_file_ref idref="fl-df"/>
      </object_component>
      <object_component id="oc-26d">
         <name>.const:.string:BROADCAST_IP_ADDRESS</name>
         <load_address>0x9398</load_address>
         <run_address>0x9398</run_address>
         <size>0x4</size>
         <input_file_ref idref="fl-e"/>
      </object_component>
      <object_component id="oc-263">
         <name>.const:.string:EMPTY_IP_ADDRESS</name>
         <load_address>0x939c</load_address>
         <run_address>0x939c</run_address>
         <size>0x4</size>
         <input_file_ref idref="fl-e"/>
      </object_component>
      <object_component id="oc-4bb">
         <name>.cinit..data.load</name>
         <load_address>0x93a0</load_address>
         <run_address>0x93a0</run_address>
         <size>0x20</size>
      </object_component>
      <object_component id="oc-4b9">
         <name>__TI_handler_table</name>
         <load_address>0x93c0</load_address>
         <run_address>0x93c0</run_address>
         <size>0xc</size>
      </object_component>
      <object_component id="oc-4bc">
         <name>.cinit..bss.load</name>
         <load_address>0x93d0</load_address>
         <run_address>0x93d0</run_address>
         <size>0x8</size>
      </object_component>
      <object_component id="oc-4ba">
         <name>__TI_cinit_table</name>
         <load_address>0x93d8</load_address>
         <run_address>0x93d8</run_address>
         <size>0x10</size>
      </object_component>
      <object_component id="oc-7a">
         <name>.data</name>
         <load_address>0x20001e44</load_address>
         <run_address>0x20001e44</run_address>
         <size>0x4</size>
         <input_file_ref idref="fl-3"/>
      </object_component>
      <object_component id="oc-180">
         <name>.data</name>
         <load_address>0x20001e41</load_address>
         <run_address>0x20001e41</run_address>
         <size>0x3</size>
         <input_file_ref idref="fl-5"/>
      </object_component>
      <object_component id="oc-183">
         <name>.data:hwAddress</name>
         <load_address>0x20001e3b</load_address>
         <run_address>0x20001e3b</run_address>
         <size>0x6</size>
         <input_file_ref idref="fl-5"/>
      </object_component>
      <object_component id="oc-29b">
         <name>.data</name>
         <load_address>0x20001e68</load_address>
         <run_address>0x20001e68</run_address>
         <size>0x4</size>
         <input_file_ref idref="fl-a"/>
      </object_component>
      <object_component id="oc-289">
         <name>.data</name>
         <load_address>0x20001e6c</load_address>
         <run_address>0x20001e6c</run_address>
         <size>0x1</size>
         <input_file_ref idref="fl-b"/>
      </object_component>
      <object_component id="oc-259">
         <name>.data</name>
         <load_address>0x20001e24</load_address>
         <run_address>0x20001e24</run_address>
         <size>0x17</size>
         <input_file_ref idref="fl-c"/>
      </object_component>
      <object_component id="oc-1fd">
         <name>.data:ipAddress</name>
         <load_address>0x20001e48</load_address>
         <run_address>0x20001e48</run_address>
         <size>0x4</size>
         <input_file_ref idref="fl-e"/>
      </object_component>
      <object_component id="oc-200">
         <name>.data:ipSubnetMask</name>
         <load_address>0x20001e58</load_address>
         <run_address>0x20001e58</run_address>
         <size>0x4</size>
         <input_file_ref idref="fl-e"/>
      </object_component>
      <object_component id="oc-203">
         <name>.data:ipGwAddress</name>
         <load_address>0x20001e50</load_address>
         <run_address>0x20001e50</run_address>
         <size>0x4</size>
         <input_file_ref idref="fl-e"/>
      </object_component>
      <object_component id="oc-206">
         <name>.data:ipDnsAddress</name>
         <load_address>0x20001e4c</load_address>
         <run_address>0x20001e4c</run_address>
         <size>0x4</size>
         <input_file_ref idref="fl-e"/>
      </object_component>
      <object_component id="oc-209">
         <name>.data:ipTimeServerAddress</name>
         <load_address>0x20001e5c</load_address>
         <run_address>0x20001e5c</run_address>
         <size>0x4</size>
         <input_file_ref idref="fl-e"/>
      </object_component>
      <object_component id="oc-20c">
         <name>.data:ipMqttBrokerAddress</name>
         <load_address>0x20001e54</load_address>
         <run_address>0x20001e54</run_address>
         <size>0x4</size>
         <input_file_ref idref="fl-e"/>
      </object_component>
      <object_component id="oc-1c4">
         <name>.data</name>
         <load_address>0x20001e6d</load_address>
         <run_address>0x20001e6d</run_address>
         <size>0x1</size>
         <input_file_ref idref="fl-f"/>
      </object_component>
      <object_component id="oc-176">
         <name>.data</name>
         <load_address>0x20001e6f</load_address>
         <run_address>0x20001e6f</run_address>
         <size>0x1</size>
         <input_file_ref idref="fl-10"/>
      </object_component>
      <object_component id="oc-1b5">
         <name>.data</name>
         <load_address>0x20001e60</load_address>
         <run_address>0x20001e60</run_address>
         <size>0x4</size>
         <input_file_ref idref="fl-15"/>
      </object_component>
      <object_component id="oc-1d2">
         <name>.data</name>
         <load_address>0x20001e6e</load_address>
         <run_address>0x20001e6e</run_address>
         <size>0x1</size>
         <input_file_ref idref="fl-17"/>
      </object_component>
      <object_component id="oc-413">
         <name>.data</name>
         <load_address>0x20001e64</load_address>
         <run_address>0x20001e64</run_address>
         <size>0x4</size>
         <input_file_ref idref="fl-fa"/>
      </object_component>
      <object_component id="oc-268">
         <name>.bss</name>
         <uninitialized>true</uninitialized>
         <run_address>0x20001e0c</run_address>
         <size>0x4</size>
         <input_file_ref idref="fl-c"/>
      </object_component>
      <object_component id="oc-83">
         <name>.common:timers</name>
         <uninitialized>true</uninitialized>
         <run_address>0x20001820</run_address>
         <size>0x1f4</size>
      </object_component>
      <object_component id="oc-28c">
         <name>.common:arpTable</name>
         <uninitialized>true</uninitialized>
         <run_address>0x20001c78</run_address>
         <size>0xdc</size>
      </object_component>
      <object_component id="oc-266">
         <name>.common:dhcpOfferedIpAdd</name>
         <uninitialized>true</uninitialized>
         <run_address>0x20001e10</run_address>
         <size>0x4</size>
      </object_component>
      <object_component id="oc-26c">
         <name>.common:dhcpServerIpAdd</name>
         <uninitialized>true</uninitialized>
         <run_address>0x20001e14</run_address>
         <size>0x4</size>
      </object_component>
      <object_component id="oc-25c">
         <name>.common:t1PeriodicTimer</name>
         <uninitialized>true</uninitialized>
         <run_address>0x20001e21</run_address>
         <size>0x1</size>
      </object_component>
      <object_component id="oc-260">
         <name>.common:t1HitTimer</name>
         <uninitialized>true</uninitialized>
         <run_address>0x20001e20</run_address>
         <size>0x1</size>
      </object_component>
      <object_component id="oc-25f">
         <name>.common:t2PeriodicTimer</name>
         <uninitialized>true</uninitialized>
         <run_address>0x20001e23</run_address>
         <size>0x1</size>
      </object_component>
      <object_component id="oc-261">
         <name>.common:t2HitTimer</name>
         <uninitialized>true</uninitialized>
         <run_address>0x20001e22</run_address>
         <size>0x1</size>
      </object_component>
      <object_component id="oc-262">
         <name>.common:leaseEndTimer</name>
         <uninitialized>true</uninitialized>
         <run_address>0x20001e1d</run_address>
         <size>0x1</size>
      </object_component>
      <object_component id="oc-267">
         <name>.common:arpTestTimer</name>
         <uninitialized>true</uninitialized>
         <run_address>0x20001e1c</run_address>
         <size>0x1</size>
      </object_component>
      <object_component id="oc-270">
         <name>.common:releaseTimer</name>
         <uninitialized>true</uninitialized>
         <run_address>0x20001e1f</run_address>
         <size>0x1</size>
      </object_component>
      <object_component id="oc-271">
         <name>.common:newAddTimer</name>
         <uninitialized>true</uninitialized>
         <run_address>0x20001e1e</run_address>
         <size>0x1</size>
      </object_component>
      <object_component id="oc-1c3">
         <name>.common:mqclient</name>
         <uninitialized>true</uninitialized>
         <run_address>0x20001a14</run_address>
         <size>0x164</size>
      </object_component>
      <object_component id="oc-1c5">
         <name>.common:mqttBuffer</name>
         <uninitialized>true</uninitialized>
         <run_address>0x20001b78</run_address>
         <size>0x100</size>
      </object_component>
      <object_component id="oc-173">
         <name>.common:sockets</name>
         <uninitialized>true</uninitialized>
         <run_address>0x200015f0</run_address>
         <size>0x230</size>
      </object_component>
      <object_component id="oc-19b">
         <name>.common:out</name>
         <uninitialized>true</uninitialized>
         <run_address>0x20001d54</run_address>
         <size>0x64</size>
      </object_component>
      <object_component id="oc-290">
         <name>.common:buffer</name>
         <uninitialized>true</uninitialized>
         <run_address>0x20001000</run_address>
         <size>0x5f0</size>
      </object_component>
      <object_component id="oc-1b4">
         <name>.common:udpData</name>
         <uninitialized>true</uninitialized>
         <run_address>0x20001e18</run_address>
         <size>0x4</size>
      </object_component>
      <object_component id="oc-1d5">
         <name>.common:strInput</name>
         <uninitialized>true</uninitialized>
         <run_address>0x20001db8</run_address>
         <size>0x54</size>
      </object_component>
      <object_component id="oc-24">
         <name>.stack</name>
         <uninitialized>true</uninitialized>
         <run_address>0x20000000</run_address>
         <size>0x4</size>
         <input_file_ref idref="fl-dd"/>
      </object_component>
      <object_component id="oc-4be">
         <name>.stack</name>
         <uninitialized>true</uninitialized>
         <run_address>0x20000000</run_address>
         <size>0x0</size>
      </object_component>
      <object_component id="oc-3b">
         <name>.debug_info</name>
         <load_address>0x0</load_address>
         <run_address>0x0</run_address>
         <size>0x2d7</size>
         <input_file_ref idref="fl-2"/>
      </object_component>
      <object_component id="oc-13">
         <name>.debug_info</name>
         <load_address>0x2d7</load_address>
         <run_address>0x2d7</run_address>
         <size>0xe4</size>
         <input_file_ref idref="fl-2"/>
      </object_component>
      <object_component id="oc-28">
         <name>.debug_info</name>
         <load_address>0x3bb</load_address>
         <run_address>0x3bb</run_address>
         <size>0x288</size>
         <input_file_ref idref="fl-2"/>
      </object_component>
      <object_component id="oc-93">
         <name>.debug_info</name>
         <load_address>0x643</load_address>
         <run_address>0x643</run_address>
         <size>0x26b</size>
         <input_file_ref idref="fl-2"/>
      </object_component>
      <object_component id="oc-42">
         <name>.debug_info</name>
         <load_address>0x8ae</load_address>
         <run_address>0x8ae</run_address>
         <size>0x84</size>
         <input_file_ref idref="fl-2"/>
      </object_component>
      <object_component id="oc-cd">
         <name>.debug_info</name>
         <load_address>0x932</load_address>
         <run_address>0x932</run_address>
         <size>0x2a4</size>
         <input_file_ref idref="fl-2"/>
      </object_component>
      <object_component id="oc-7e">
         <name>.debug_info</name>
         <load_address>0xbd6</load_address>
         <run_address>0xbd6</run_address>
         <size>0xbb</size>
         <input_file_ref idref="fl-2"/>
      </object_component>
      <object_component id="oc-7b">
         <name>.debug_info</name>
         <load_address>0xc91</load_address>
         <run_address>0xc91</run_address>
         <size>0xca</size>
         <input_file_ref idref="fl-3"/>
      </object_component>
      <object_component id="oc-2f">
         <name>.debug_info</name>
         <load_address>0xd5b</load_address>
         <run_address>0xd5b</run_address>
         <size>0x235</size>
         <input_file_ref idref="fl-3"/>
      </object_component>
      <object_component id="oc-102">
         <name>.debug_info</name>
         <load_address>0xf90</load_address>
         <run_address>0xf90</run_address>
         <size>0x22c</size>
         <input_file_ref idref="fl-4"/>
      </object_component>
      <object_component id="oc-187">
         <name>.debug_info</name>
         <load_address>0x11bc</load_address>
         <run_address>0x11bc</run_address>
         <size>0x477</size>
         <input_file_ref idref="fl-5"/>
      </object_component>
      <object_component id="oc-26a">
         <name>.debug_info</name>
         <load_address>0x1633</load_address>
         <run_address>0x1633</run_address>
         <size>0xe5</size>
         <input_file_ref idref="fl-5"/>
      </object_component>
      <object_component id="oc-181">
         <name>.debug_info</name>
         <load_address>0x1718</load_address>
         <run_address>0x1718</run_address>
         <size>0x125</size>
         <input_file_ref idref="fl-5"/>
      </object_component>
      <object_component id="oc-184">
         <name>.debug_info</name>
         <load_address>0x183d</load_address>
         <run_address>0x183d</run_address>
         <size>0xcd</size>
         <input_file_ref idref="fl-5"/>
      </object_component>
      <object_component id="oc-fc">
         <name>.debug_info</name>
         <load_address>0x190a</load_address>
         <run_address>0x190a</run_address>
         <size>0x1ba4</size>
         <input_file_ref idref="fl-5"/>
      </object_component>
      <object_component id="oc-15f">
         <name>.debug_info</name>
         <load_address>0x34ae</load_address>
         <run_address>0x34ae</run_address>
         <size>0x88</size>
         <input_file_ref idref="fl-5"/>
      </object_component>
      <object_component id="oc-8c">
         <name>.debug_info</name>
         <load_address>0x3536</load_address>
         <run_address>0x3536</run_address>
         <size>0x8b</size>
         <input_file_ref idref="fl-5"/>
      </object_component>
      <object_component id="oc-219">
         <name>.debug_info</name>
         <load_address>0x35c1</load_address>
         <run_address>0x35c1</run_address>
         <size>0xe1</size>
         <input_file_ref idref="fl-5"/>
      </object_component>
      <object_component id="oc-164">
         <name>.debug_info</name>
         <load_address>0x36a2</load_address>
         <run_address>0x36a2</run_address>
         <size>0x261</size>
         <input_file_ref idref="fl-6"/>
      </object_component>
      <object_component id="oc-eb">
         <name>.debug_info</name>
         <load_address>0x3903</load_address>
         <run_address>0x3903</run_address>
         <size>0x1271</size>
         <input_file_ref idref="fl-6"/>
      </object_component>
      <object_component id="oc-17b">
         <name>.debug_info</name>
         <load_address>0x4b74</load_address>
         <run_address>0x4b74</run_address>
         <size>0x49e</size>
         <input_file_ref idref="fl-7"/>
      </object_component>
      <object_component id="oc-84">
         <name>.debug_info</name>
         <load_address>0x5012</load_address>
         <run_address>0x5012</run_address>
         <size>0x2c3</size>
         <input_file_ref idref="fl-8"/>
      </object_component>
      <object_component id="oc-35">
         <name>.debug_info</name>
         <load_address>0x52d5</load_address>
         <run_address>0x52d5</run_address>
         <size>0x45d</size>
         <input_file_ref idref="fl-8"/>
      </object_component>
      <object_component id="oc-d4">
         <name>.debug_info</name>
         <load_address>0x5732</load_address>
         <run_address>0x5732</run_address>
         <size>0xae</size>
         <input_file_ref idref="fl-8"/>
      </object_component>
      <object_component id="oc-87">
         <name>.debug_info</name>
         <load_address>0x57e0</load_address>
         <run_address>0x57e0</run_address>
         <size>0x2c</size>
         <input_file_ref idref="fl-8"/>
      </object_component>
      <object_component id="oc-166">
         <name>.debug_info</name>
         <load_address>0x580c</load_address>
         <run_address>0x580c</run_address>
         <size>0x347</size>
         <input_file_ref idref="fl-9"/>
      </object_component>
      <object_component id="oc-f1">
         <name>.debug_info</name>
         <load_address>0x5b53</load_address>
         <run_address>0x5b53</run_address>
         <size>0x420</size>
         <input_file_ref idref="fl-9"/>
      </object_component>
      <object_component id="oc-29d">
         <name>.debug_info</name>
         <load_address>0x5f73</load_address>
         <run_address>0x5f73</run_address>
         <size>0x27a</size>
         <input_file_ref idref="fl-a"/>
      </object_component>
      <object_component id="oc-1be">
         <name>.debug_info</name>
         <load_address>0x61ed</load_address>
         <run_address>0x61ed</run_address>
         <size>0x814</size>
         <input_file_ref idref="fl-a"/>
      </object_component>
      <object_component id="oc-27c">
         <name>.debug_info</name>
         <load_address>0x6a01</load_address>
         <run_address>0x6a01</run_address>
         <size>0xcc</size>
         <input_file_ref idref="fl-a"/>
      </object_component>
      <object_component id="oc-254">
         <name>.debug_info</name>
         <load_address>0x6acd</load_address>
         <run_address>0x6acd</run_address>
         <size>0x2c</size>
         <input_file_ref idref="fl-a"/>
      </object_component>
      <object_component id="oc-28d">
         <name>.debug_info</name>
         <load_address>0x6af9</load_address>
         <run_address>0x6af9</run_address>
         <size>0x420</size>
         <input_file_ref idref="fl-b"/>
      </object_component>
      <object_component id="oc-28a">
         <name>.debug_info</name>
         <load_address>0x6f19</load_address>
         <run_address>0x6f19</run_address>
         <size>0xd5</size>
         <input_file_ref idref="fl-b"/>
      </object_component>
      <object_component id="oc-1af">
         <name>.debug_info</name>
         <load_address>0x6fee</load_address>
         <run_address>0x6fee</run_address>
         <size>0x7d7</size>
         <input_file_ref idref="fl-b"/>
      </object_component>
      <object_component id="oc-214">
         <name>.debug_info</name>
         <load_address>0x77c5</load_address>
         <run_address>0x77c5</run_address>
         <size>0x141</size>
         <input_file_ref idref="fl-b"/>
      </object_component>
      <object_component id="oc-21e">
         <name>.debug_info</name>
         <load_address>0x7906</load_address>
         <run_address>0x7906</run_address>
         <size>0x12e</size>
         <input_file_ref idref="fl-b"/>
      </object_component>
      <object_component id="oc-25d">
         <name>.debug_info</name>
         <load_address>0x7a34</load_address>
         <run_address>0x7a34</run_address>
         <size>0x9ed</size>
         <input_file_ref idref="fl-c"/>
      </object_component>
      <object_component id="oc-25a">
         <name>.debug_info</name>
         <load_address>0x8421</load_address>
         <run_address>0x8421</run_address>
         <size>0x262</size>
         <input_file_ref idref="fl-c"/>
      </object_component>
      <object_component id="oc-192">
         <name>.debug_info</name>
         <load_address>0x8683</load_address>
         <run_address>0x8683</run_address>
         <size>0x2534</size>
         <input_file_ref idref="fl-c"/>
      </object_component>
      <object_component id="oc-340">
         <name>.debug_info</name>
         <load_address>0xabb7</load_address>
         <run_address>0xabb7</run_address>
         <size>0x1bf</size>
         <input_file_ref idref="fl-c"/>
      </object_component>
      <object_component id="oc-1b7">
         <name>.debug_info</name>
         <load_address>0xad76</load_address>
         <run_address>0xad76</run_address>
         <size>0x1d1</size>
         <input_file_ref idref="fl-c"/>
      </object_component>
      <object_component id="oc-228">
         <name>.debug_info</name>
         <load_address>0xaf47</load_address>
         <run_address>0xaf47</run_address>
         <size>0x9e</size>
         <input_file_ref idref="fl-c"/>
      </object_component>
      <object_component id="oc-288">
         <name>.debug_info</name>
         <load_address>0xafe5</load_address>
         <run_address>0xafe5</run_address>
         <size>0x35c</size>
         <input_file_ref idref="fl-d"/>
      </object_component>
      <object_component id="oc-1aa">
         <name>.debug_info</name>
         <load_address>0xb341</load_address>
         <run_address>0xb341</run_address>
         <size>0x3ae</size>
         <input_file_ref idref="fl-d"/>
      </object_component>
      <object_component id="oc-351">
         <name>.debug_info</name>
         <load_address>0xb6ef</load_address>
         <run_address>0xb6ef</run_address>
         <size>0xb2</size>
         <input_file_ref idref="fl-d"/>
      </object_component>
      <object_component id="oc-210">
         <name>.debug_info</name>
         <load_address>0xb7a1</load_address>
         <run_address>0xb7a1</run_address>
         <size>0x2d6</size>
         <input_file_ref idref="fl-e"/>
      </object_component>
      <object_component id="oc-264">
         <name>.debug_info</name>
         <load_address>0xba77</load_address>
         <run_address>0xba77</run_address>
         <size>0xdc</size>
         <input_file_ref idref="fl-e"/>
      </object_component>
      <object_component id="oc-26e">
         <name>.debug_info</name>
         <load_address>0xbb53</load_address>
         <run_address>0xbb53</run_address>
         <size>0xe4</size>
         <input_file_ref idref="fl-e"/>
      </object_component>
      <object_component id="oc-1fe">
         <name>.debug_info</name>
         <load_address>0xbc37</load_address>
         <run_address>0xbc37</run_address>
         <size>0xce</size>
         <input_file_ref idref="fl-e"/>
      </object_component>
      <object_component id="oc-201">
         <name>.debug_info</name>
         <load_address>0xbd05</load_address>
         <run_address>0xbd05</run_address>
         <size>0xd4</size>
         <input_file_ref idref="fl-e"/>
      </object_component>
      <object_component id="oc-204">
         <name>.debug_info</name>
         <load_address>0xbdd9</load_address>
         <run_address>0xbdd9</run_address>
         <size>0xd2</size>
         <input_file_ref idref="fl-e"/>
      </object_component>
      <object_component id="oc-207">
         <name>.debug_info</name>
         <load_address>0xbeab</load_address>
         <run_address>0xbeab</run_address>
         <size>0xd4</size>
         <input_file_ref idref="fl-e"/>
      </object_component>
      <object_component id="oc-20a">
         <name>.debug_info</name>
         <load_address>0xbf7f</load_address>
         <run_address>0xbf7f</run_address>
         <size>0xe2</size>
         <input_file_ref idref="fl-e"/>
      </object_component>
      <object_component id="oc-20d">
         <name>.debug_info</name>
         <load_address>0xc061</load_address>
         <run_address>0xc061</run_address>
         <size>0xe2</size>
         <input_file_ref idref="fl-e"/>
      </object_component>
      <object_component id="oc-168">
         <name>.debug_info</name>
         <load_address>0xc143</load_address>
         <run_address>0xc143</run_address>
         <size>0xf93</size>
         <input_file_ref idref="fl-e"/>
      </object_component>
      <object_component id="oc-19c">
         <name>.debug_info</name>
         <load_address>0xd0d6</load_address>
         <run_address>0xd0d6</run_address>
         <size>0x5fe</size>
         <input_file_ref idref="fl-f"/>
      </object_component>
      <object_component id="oc-114">
         <name>.debug_info</name>
         <load_address>0xd6d4</load_address>
         <run_address>0xd6d4</run_address>
         <size>0x1225</size>
         <input_file_ref idref="fl-f"/>
      </object_component>
      <object_component id="oc-1c7">
         <name>.debug_info</name>
         <load_address>0xe8f9</load_address>
         <run_address>0xe8f9</run_address>
         <size>0x18b</size>
         <input_file_ref idref="fl-f"/>
      </object_component>
      <object_component id="oc-223">
         <name>.debug_info</name>
         <load_address>0xea84</load_address>
         <run_address>0xea84</run_address>
         <size>0xee</size>
         <input_file_ref idref="fl-f"/>
      </object_component>
      <object_component id="oc-277">
         <name>.debug_info</name>
         <load_address>0xeb72</load_address>
         <run_address>0xeb72</run_address>
         <size>0x35</size>
         <input_file_ref idref="fl-f"/>
      </object_component>
      <object_component id="oc-174">
         <name>.debug_info</name>
         <load_address>0xeba7</load_address>
         <run_address>0xeba7</run_address>
         <size>0x427</size>
         <input_file_ref idref="fl-10"/>
      </object_component>
      <object_component id="oc-177">
         <name>.debug_info</name>
         <load_address>0xefce</load_address>
         <run_address>0xefce</run_address>
         <size>0xd6</size>
         <input_file_ref idref="fl-10"/>
      </object_component>
      <object_component id="oc-f6">
         <name>.debug_info</name>
         <load_address>0xf0a4</load_address>
         <run_address>0xf0a4</run_address>
         <size>0xbf6</size>
         <input_file_ref idref="fl-10"/>
      </object_component>
      <object_component id="oc-19e">
         <name>.debug_info</name>
         <load_address>0xfc9a</load_address>
         <run_address>0xfc9a</run_address>
         <size>0x7c4</size>
         <input_file_ref idref="fl-11"/>
      </object_component>
      <object_component id="oc-16f">
         <name>.debug_info</name>
         <load_address>0x1045e</load_address>
         <run_address>0x1045e</run_address>
         <size>0x1f9f</size>
         <input_file_ref idref="fl-11"/>
      </object_component>
      <object_component id="oc-274">
         <name>.debug_info</name>
         <load_address>0x123fd</load_address>
         <run_address>0x123fd</run_address>
         <size>0x40f</size>
         <input_file_ref idref="fl-12"/>
      </object_component>
      <object_component id="oc-196">
         <name>.debug_info</name>
         <load_address>0x1280c</load_address>
         <run_address>0x1280c</run_address>
         <size>0x624</size>
         <input_file_ref idref="fl-12"/>
      </object_component>
      <object_component id="oc-bc">
         <name>.debug_info</name>
         <load_address>0x12e30</load_address>
         <run_address>0x12e30</run_address>
         <size>0x35a</size>
         <input_file_ref idref="fl-13"/>
      </object_component>
      <object_component id="oc-1a0">
         <name>.debug_info</name>
         <load_address>0x1318a</load_address>
         <run_address>0x1318a</run_address>
         <size>0xc80</size>
         <input_file_ref idref="fl-15"/>
      </object_component>
      <object_component id="oc-109">
         <name>.debug_info</name>
         <load_address>0x13e0a</load_address>
         <run_address>0x13e0a</run_address>
         <size>0xbf7</size>
         <input_file_ref idref="fl-15"/>
      </object_component>
      <object_component id="oc-e0">
         <name>.debug_info</name>
         <load_address>0x14a01</load_address>
         <run_address>0x14a01</run_address>
         <size>0x2c</size>
         <input_file_ref idref="fl-15"/>
      </object_component>
      <object_component id="oc-1d6">
         <name>.debug_info</name>
         <load_address>0x14a2d</load_address>
         <run_address>0x14a2d</run_address>
         <size>0x990</size>
         <input_file_ref idref="fl-17"/>
      </object_component>
      <object_component id="oc-1d3">
         <name>.debug_info</name>
         <load_address>0x153bd</load_address>
         <run_address>0x153bd</run_address>
         <size>0xc2</size>
         <input_file_ref idref="fl-17"/>
      </object_component>
      <object_component id="oc-11a">
         <name>.debug_info</name>
         <load_address>0x1547f</load_address>
         <run_address>0x1547f</run_address>
         <size>0xc8a</size>
         <input_file_ref idref="fl-17"/>
      </object_component>
      <object_component id="oc-10e">
         <name>.debug_info</name>
         <load_address>0x16109</load_address>
         <run_address>0x16109</run_address>
         <size>0x122</size>
         <input_file_ref idref="fl-18"/>
      </object_component>
      <object_component id="oc-249">
         <name>.debug_info</name>
         <load_address>0x1622b</load_address>
         <run_address>0x1622b</run_address>
         <size>0x33a</size>
         <input_file_ref idref="fl-d2"/>
      </object_component>
      <object_component id="oc-18d">
         <name>.debug_info</name>
         <load_address>0x16565</load_address>
         <run_address>0x16565</run_address>
         <size>0x1ee</size>
         <input_file_ref idref="fl-d2"/>
      </object_component>
      <object_component id="oc-23d">
         <name>.debug_info</name>
         <load_address>0x16753</load_address>
         <run_address>0x16753</run_address>
         <size>0x1c3</size>
         <input_file_ref idref="fl-d2"/>
      </object_component>
      <object_component id="oc-246">
         <name>.debug_info</name>
         <load_address>0x16916</load_address>
         <run_address>0x16916</run_address>
         <size>0x176</size>
         <input_file_ref idref="fl-d2"/>
      </object_component>
      <object_component id="oc-24a">
         <name>.debug_info</name>
         <load_address>0x16a8c</load_address>
         <run_address>0x16a8c</run_address>
         <size>0x2c</size>
         <input_file_ref idref="fl-d2"/>
      </object_component>
      <object_component id="oc-24f">
         <name>.debug_info</name>
         <load_address>0x16ab8</load_address>
         <run_address>0x16ab8</run_address>
         <size>0x69</size>
         <input_file_ref idref="fl-d2"/>
      </object_component>
      <object_component id="oc-2b7">
         <name>.debug_info</name>
         <load_address>0x16b21</load_address>
         <run_address>0x16b21</run_address>
         <size>0x37a</size>
         <input_file_ref idref="fl-d3"/>
      </object_component>
      <object_component id="oc-1ce">
         <name>.debug_info</name>
         <load_address>0x16e9b</load_address>
         <run_address>0x16e9b</run_address>
         <size>0x17e</size>
         <input_file_ref idref="fl-d3"/>
      </object_component>
      <object_component id="oc-2ab">
         <name>.debug_info</name>
         <load_address>0x17019</load_address>
         <run_address>0x17019</run_address>
         <size>0x171</size>
         <input_file_ref idref="fl-d3"/>
      </object_component>
      <object_component id="oc-2a5">
         <name>.debug_info</name>
         <load_address>0x1718a</load_address>
         <run_address>0x1718a</run_address>
         <size>0x17e</size>
         <input_file_ref idref="fl-d3"/>
      </object_component>
      <object_component id="oc-2b1">
         <name>.debug_info</name>
         <load_address>0x17308</load_address>
         <run_address>0x17308</run_address>
         <size>0x1de</size>
         <input_file_ref idref="fl-d3"/>
      </object_component>
      <object_component id="oc-292">
         <name>.debug_info</name>
         <load_address>0x174e6</load_address>
         <run_address>0x174e6</run_address>
         <size>0x122</size>
         <input_file_ref idref="fl-d4"/>
      </object_component>
      <object_component id="oc-49">
         <name>.debug_info</name>
         <load_address>0x17608</load_address>
         <run_address>0x17608</run_address>
         <size>0x119</size>
         <input_file_ref idref="fl-d5"/>
      </object_component>
      <object_component id="oc-ae">
         <name>.debug_info</name>
         <load_address>0x17721</load_address>
         <run_address>0x17721</run_address>
         <size>0x147</size>
         <input_file_ref idref="fl-d6"/>
      </object_component>
      <object_component id="oc-298">
         <name>.debug_info</name>
         <load_address>0x17868</load_address>
         <run_address>0x17868</run_address>
         <size>0x134</size>
         <input_file_ref idref="fl-d7"/>
      </object_component>
      <object_component id="oc-ac">
         <name>.debug_info</name>
         <load_address>0x1799c</load_address>
         <run_address>0x1799c</run_address>
         <size>0x2d4</size>
         <input_file_ref idref="fl-d8"/>
      </object_component>
      <object_component id="oc-5c">
         <name>.debug_info</name>
         <load_address>0x17c70</load_address>
         <run_address>0x17c70</run_address>
         <size>0x1b5</size>
         <input_file_ref idref="fl-d8"/>
      </object_component>
      <object_component id="oc-a7">
         <name>.debug_info</name>
         <load_address>0x17e25</load_address>
         <run_address>0x17e25</run_address>
         <size>0x46</size>
         <input_file_ref idref="fl-d8"/>
      </object_component>
      <object_component id="oc-52">
         <name>.debug_info</name>
         <load_address>0x17e6b</load_address>
         <run_address>0x17e6b</run_address>
         <size>0x2a8</size>
         <input_file_ref idref="fl-d9"/>
      </object_component>
      <object_component id="oc-1c">
         <name>.debug_info</name>
         <load_address>0x18113</load_address>
         <run_address>0x18113</run_address>
         <size>0x1ea</size>
         <input_file_ref idref="fl-d9"/>
      </object_component>
      <object_component id="oc-4d">
         <name>.debug_info</name>
         <load_address>0x182fd</load_address>
         <run_address>0x182fd</run_address>
         <size>0x46</size>
         <input_file_ref idref="fl-d9"/>
      </object_component>
      <object_component id="oc-9f">
         <name>.debug_info</name>
         <load_address>0x18343</load_address>
         <run_address>0x18343</run_address>
         <size>0x2c</size>
         <input_file_ref idref="fl-d9"/>
      </object_component>
      <object_component id="oc-9d">
         <name>.debug_info</name>
         <load_address>0x1836f</load_address>
         <run_address>0x1836f</run_address>
         <size>0x29e</size>
         <input_file_ref idref="fl-da"/>
      </object_component>
      <object_component id="oc-19">
         <name>.debug_info</name>
         <load_address>0x1860d</load_address>
         <run_address>0x1860d</run_address>
         <size>0x250</size>
         <input_file_ref idref="fl-da"/>
      </object_component>
      <object_component id="oc-3d">
         <name>.debug_info</name>
         <load_address>0x1885d</load_address>
         <run_address>0x1885d</run_address>
         <size>0x60</size>
         <input_file_ref idref="fl-da"/>
      </object_component>
      <object_component id="oc-d9">
         <name>.debug_info</name>
         <load_address>0x188bd</load_address>
         <run_address>0x188bd</run_address>
         <size>0x46</size>
         <input_file_ref idref="fl-da"/>
      </object_component>
      <object_component id="oc-98">
         <name>.debug_info</name>
         <load_address>0x18903</load_address>
         <run_address>0x18903</run_address>
         <size>0x39</size>
         <input_file_ref idref="fl-da"/>
      </object_component>
      <object_component id="oc-438">
         <name>.debug_info</name>
         <load_address>0x1893c</load_address>
         <run_address>0x1893c</run_address>
         <size>0xf9</size>
         <input_file_ref idref="fl-db"/>
      </object_component>
      <object_component id="oc-38d">
         <name>.debug_info</name>
         <load_address>0x18a35</load_address>
         <run_address>0x18a35</run_address>
         <size>0x105</size>
         <input_file_ref idref="fl-db"/>
      </object_component>
      <object_component id="oc-286">
         <name>.debug_info</name>
         <load_address>0x18b3a</load_address>
         <run_address>0x18b3a</run_address>
         <size>0x28a</size>
         <input_file_ref idref="fl-dc"/>
      </object_component>
      <object_component id="oc-1a4">
         <name>.debug_info</name>
         <load_address>0x18dc4</load_address>
         <run_address>0x18dc4</run_address>
         <size>0x273</size>
         <input_file_ref idref="fl-dc"/>
      </object_component>
      <object_component id="oc-25">
         <name>.debug_info</name>
         <load_address>0x19037</load_address>
         <run_address>0x19037</run_address>
         <size>0x10b</size>
         <input_file_ref idref="fl-dd"/>
      </object_component>
      <object_component id="oc-68">
         <name>.debug_info</name>
         <load_address>0x19142</load_address>
         <run_address>0x19142</run_address>
         <size>0x1a9</size>
         <input_file_ref idref="fl-dd"/>
      </object_component>
      <object_component id="oc-32d">
         <name>.debug_info</name>
         <load_address>0x192eb</load_address>
         <run_address>0x192eb</run_address>
         <size>0x590</size>
         <input_file_ref idref="fl-de"/>
      </object_component>
      <object_component id="oc-2f9">
         <name>.debug_info</name>
         <load_address>0x1987b</load_address>
         <run_address>0x1987b</run_address>
         <size>0x21e</size>
         <input_file_ref idref="fl-de"/>
      </object_component>
      <object_component id="oc-3e4">
         <name>.debug_info</name>
         <load_address>0x19a99</load_address>
         <run_address>0x19a99</run_address>
         <size>0x1b3</size>
         <input_file_ref idref="fl-de"/>
      </object_component>
      <object_component id="oc-3ea">
         <name>.debug_info</name>
         <load_address>0x19c4c</load_address>
         <run_address>0x19c4c</run_address>
         <size>0x21b</size>
         <input_file_ref idref="fl-de"/>
      </object_component>
      <object_component id="oc-304">
         <name>.debug_info</name>
         <load_address>0x19e67</load_address>
         <run_address>0x19e67</run_address>
         <size>0x3c0</size>
         <input_file_ref idref="fl-de"/>
      </object_component>
      <object_component id="oc-3f1">
         <name>.debug_info</name>
         <load_address>0x1a227</load_address>
         <run_address>0x1a227</run_address>
         <size>0x30a</size>
         <input_file_ref idref="fl-de"/>
      </object_component>
      <object_component id="oc-3f7">
         <name>.debug_info</name>
         <load_address>0x1a531</load_address>
         <run_address>0x1a531</run_address>
         <size>0x215</size>
         <input_file_ref idref="fl-de"/>
      </object_component>
      <object_component id="oc-30a">
         <name>.debug_info</name>
         <load_address>0x1a746</load_address>
         <run_address>0x1a746</run_address>
         <size>0x215</size>
         <input_file_ref idref="fl-de"/>
      </object_component>
      <object_component id="oc-310">
         <name>.debug_info</name>
         <load_address>0x1a95b</load_address>
         <run_address>0x1a95b</run_address>
         <size>0x304</size>
         <input_file_ref idref="fl-de"/>
      </object_component>
      <object_component id="oc-316">
         <name>.debug_info</name>
         <load_address>0x1ac5f</load_address>
         <run_address>0x1ac5f</run_address>
         <size>0x4b5</size>
         <input_file_ref idref="fl-de"/>
      </object_component>
      <object_component id="oc-238">
         <name>.debug_info</name>
         <load_address>0x1b114</load_address>
         <run_address>0x1b114</run_address>
         <size>0x5f4</size>
         <input_file_ref idref="fl-de"/>
      </object_component>
      <object_component id="oc-32e">
         <name>.debug_info</name>
         <load_address>0x1b708</load_address>
         <run_address>0x1b708</run_address>
         <size>0x86</size>
         <input_file_ref idref="fl-de"/>
      </object_component>
      <object_component id="oc-41a">
         <name>.debug_info</name>
         <load_address>0x1b78e</load_address>
         <run_address>0x1b78e</run_address>
         <size>0x39</size>
         <input_file_ref idref="fl-de"/>
      </object_component>
      <object_component id="oc-46b">
         <name>.debug_info</name>
         <load_address>0x1b7c7</load_address>
         <run_address>0x1b7c7</run_address>
         <size>0xb6</size>
         <input_file_ref idref="fl-de"/>
      </object_component>
      <object_component id="oc-41f">
         <name>.debug_info</name>
         <load_address>0x1b87d</load_address>
         <run_address>0x1b87d</run_address>
         <size>0x46</size>
         <input_file_ref idref="fl-de"/>
      </object_component>
      <object_component id="oc-333">
         <name>.debug_info</name>
         <load_address>0x1b8c3</load_address>
         <run_address>0x1b8c3</run_address>
         <size>0x46</size>
         <input_file_ref idref="fl-de"/>
      </object_component>
      <object_component id="oc-39d">
         <name>.debug_info</name>
         <load_address>0x1b909</load_address>
         <run_address>0x1b909</run_address>
         <size>0x5ce</size>
         <input_file_ref idref="fl-df"/>
      </object_component>
      <object_component id="oc-2a0">
         <name>.debug_info</name>
         <load_address>0x1bed7</load_address>
         <run_address>0x1bed7</run_address>
         <size>0xa45</size>
         <input_file_ref idref="fl-df"/>
      </object_component>
      <object_component id="oc-39f">
         <name>.debug_info</name>
         <load_address>0x1c91c</load_address>
         <run_address>0x1c91c</run_address>
         <size>0x9a</size>
         <input_file_ref idref="fl-df"/>
      </object_component>
      <object_component id="oc-35e">
         <name>.debug_info</name>
         <load_address>0x1c9b6</load_address>
[...]
      </symbol>
      <symbol id="sm-5b8">
         <name>getSocketInfoFromArpResponse</name>
         <value>0x5ddf</value>
         <object_component_ref idref="oc-f5"/>
      </symbol>
      <symbol id="sm-5b9">
         <name>socketConnectTcp</name>
         <value>0x5cfd</value>
         <object_component_ref idref="oc-f5"/>
      </symbol>
      <symbol id="sm-5ba">
         <name>socketConnectUdp</name>
         <value>0x5cf7</value>
         <object_component_ref idref="oc-f5"/>
      </symbol>
      <symbol id="sm-5bb">
         <name>socketSendTo</name>
         <value>0x5cf9</value>
         <object_component_ref idref="oc-f5"/>
      </symbol>
      <symbol id="sm-5bc">
         <name>initSockets</name>
         <value>0x5b71</value>
         <object_component_ref idref="oc-f5"/>
      </symbol>
      <symbol id="sm-5bd">
         <name>newSocket</name>
         <value>0x5bb9</value>
         <object_component_ref idref="oc-f5"/>
      </symbol>
      <symbol id="sm-5be">
         <name>socketCount</name>
         <value>0x20001e6f</value>
         <object_component_ref idref="oc-176"/>
      </symbol>
      <symbol id="sm-5bf">
         <name>deleteSocket</name>
         <value>0x5c41</value>
         <object_component_ref idref="oc-f5"/>
      </symbol>
      <symbol id="sm-5c0">
         <name>socketRecvFrom</name>
         <value>0x5cfb</value>
         <object_component_ref idref="oc-f5"/>
      </symbol>
      <symbol id="sm-5c1">
         <name>getSocketInfoFromTcpPacket</name>
         <value>0x5f19</value>
         <object_component_ref idref="oc-f5"/>
      </symbol>
      <symbol id="sm-5c2">
         <name>socketRecvTcp</name>
         <value>0x5d59</value>
         <object_component_ref idref="oc-f5"/>
      </symbol>
      <symbol id="sm-5c3">
         <name>getSocketInfoFromUdpPacket</name>
         <value>0x5e6d</value>
         <object_component_ref idref="oc-f5"/>
      </symbol>
      <symbol id="sm-62f">
         <name>out</name>
         <value>0x20001d54</value>
      </symbol>
      <symbol id="sm-630">
         <name>handleTcpData</name>
         <value>0x147b</value>
         <object_component_ref idref="oc-16d"/>
      </symbol>
      <symbol id="sm-631">
         <name>isTcp</name>
         <value>0x10cb</value>
         <object_component_ref idref="oc-16d"/>
      </symbol>
      <symbol id="sm-632">
         <name>isTcpFin</name>
         <value>0x11bb</value>
         <object_component_ref idref="oc-16d"/>
      </symbol>
      <symbol id="sm-633">
         <name>pendTcpResponse</name>
         <value>0x14f9</value>
         <object_component_ref idref="oc-16d"/>
      </symbol>
      <symbol id="sm-634">
         <name>sendTcpResponse</name>
         <value>0x1809</value>
         <object_component_ref idref="oc-16d"/>
      </symbol>
      <symbol id="sm-635">
         <name>completeTcpConnection</name>
         <value>0x13ad</value>
         <object_component_ref idref="oc-16d"/>
      </symbol>
      <symbol id="sm-636">
         <name>isTcpPsh</name>
         <value>0x1231</value>
         <object_component_ref idref="oc-16d"/>
      </symbol>
      <symbol id="sm-637">
         <name>tcpTimeoutCallback</name>
         <value>0x12e9</value>
         <object_component_ref idref="oc-16d"/>
      </symbol>
      <symbol id="sm-638">
         <name>isTcpSyn</name>
         <value>0x1181</value>
         <object_component_ref idref="oc-16d"/>
      </symbol>
      <symbol id="sm-639">
         <name>processTcpArpResponse</name>
         <value>0x1731</value>
         <object_component_ref idref="oc-16d"/>
      </symbol>
      <symbol id="sm-63a">
         <name>getTcpState</name>
         <value>0x1093</value>
         <object_component_ref idref="oc-16d"/>
      </symbol>
      <symbol id="sm-63b">
         <name>closeTcpConnection</name>
         <value>0x13d7</value>
         <object_component_ref idref="oc-16d"/>
      </symbol>
      <symbol id="sm-63c">
         <name>getTcpHeader</name>
         <value>0x10a9</value>
         <object_component_ref idref="oc-16d"/>
      </symbol>
      <symbol id="sm-63d">
         <name>handleSocketError</name>
         <value>0x126b</value>
         <object_component_ref idref="oc-16d"/>
      </symbol>
      <symbol id="sm-63e">
         <name>sendTcpPendingMessages</name>
         <value>0x1413</value>
         <object_component_ref idref="oc-16d"/>
      </symbol>
      <symbol id="sm-63f">
         <name>isTcpAck</name>
         <value>0x11f7</value>
         <object_component_ref idref="oc-16d"/>
      </symbol>
      <symbol id="sm-640">
         <name>setTcpState</name>
         <value>0x1079</value>
         <object_component_ref idref="oc-16d"/>
      </symbol>
      <symbol id="sm-641">
         <name>openTcpConnection</name>
         <value>0x1327</value>
         <object_component_ref idref="oc-16d"/>
      </symbol>
      <symbol id="sm-642">
         <name>updateAckNum</name>
         <value>0x15a1</value>
         <object_component_ref idref="oc-16d"/>
      </symbol>
      <symbol id="sm-643">
         <name>sendTcpMessage</name>
         <value>0x1a27</value>
         <object_component_ref idref="oc-16d"/>
      </symbol>
      <symbol id="sm-644">
         <name>updateSeqNum</name>
         <value>0x157f</value>
         <object_component_ref idref="oc-16d"/>
      </symbol>
      <symbol id="sm-645">
         <name>tcpTimeWaitCallback</name>
         <value>0x150f</value>
         <object_component_ref idref="oc-16d"/>
      </symbol>
      <symbol id="sm-646">
         <name>getTcpData</name>
         <value>0x14c7</value>
         <object_component_ref idref="oc-16d"/>
      </symbol>
      <symbol id="sm-647">
         <name>isTcpDataAvailable</name>
         <value>0x14ef</value>
         <object_component_ref idref="oc-16d"/>
      </symbol>
      <symbol id="sm-648">
         <name>processTcpResponse</name>
         <value>0x15d5</value>
         <object_component_ref idref="oc-16d"/>
      </symbol>
      <symbol id="sm-649">
         <name>isTcpPortOpen</name>
         <value>0x17a3</value>
         <object_component_ref idref="oc-16d"/>
      </symbol>
      <symbol id="sm-664">
         <name>sendUdpMessage</name>
         <value>0x6c33</value>
         <object_component_ref idref="oc-195"/>
      </symbol>
      <symbol id="sm-665">
         <name>getUdpData</name>
         <value>0x6c07</value>
         <object_component_ref idref="oc-195"/>
      </symbol>
      <symbol id="sm-666">
         <name>isUdp</name>
         <value>0x6b35</value>
         <object_component_ref idref="oc-195"/>
      </symbol>
      <symbol id="sm-667">
         <name>getUdpHeader</name>
         <value>0x6bdd</value>
         <object_component_ref idref="oc-195"/>
      </symbol>
      <symbol id="sm-679">
         <name>initHw</name>
         <value>0x861d</value>
         <object_component_ref idref="oc-b9"/>
      </symbol>
      <symbol id="sm-67a">
         <name>main</name>
         <value>0x865d</value>
         <object_component_ref idref="oc-b9"/>
      </symbol>
      <symbol id="sm-6dc">
         <name>buffer</name>
         <value>0x20001000</value>
      </symbol>
      <symbol id="sm-6dd">
         <name>udpData</name>
         <value>0x20001e18</value>
      </symbol>
      <symbol id="sm-6de">
         <name>processTcpData</name>
         <value>0x5343</value>
         <object_component_ref idref="oc-107"/>
      </symbol>
      <symbol id="sm-6df">
         <name>netstat</name>
         <value>0x513f</value>
         <object_component_ref idref="oc-107"/>
      </symbol>
      <symbol id="sm-6e0">
         <name>runNetworkStack</name>
         <value>0x55b7</value>
         <object_component_ref idref="oc-107"/>
      </symbol>
      <symbol id="sm-6e1">
         <name>isNetworkReady</name>
         <value>0x5105</value>
         <object_component_ref idref="oc-107"/>
      </symbol>
      <symbol id="sm-6e2">
         <name>processDhcpData</name>
         <value>0x5317</value>
         <object_component_ref idref="oc-107"/>
      </symbol>
      <symbol id="sm-6e3">
         <name>processIcmpData</name>
         <value>0x54e7</value>
         <object_component_ref idref="oc-107"/>
      </symbol>
      <symbol id="sm-6e4">
         <name>readConfiguration</name>
         <value>0x5261</value>
         <object_component_ref idref="oc-107"/>
      </symbol>
      <symbol id="sm-6e5">
         <name>processUdpData</name>
         <value>0x5459</value>
         <object_component_ref idref="oc-107"/>
      </symbol>
      <symbol id="sm-6e6">
         <name>processArpData</name>
         <value>0x557b</value>
         <object_component_ref idref="oc-107"/>
      </symbol>
      <symbol id="sm-788">
         <name>strInput</name>
         <value>0x20001db8</value>
      </symbol>
      <symbol id="sm-789">
         <name>asciiToUint8</name>
         <value>0x2711</value>
         <object_component_ref idref="oc-119"/>
      </symbol>
      <symbol id="sm-78a">
         <name>processShell</name>
         <value>0x2b15</value>
         <object_component_ref idref="oc-119"/>
      </symbol>
      <symbol id="sm-78b">
         <name>displayConnectionInfo</name>
         <value>0x274b</value>
         <object_component_ref idref="oc-119"/>
      </symbol>
      <symbol id="sm-78c">
         <name>count</name>
         <value>0x20001e6e</value>
         <object_component_ref idref="oc-1d2"/>
      </symbol>
      <symbol id="sm-79a">
         <name>waitMicrosecond</name>
         <value>0x905b</value>
         <object_component_ref idref="oc-10d"/>
      </symbol>
      <symbol id="sm-7c9">
         <name>snprintf</name>
         <value>0x8e39</value>
         <object_component_ref idref="oc-189"/>
      </symbol>
      <symbol id="sm-800">
         <name>sscanf</name>
         <value>0x8f91</value>
         <object_component_ref idref="oc-1cc"/>
      </symbol>
      <symbol id="sm-809">
         <name>__aeabi_lmul</name>
         <value>0x90cd</value>
         <object_component_ref idref="oc-291"/>
      </symbol>
      <symbol id="sm-824">
         <name>memcpy</name>
         <value>0x87a3</value>
         <object_component_ref idref="oc-47"/>
      </symbol>
      <symbol id="sm-825">
         <name>__aeabi_memcpy</name>
         <value>0x87a3</value>
         <object_component_ref idref="oc-47"/>
      </symbol>
      <symbol id="sm-826">
         <name>__aeabi_memcpy8</name>
         <value>0x87a3</value>
         <object_component_ref idref="oc-47"/>
      </symbol>
      <symbol id="sm-827">
         <name>__aeabi_memcpy4</name>
         <value>0x87a3</value>
         <object_component_ref idref="oc-47"/>
      </symbol>
      <symbol id="sm-836">
         <name>__aeabi_memset</name>
         <value>0x8a67</value>
         <object_component_ref idref="oc-ad"/>
      </symbol>
      <symbol id="sm-837">
         <name>memset</name>
         <value>0x8a6d</value>
         <object_component_ref idref="oc-ad"/>
      </symbol>
      <symbol id="sm-838">
         <name>__aeabi_memset8</name>
         <value>0x8a67</value>
         <object_component_ref idref="oc-ad"/>
      </symbol>
      <symbol id="sm-839">
         <name>__aeabi_memset4</name>
         <value>0x8a67</value>
         <object_component_ref idref="oc-ad"/>
      </symbol>
      <symbol id="sm-83a">
         <name>__aeabi_memclr8</name>
         <value>0x8a65</value>
         <object_component_ref idref="oc-ad"/>
      </symbol>
      <symbol id="sm-83b">
         <name>__aeabi_memclr4</name>
         <value>0x8a65</value>
         <object_component_ref idref="oc-ad"/>
      </symbol>
      <symbol id="sm-83c">
         <name>__aeabi_memclr</name>
         <value>0x8a65</value>
         <object_component_ref idref="oc-ad"/>
      </symbol>
      <symbol id="sm-849">
         <name>__aeabi_uldivmod</name>
         <value>0x883f</value>
         <object_component_ref idref="oc-296"/>
      </symbol>
      <symbol id="sm-85b">
         <name>__TI_zero_init</name>
         <value>0x9185</value>
         <object_component_ref idref="oc-59"/>
      </symbol>
      <symbol id="sm-872">
         <name>__TI_decompress_none</name>
         <value>0x9177</value>
         <object_component_ref idref="oc-1b"/>
      </symbol>
      <symbol id="sm-895">
         <name>__TI_decompress_lzss</name>
         <value>0x8c25</value>
         <object_component_ref idref="oc-15"/>
      </symbol>
      <symbol id="sm-8a0">
         <name>_ctypes_</name>
         <value>0x91b8</value>
         <object_component_ref idref="oc-38c"/>
      </symbol>
      <symbol id="sm-8af">
         <name>strcmp</name>
         <value>0x90e5</value>
         <object_component_ref idref="oc-1a2"/>
      </symbol>
      <symbol id="sm-8c2">
         <name>__stack</name>
         <value>0x20000000</value>
         <object_component_ref idref="oc-24"/>
      </symbol>
      <symbol id="sm-8c3">
         <name>_c_int00_noargs</name>
         <value>0x8fc9</value>
         <object_component_ref idref="oc-65"/>
      </symbol>
      <symbol id="sm-a28">
         <name>__TI_printfi</name>
         <value>0x3171</value>
         <object_component_ref idref="oc-236"/>
      </symbol>
      <symbol id="sm-ade">
         <name>__TI_scanfi</name>
         <value>0x1bfd</value>
         <object_component_ref idref="oc-29e"/>
      </symbol>
      <symbol id="sm-ae8">
         <name>__aeabi_idiv0</name>
         <value>0x3bbf</value>
         <object_component_ref idref="oc-35b"/>
      </symbol>
      <symbol id="sm-ae9">
         <name>__aeabi_ldiv0</name>
         <value>0x3bbf</value>
         <object_component_ref idref="oc-35b"/>
      </symbol>
      <symbol id="sm-b00">
         <name>__aeabi_dsub</name>
         <value>0x773d</value>
         <object_component_ref idref="oc-3dd"/>
      </symbol>
      <symbol id="sm-b01">
         <name>__aeabi_dadd</name>
         <value>0x7747</value>
         <object_component_ref idref="oc-3dd"/>
      </symbol>
      <symbol id="sm-b23">
         <name>__aeabi_cdcmpeq</name>
         <value>0x88d5</value>
         <object_component_ref idref="oc-2fd"/>
      </symbol>
      <symbol id="sm-b24">
         <name>__aeabi_cdcmple</name>
         <value>0x88d5</value>
         <object_component_ref idref="oc-2fd"/>
      </symbol>
      <symbol id="sm-b25">
         <name>__aeabi_cdrcmple</name>
         <value>0x895b</value>
         <object_component_ref idref="oc-3c8"/>
      </symbol>
      <symbol id="sm-b39">
         <name>__aeabi_ddiv</name>
         <value>0x7e4d</value>
         <object_component_ref idref="oc-3c3"/>
      </symbol>
      <symbol id="sm-b44">
         <name>__aeabi_dmul</name>
         <value>0x8521</value>
         <object_component_ref idref="oc-3be"/>
      </symbol>
      <symbol id="sm-b4e">
         <name>__aeabi_d2iz</name>
         <value>0x8e85</value>
         <object_component_ref idref="oc-3cd"/>
      </symbol>
      <symbol id="sm-b5a">
         <name>__aeabi_d2f</name>
         <value>0x8b4d</value>
         <object_component_ref idref="oc-37b"/>
      </symbol>
      <symbol id="sm-b64">
         <name>__aeabi_i2d</name>
         <value>0x902d</value>
         <object_component_ref idref="oc-3d8"/>
      </symbol>
      <symbol id="sm-b8c">
         <name>__TI_auto_init_nobinit_nopinit</name>
         <value>0x8ecd</value>
         <object_component_ref idref="oc-12c"/>
      </symbol>
      <symbol id="sm-b96">
         <name>_system_pre_init</name>
         <value>0x91ad</value>
         <object_component_ref idref="oc-b3"/>
      </symbol>
      <symbol id="sm-ba2">
         <name>C$$EXIT</name>
         <value>0x91b1</value>
         <object_component_ref idref="oc-120"/>
      </symbol>
      <symbol id="sm-ba3">
         <name>abort</name>
         <value>0x91b1</value>
         <object_component_ref idref="oc-120"/>
      </symbol>
      <symbol id="sm-bb3">
         <name>__TI_ltoa</name>
         <value>0x8d47</value>
         <object_component_ref idref="oc-3d2"/>
      </symbol>
      <symbol id="sm-bca">
         <name>atoi</name>
         <value>0x8ded</value>
         <object_component_ref idref="oc-2f1"/>
      </symbol>
      <symbol id="sm-bda">
         <name>memccpy</name>
         <value>0x907f</value>
         <object_component_ref idref="oc-31a"/>
      </symbol>
      <symbol id="sm-bea">
         <name>strchr</name>
         <value>0x9115</value>
         <object_component_ref idref="oc-395"/>
      </symbol>
      <symbol id="sm-bf8">
         <name>strcpy</name>
         <value>0x912b</value>
         <object_component_ref idref="oc-363"/>
      </symbol>
      <symbol id="sm-c06">
         <name>strlen</name>
         <value>0x913f</value>
         <object_component_ref idref="oc-2eb"/>
      </symbol>
      <symbol id="sm-c15">
         <name>strrchr</name>
         <value>0x90fd</value>
         <object_component_ref idref="oc-38f"/>
      </symbol>
      <symbol id="sm-c75">
         <name>strtold</name>
         <value>0x5fd1</value>
         <object_component_ref idref="oc-375"/>
      </symbol>
      <symbol id="sm-c76">
         <name>strtod</name>
         <value>0x5fd1</value>
         <object_component_ref idref="oc-375"/>
      </symbol>
      <symbol id="sm-c9a">
         <name>strtol</name>
         <value>0x7f85</value>
         <object_component_ref idref="oc-380"/>
      </symbol>
      <symbol id="sm-cc0">
         <name>strtoll</name>
         <value>0x7391</value>
         <object_component_ref idref="oc-386"/>
      </symbol>
      <symbol id="sm-ce0">
         <name>strtoul</name>
         <value>0x8411</value>
         <object_component_ref idref="oc-36f"/>
      </symbol>
      <symbol id="sm-d03">
         <name>strtoull</name>
         <value>0x7bb5</value>
         <object_component_ref idref="oc-369"/>
      </symbol>
      <symbol id="sm-d19">
         <name>__aeabi_errno_addr</name>
         <value>0x919d</value>
         <object_component_ref idref="oc-326"/>
      </symbol>
      <symbol id="sm-d1a">
         <name>errno</name>
         <value>0x20001e64</value>
         <object_component_ref idref="oc-413"/>
      </symbol>
      <symbol id="sm-d33">
         <name>wcslen</name>
         <value>0x9165</value>
         <object_component_ref idref="oc-320"/>
      </symbol>
      <symbol id="sm-d53">
         <name>frexpl</name>
         <value>0x8c8d</value>
         <object_component_ref idref="oc-3fd"/>
      </symbol>
      <symbol id="sm-d54">
         <name>frexp</name>
         <value>0x8c8d</value>
         <object_component_ref idref="oc-3fd"/>
      </symbol>
      <symbol id="sm-d71">
         <name>scalbn</name>
         <value>0x8301</value>
         <object_component_ref idref="oc-403"/>
      </symbol>
      <symbol id="sm-d72">
         <name>scalbnl</name>
         <value>0x8301</value>
         <object_component_ref idref="oc-403"/>
      </symbol>
      <symbol id="sm-d73">
         <name>ldexpl</name>
         <value>0x8301</value>
         <object_component_ref idref="oc-403"/>
      </symbol>
      <symbol id="sm-d74">
         <name>ldexp</name>
         <value>0x8301</value>
         <object_component_ref idref="oc-403"/>
      </symbol>
      <symbol id="sm-d7e">
         <name>copysign</name>
         <value>0x909b</value>
         <object_component_ref idref="oc-456"/>
      </symbol>
      <symbol id="sm-d7f">
         <name>copysignl</name>
         <value>0x909b</value>
         <object_component_ref idref="oc-456"/>
      </symbol>
      <symbol id="sm-d80">
         <name>__TI_static_base__</name>
         <value>0x0</value>
      </symbol>
      <symbol id="sm-d83">
         <name>__mpu_init</name>
         <value>0x0</value>
      </symbol>
      <symbol id="sm-d84">
         <name>_system_post_cinit</name>
         <value>0x0</value>
      </symbol>
   </symbol_table>
   <title>Link successful</title>
</link_info>
