******************************************************************************
                  TI ARM Linker PC v20.2.7                     
******************************************************************************
>> Linked Thu Dec  5 06:55:19 2024

OUTPUT FILE NAME:   <HydraSense.out>
ENTRY POINT SYMBOL: "_c_int00_noargs"  address: 000097b9


MEMORY CONFIGURATION

         name            origin    length      used     unused   attr    fill
----------------------  --------  ---------  --------  --------  ----  --------
  FLASH                 00000000   00040000  00009c08  000363f8  R  X
  SRAM                  20000000   00008000  00001eb2  0000614e  RW X


SEGMENT ALLOCATION MAP

run origin  load origin   length   init length attrs members
----------  ----------- ---------- ----------- ----- -------
00000000    00000000    00009c08   00009c08    r-x
  00000000    00000000    0000026c   0000026c    r-- .intvecs
  0000026c    0000026c    0000976c   0000976c    r-x .text
  000099d8    000099d8    000001e8   000001e8    r-- .const
  00009bc0    00009bc0    00000048   00000048    r-- .cinit
20000000    20000000    00001eb2   00000000    rw-
  20000000    20000000    00001000   00000000    rw- .stack
  20001000    20001000    00000e64   00000000    rw- .bss
  20001e64    20001e64    0000004e   00000000    rw- .data


SECTION ALLOCATION MAP

 output                                  attributes/
section   page    origin      length       input sections
--------  ----  ----------  ----------   ----------------
.intvecs   0    00000000    0000026c     
                  00000000    0000026c     tm4c123gh6pm_startup_ccs.obj (.intvecs)

.text      0    0000026c    0000976c     
                  0000026c    00000e02     tcp.obj (.text)
                  0000106e    00000002     rtsv7M4_T_le_v4SPD16_eabi.lib : div0.asm.obj (.text)
                  00001070    00000df4     dhcp.obj (.text)
                  00001e64    00000b14     rtsv7M4_T_le_v4SPD16_eabi.lib : _scanfi.c.obj (.text:__TI_scanfi)
                  00002978    00000a60     shell.obj (.text)
                  000033d8    00000a4e     rtsv7M4_T_le_v4SPD16_eabi.lib : _printfi.c.obj (.text:__TI_printfi)
                  00003e26    00000002     --HOLE-- [fill = 0]
                  00003e28    00000a40     mqtt.obj (.text)
                  00004868    00000808     gpio.obj (.text)
                  00005070    00000774     eth0.obj (.text)
                  000057e4    000005c8     ip.obj (.text)
                  00005dac    00000584     network_stack.obj (.text)
                  00006330    00000490     socket.obj (.text)
                  000067c0    00000460     rtsv7M4_T_le_v4SPD16_eabi.lib : strtod.c.obj (.text:strtod)
                  00006c20    0000039a     arp.obj (.text)
                  00006fba    00000002     --HOLE-- [fill = 0]
                  00006fbc    00000368     timer.obj (.text)
                  00007324    00000300     udp.obj (.text)
                  00007624    000002ec     strlib.obj (.text)
                  00007910    00000270     rtsv7M4_T_le_v4SPD16_eabi.lib : _printfi.c.obj (.text:_pconv_a)
                  00007b80    000001dc                                   : strtoll.c.obj (.text:strtoll)
                  00007d5c    000001d0                                   : _printfi.c.obj (.text:_pconv_g)
                  00007f2c    000001b6                                   : fd_add_t2.asm.obj (.text)
                  000080e2    00000160     icmp.obj (.text)
                  00008242    00000002     --HOLE-- [fill = 0]
                  00008244    00000160     spi0.obj (.text)
                  000083a4    0000015c     rtsv7M4_T_le_v4SPD16_eabi.lib : strtoull.c.obj (.text:strtoull)
                  00008500    0000013c                                   : _printfi.c.obj (.text:_pconv_e)
                  0000863c    00000136                                   : fd_div_t2.asm.obj (.text)
                  00008772    00000002     --HOLE-- [fill = 0]
                  00008774    00000130                                   : strtol.c.obj (.text:strtol)
                  000088a4    00000128     uart0.obj (.text)
                  000089cc    00000124     rtsv7M4_T_le_v4SPD16_eabi.lib : _printfi.c.obj (.text:fcvt)
                  00008af0    00000110                                   : s_scalbn.c.obj (.text:scalbn)
                  00008c00    00000110                                   : strtoul.c.obj (.text:strtoul)
                  00008d10    000000fc                                   : fd_mul_t2.asm.obj (.text)
                  00008e0c    000000d4     main.obj (.text)
                  00008ee0    000000b1     rtsv7M4_T_le_v4SPD16_eabi.lib : _printfi.c.obj (.text:_ltostr)
                  00008f91    00000001     --HOLE-- [fill = 0]
                  00008f92    0000009c                                   : memcpy_t2.asm.obj (.text)
                  0000902e    00000096                                   : ull_div_t2.asm.obj (.text)
                  000090c4    00000086                                   : fd_cmp_t2.asm.obj (.text:__aeabi_cdcmple)
                  0000914a    00000086                                   : fd_cmp_t2.asm.obj (.text:__aeabi_cdrcmple)
                  000091d0    00000084     eeprom.obj (.text)
                  00009254    0000007a     rtsv7M4_T_le_v4SPD16_eabi.lib : memset_t2.asm.obj (.text)
                  000092ce    0000006e                                   : _printfi.c.obj (.text:_mcpy)
                  0000933c    0000006e                                   : fd_tos_t2.asm.obj (.text)
                  000093aa    00000002     --HOLE-- [fill = 0]
                  000093ac    00000068                                   : sscanf.c.obj (.text:_chkmbc)
                  00009414    00000068                                   : copy_decompress_lzss.c.obj (.text:decompress:lzss:__TI_decompress_lzss)
                  0000947c    00000064                                   : s_frexp.c.obj (.text:frexp)
                  000094e0    00000056                                   : _printfi.c.obj (.text:_pconv_f)
                  00009536    00000054                                   : _ltoa.c.obj (.text:__TI_ltoa)
                  0000958a    00000052                                   : _printfi.c.obj (.text:_ecpy)
                  000095dc    0000004c                                   : atoi.c.obj (.text:atoi)
                  00009628    0000004c                                   : snprintf.c.obj (.text:snprintf)
                  00009674    00000048                                   : fd_toi_t2.asm.obj (.text)
                  000096bc    00000044                                   : autoinit.c.obj (.text:__TI_auto_init_nobinit_nopinit:__TI_auto_init_nobinit_nopinit)
                  00009700    00000040     clock.obj (.text)
                  00009740    0000003e     rtsv7M4_T_le_v4SPD16_eabi.lib : _printfi.c.obj (.text:_fcpy)
                  0000977e    00000002     --HOLE-- [fill = 0]
                  00009780    00000038                                   : sscanf.c.obj (.text:sscanf)
                  000097b8    00000034                                   : boot_cortex_m.c.obj (.text:_c_int00_noargs:_c_int00_noargs)
                  000097ec    00000030                                   : snprintf.c.obj (.text:_outs)
                  0000981c    0000002e                                   : i_tofd_t2.asm.obj (.text)
                  0000984a    00000024     wait.obj (.text)
                  0000986e    0000001c     rtsv7M4_T_le_v4SPD16_eabi.lib : memccpy.c.obj (.text:memccpy)
                  0000988a    0000001a                                   : s_copysign.c.obj (.text:copysign)
                  000098a4    00000018                                   : snprintf.c.obj (.text:_outc)
                  000098bc    00000018                                   : ll_mul_t2.asm.obj (.text)
                  000098d4    00000018     mqtt.obj (.text:setMqttState)
                  000098ec    00000018     rtsv7M4_T_le_v4SPD16_eabi.lib : strcmp.c.obj (.text:strcmp)
                  00009904    00000018                                   : strrchr.c.obj (.text:strrchr)
                  0000991c    00000016                                   : strchr.c.obj (.text:strchr)
                  00009932    00000014                                   : strcpy.c.obj (.text:strcpy)
                  00009946    00000014                                   : strlen.c.obj (.text:strlen)
                  0000995a    00000012                                   : sscanf.c.obj (.text:_inpchar)
                  0000996c    00000012                                   : wcslen.c.obj (.text:wcslen)
                  0000997e    00000010     mqtt.obj (.text:getMqttResponse)
                  0000998e    0000000e     rtsv7M4_T_le_v4SPD16_eabi.lib : copy_decompress_none.c.obj (.text:decompress:none:__TI_decompress_none)
                  0000999c    0000000c                                   : copy_zero_init.c.obj (.text:decompress:ZI:__TI_zero_init)
                  000099a8    0000000c     mqtt.obj (.text:getMqttState)
                  000099b4    0000000c     tm4c123gh6pm_startup_ccs.obj (.text)
                  000099c0    00000008     rtsv7M4_T_le_v4SPD16_eabi.lib : errno.c.obj (.text:__aeabi_errno_addr)
                  000099c8    00000008                                   : sscanf.c.obj (.text:_uninpchar)
                  000099d0    00000004                                   : pre_init.c.obj (.text:_system_pre_init)
                  000099d4    00000004                                   : exit.c.obj (.text:abort:abort)

.const     0    000099d8    000001e8     
                  000099d8    00000101     rtsv7M4_T_le_v4SPD16_eabi.lib : ctype.c.obj (.const:.string:_ctypes_)
                  00009ad9    00000006     eth0.obj (.const:.string:BROADCAST_MAC_ADDRESS)
                  00009adf    00000001     --HOLE-- [fill = 0]
                  00009ae0    000000c8     rtsv7M4_T_le_v4SPD16_eabi.lib : strtod.c.obj (.const:$O1$$)
                  00009ba8    00000010                                   : _scanfi.c.obj (.const:$O1$$)
                  00009bb8    00000004     ip.obj (.const:.string:BROADCAST_IP_ADDRESS)
                  00009bbc    00000004     ip.obj (.const:.string:EMPTY_IP_ADDRESS)

.cinit     0    00009bc0    00000048     
                  00009bc0    00000020     (.cinit..data.load) [load image, compression = lzss]
                  00009be0    0000000c     (__TI_handler_table)
                  00009bec    00000004     --HOLE-- [fill = 0]
                  00009bf0    00000008     (.cinit..bss.load) [load image, compression = zero_init]
                  00009bf8    00000010     (__TI_cinit_table)

.init_array 
*          0    00000000    00000000     UNINITIALIZED

.bss       0    20001000    00000e64     UNINITIALIZED
                  20001000    000005f0     (.common:buffer)
                  200015f0    00000258     (.common:sockets)
                  20001848    000001f4     (.common:timers)
                  20001a3c    00000178     mqtt.obj (.bss:client)
                  20001bb4    00000100     (.common:mqttBuffer)
                  20001cb4    000000dc     (.common:arpTable)
                  20001d90    00000064     (.common:out)
                  20001df4    00000054     (.common:strInput)
                  20001e48    00000004     dhcp.obj (.bss)
                  20001e4c    00000004     tcp.obj (.bss)
                  20001e50    00000004     (.common:dhcpOfferedIpAdd)
                  20001e54    00000004     (.common:dhcpServerIpAdd)
                  20001e58    00000004     (.common:udpData)
                  20001e5c    00000001     (.common:arpTestTimer)
                  20001e5d    00000001     (.common:leaseEndTimer)
                  20001e5e    00000001     (.common:newAddTimer)
                  20001e5f    00000001     (.common:releaseTimer)
                  20001e60    00000001     (.common:t1HitTimer)
                  20001e61    00000001     (.common:t1PeriodicTimer)
                  20001e62    00000001     (.common:t2HitTimer)
                  20001e63    00000001     (.common:t2PeriodicTimer)

.data      0    20001e64    0000004e     UNINITIALIZED
                  20001e64    00000017     dhcp.obj (.data)
                  20001e7b    00000006     eth0.obj (.data:hwAddress)
                  20001e81    00000003     eth0.obj (.data)
                  20001e84    00000004     clock.obj (.data)
                  20001e88    00000004     ip.obj (.data:ipAddress)
                  20001e8c    00000004     ip.obj (.data:ipDnsAddress)
                  20001e90    00000004     ip.obj (.data:ipGwAddress)
                  20001e94    00000004     ip.obj (.data:ipMqttBrokerAddress)
                  20001e98    00000004     ip.obj (.data:ipSubnetMask)
                  20001e9c    00000004     ip.obj (.data:ipTimeServerAddress)
                  20001ea0    00000004     network_stack.obj (.data)
                  20001ea4    00000004     rtsv7M4_T_le_v4SPD16_eabi.lib : errno.c.obj (.data)
                  20001ea8    00000004     strlib.obj (.data)
                  20001eac    00000002     tcp.obj (.data)
                  20001eae    00000001     arp.obj (.data)
                  20001eaf    00000001     mqtt.obj (.data)
                  20001eb0    00000001     shell.obj (.data)
                  20001eb1    00000001     socket.obj (.data)

.stack     0    20000000    00001000     UNINITIALIZED
                  20000000    00000004     rtsv7M4_T_le_v4SPD16_eabi.lib : boot_cortex_m.c.obj (.stack)
                  20000004    00000ffc     --HOLE--

__llvm_prf_cnts 
*          0    20000000    00000000     UNINITIALIZED

MODULE SUMMARY

       Module                         code    ro data   rw data
       ------                         ----    -------   -------
    .\core\
       tm4c123gh6pm_startup_ccs.obj   12      620       0      
    +--+------------------------------+-------+---------+---------+
       Total:                         12      620       0      
                                                               
    .\drivers\
       gpio.obj                       2056    0         0      
       eth0.obj                       1908    6         9      
       timer.obj                      872     0         500    
       spi0.obj                       352     0         0      
       uart0.obj                      296     0         0      
       eeprom.obj                     132     0         0      
       clock.obj                      64      0         4      
    +--+------------------------------+-------+---------+---------+
       Total:                         5680    6         513    
                                                               
    .\libs\
       strlib.obj                     748     0         4      
    +--+------------------------------+-------+---------+---------+
       Total:                         748     0         4      
                                                               
    .\middleware\
       dhcp.obj                       3572    0         43     
       tcp.obj                        3586    0         6      
       mqtt.obj                       2676    0         733    
       socket.obj                     1168    0         601    
       ip.obj                         1480    8         24     
       arp.obj                        922     0         221    
       udp.obj                        768     0         0      
       icmp.obj                       352     0         0      
    +--+------------------------------+-------+---------+---------+
       Total:                         14524   8         1628   
                                                               
    .\src\
       network_stack.obj              1412    0         1528   
       shell.obj                      2656    0         85     
       main.obj                       212     0         0      
       wait.obj                       36      0         0      
    +--+------------------------------+-------+---------+---------+
       Total:                         4316    0         1613   
                                                               
    C:\ti\ccs1240\ccs\tools\compiler\ti-cgt-arm_20.2.7.LTS\lib\rtsv7M4_T_le_v4SPD16_eabi.lib
       _printfi.c.obj                 4851    0         0      
       _scanfi.c.obj                  2836    16        0      
       strtod.c.obj                   1120    200       0      
       strtoll.c.obj                  476     0         0      
       fd_add_t2.asm.obj              438     0         0      
       strtoull.c.obj                 348     0         0      
       fd_div_t2.asm.obj              310     0         0      
       strtol.c.obj                   304     0         0      
       s_scalbn.c.obj                 272     0         0      
       strtoul.c.obj                  272     0         0      
       fd_cmp_t2.asm.obj              268     0         0      
       ctype.c.obj                    0       257       0      
       fd_mul_t2.asm.obj              252     0         0      
       sscanf.c.obj                   186     0         0      
       memcpy_t2.asm.obj              156     0         0      
       ull_div_t2.asm.obj             150     0         0      
       snprintf.c.obj                 148     0         0      
       memset_t2.asm.obj              122     0         0      
       fd_tos_t2.asm.obj              110     0         0      
       copy_decompress_lzss.c.obj     104     0         0      
       s_frexp.c.obj                  100     0         0      
       _ltoa.c.obj                    84      0         0      
       atoi.c.obj                     76      0         0      
       fd_toi_t2.asm.obj              72      0         0      
       autoinit.c.obj                 68      0         0      
       boot_cortex_m.c.obj            52      0         0      
       i_tofd_t2.asm.obj              46      0         0      
       memccpy.c.obj                  28      0         0      
       s_copysign.c.obj               26      0         0      
       ll_mul_t2.asm.obj              24      0         0      
       strcmp.c.obj                   24      0         0      
       strrchr.c.obj                  24      0         0      
       strchr.c.obj                   22      0         0      
       strcpy.c.obj                   20      0         0      
       strlen.c.obj                   20      0         0      
       wcslen.c.obj                   18      0         0      
       copy_decompress_none.c.obj     14      0         0      
       copy_zero_init.c.obj           12      0         0      
       errno.c.obj                    8       0         4      
       exit.c.obj                     4       0         0      
       pre_init.c.obj                 4       0         0      
       div0.asm.obj                   2       0         0      
    +--+------------------------------+-------+---------+---------+
       Total:                         13471   473       4      
                                                               
       Stack:                         0       0         4096   
       Linker Generated:              0       68        0      
    +--+------------------------------+-------+---------+---------+
       Grand Total:                   38751   1175      7858   


LINKER GENERATED COPY TABLES

__TI_cinit_table @ 00009bf8 records: 2, size/record: 8, table size: 16
	.data: load addr=00009bc0, load size=00000020 bytes, run addr=20001e64, run size=0000004e bytes, compression=lzss
	.bss: load addr=00009bf0, load size=00000008 bytes, run addr=20001000, run size=00000e64 bytes, compression=zero_init


LINKER GENERATED HANDLER TABLE

__TI_handler_table @ 00009be0 records: 3, size/record: 4, table size: 12
	index: 0, handler: __TI_decompress_lzss
	index: 1, handler: __TI_decompress_none
	index: 2, handler: __TI_zero_init


GLOBAL SYMBOLS: SORTED ALPHABETICALLY BY Name 

address   name                          
-------   ----                          
00009bb8  BROADCAST_IP_ADDRESS          
00009ad9  BROADCAST_MAC_ADDRESS         
000099d5  C$$EXIT                       
00009bbc  EMPTY_IP_ADDRESS              
000099b5  ResetISR                      
20001000  __STACK_END                   
00001000  __STACK_SIZE                  
20000200  __STACK_TOP                   
00009bf8  __TI_CINIT_Base               
00009c08  __TI_CINIT_Limit              
00009be0  __TI_Handler_Table_Base       
00009bec  __TI_Handler_Table_Limit      
000096bd  __TI_auto_init_nobinit_nopinit
00009415  __TI_decompress_lzss          
0000998f  __TI_decompress_none          
00009537  __TI_ltoa                     
ffffffff  __TI_pprof_out_hndl           
000033d9  __TI_printfi                  
ffffffff  __TI_prof_data_size           
ffffffff  __TI_prof_data_start          
00001e65  __TI_scanfi                   
00000000  __TI_static_base__            
0000999d  __TI_zero_init                
000090c5  __aeabi_cdcmpeq               
000090c5  __aeabi_cdcmple               
0000914b  __aeabi_cdrcmple              
0000933d  __aeabi_d2f                   
00009675  __aeabi_d2iz                  
00007f37  __aeabi_dadd                  
0000863d  __aeabi_ddiv                  
00008d11  __aeabi_dmul                  
00007f2d  __aeabi_dsub                  
000099c1  __aeabi_errno_addr            
0000981d  __aeabi_i2d                   
0000106f  __aeabi_idiv0                 
0000106f  __aeabi_ldiv0                 
000098bd  __aeabi_lmul                  
00009255  __aeabi_memclr                
00009255  __aeabi_memclr4               
00009255  __aeabi_memclr8               
00008f93  __aeabi_memcpy                
00008f93  __aeabi_memcpy4               
00008f93  __aeabi_memcpy8               
00009257  __aeabi_memset                
00009257  __aeabi_memset4               
00009257  __aeabi_memset8               
0000902f  __aeabi_uldivmod              
ffffffff  __binit__                     
ffffffff  __c_args__                    
UNDEFED   __mpu_init                    
20000000  __stack                       
20000000  __start___llvm_prf_cnts       
20000000  __stop___llvm_prf_cnts        
000097b9  _c_int00_noargs               
000099d8  _ctypes_                      
UNDEFED   _system_post_cinit            
000099d1  _system_pre_init              
000099d5  abort                         
00006c21  addArpEntry                   
00001335  addDhcpOption                 
00000ba5  addTcpOption                  
20001cb4  arpTable                      
20001eae  arpTableSize                  
20001e5c  arpTestTimer                  
00002979  asciiToUint8                  
000095dd  atoi                          
ffffffff  binit                         
20001000  buffer                        
00005aa5  calcIpChecksum                
00001093  callbackDhcpGetNewAddressTimer
000011d9  callbackDhcpIpConflictWindow  
00001109  callbackDhcpLeaseEndTimer     
000010ad  callbackDhcpT1HitTimer        
0000109d  callbackDhcpT1PeriodicTimer   
000010e7  callbackDhcpT2HitTimer        
000010dd  callbackDhcpT2PeriodicTimer   
0000512f  clearEtherReg                 
00004ebd  clearPinInterrupt             
00000615  closeTcpConnection            
000005eb  completeTcpConCallback        
0000405d  connectMqtt                   
00005947  convertIpAddressToU32         
0000597f  copyIpAddress                 
000056d1  copyMacAddress                
0000988b  copysign                      
0000988b  copysignl                     
20001eb0  count                         
20001e77  declineNeeded                 
00006401  deleteSocket                  
20001e7a  dhcpEnabled                   
20001e50  dhcpOfferedIpAdd              
20001e54  dhcpServerIpAdd               
20001e79  dhcpState                     
00001d61  disableDhcp                   
00005087  disableEtherCs                
00004e99  disablePinInterrupt           
00004bd1  disablePinPulldown            
00004b89  disablePinPullup              
00004925  disablePort                   
000040d9  disconnectMqtt                
20001e74  discoverNeeded                
000029b3  displayConnectionInfo         
00001d45  enableDhcp                    
00005071  enableEtherCs                 
00004e75  enablePinInterrupt            
00004bad  enablePinPulldown             
00004b5b  enablePinPullup               
00004869  enablePort                    
20001ea4  errno                         
20001eac  fin                           
0000947d  frexp                         
0000947d  frexpl                        
00000000  g_pfnVectors                  
00006d9f  getArpPacket                  
000012a7  getDhcpFrame                  
00001249  getDhcpLeaseSeconds           
00001405  getDhcpOption                 
00001085  getDhcpState                  
000056bb  getEtherId                    
00005785  getEtherMacAddress            
00005493  getEtherPacket                
00005b15  getIpAddress                  
00005a73  getIpChecksum                 
00005c75  getIpDnsAddress               
00005c01  getIpGatewayAddress           
0000587d  getIpHeader                   
00005d5d  getIpMqttBrokerAddress        
00005b8d  getIpSubnetMask               
00005ce9  getIpTimeServerAddress        
00003ff7  getMqttHeader                 
0000997f  getMqttResponse               
000099a9  getMqttState                  
00004205  getMqttTopics                 
00004f2b  getPinValue                   
00004fe1  getPortValue                  
0000656d  getSocketFromLocalPort        
00006471  getSocketId                   
000065d1  getSocketInfoFromArpResponse  
00006705  getSocketInfoFromTcpPacket    
00006659  getSocketInfoFromUdpPacket    
000064b3  getSockets                    
000007a5  getTcpData                    
00000803  getTcpDataLength              
000002a1  getTcpHeader                  
00000289  getTcpState                   
000073f7  getUdpData                    
000073cd  getUdpHeader                  
0000897b  getcUart0                     
00001927  handleDhcpAck                 
00000463  handleSocketError             
00000727  handleTcpData                 
0000568f  htonl                         
0000566b  htons                         
20001e7b  hwAddress                     
000056c7  incEtherId                    
000091d1  initEeprom                    
000052a5  initEther                     
00008e0d  initHw                        
0000404b  initMqtt                      
00006331  initSockets                   
00008245  initSpi0                      
00009709  initSysTimer1ms               
00009701  initSystemClockTo40Mhz        
00006fbd  initTimer                     
000088a5  initUart0                     
20001e88  ipAddress                     
20001e78  ipConflictDetectionMode       
20001e8c  ipDnsAddress                  
20001e90  ipGwAddress                   
20001e94  ipMqttBrokerAddress           
20001e98  ipSubnetMask                  
20001e9c  ipTimeServerAddress           
00006ca7  isArpRequest                  
00006d4b  isArpResponse                 
00001875  isDhcpAck                     
00001aa5  isDhcpDeclineNeeded           
00001a99  isDhcpDiscoverNeeded          
00001dcd  isDhcpEnabled                 
00001243  isDhcpIpConflictDetectionMode 
000017b1  isDhcpOffer                   
00001aab  isDhcpReleaseNeeded           
00001a9f  isDhcpRequestNeeded           
0000124f  isDhcpResponse                
00005449  isEtherDataAvailable          
0000542f  isEtherLinkUp                 
00005463  isEtherOverflow               
000057e5  isIp                          
000059ad  isIpEqual                     
000058e9  isIpInSubnet                  
0000588b  isIpUnicast                   
00005855  isIpValid                     
00004281  isMqttResponse                
00005dad  isNetworkReady                
000080e3  isPingRequest                 
000002c3  isTcp                         
000003ef  isTcpAck                      
0000084b  isTcpDataAvailable            
000003b3  isTcpFin                      
00000b41  isTcpPortOpen                 
00000429  isTcpPsh                      
00000379  isTcpSyn                      
00007325  isUdp                         
0000898f  kbhitUart0                    
00008af1  ldexp                         
00008af1  ldexpl                        
20001e5d  leaseEndTimer                 
20001e68  leaseSeconds                  
20001e6c  leaseT1                       
20001e70  leaseT2                       
00006c55  lookupArpEntry                
00008e4d  main                          
0000986f  memccpy                       
00008f93  memcpy                        
0000925d  memset                        
0000971d  millis                        
20001bb4  mqttBuffer                    
00005de7  netstat                       
20001e5e  newAddTimer                   
00006379  newSocket                     
20001e81  nextPacketLsb                 
20001e82  nextPacketMsb                 
00000565  openTcpConnection             
20001d90  out                           
00000855  pendTcpResponse               
00006257  processArpData                
00001cf9  processDhcpArpResponse        
00005fbf  processDhcpData               
00001c31  processDhcpResponse           
00006233  processIcmpData               
0000435d  processMqttData               
0000431b  processMqttPublish            
00002d7d  processShell                  
00000acd  processTcpArpResponse         
00005feb  processTcpData                
00000959  processTcpResponse            
00006135  processUdpData                
00004303  publishMqtt                   
00005585  putEtherPacket                
00008933  putcUart0                     
0000894f  putsUart0                     
000072df  random32                      
00005f09  readConfiguration             
00009219  readEeprom                    
00005263  readEtherMem                  
000051b7  readEtherPhy                  
000050c9  readEtherReg                  
0000837d  readSpi0Data                  
000010cd  rebindDhcp                    
00001113  releaseDhcp                   
20001e76  releaseNeeded                 
20001e5f  releaseTimer                  
00001193  renewDhcp                     
00001183  renewIp                       
000011e3  requestDhcpIpConflictTest     
0000108b  requestDhcpNewAddress         
20001e75  requestNeeded                 
0000527b  resetEther                    
00003e29  runMqttClient                 
00006293  runNetworkStack               
00008af1  scalbn                        
00008af1  scalbnl                       
00004a8f  selectPinAnalogInput          
00004a41  selectPinDigitalInput         
00004dab  selectPinInterruptBothEdges   
00004d5b  selectPinInterruptFallingEdge 
00004e01  selectPinInterruptHighLevel   
00004e3b  selectPinInterruptLowLevel    
00004d0b  selectPinInterruptRisingEdge  
000049f3  selectPinOpenDrainOutput      
000049a5  selectPinPushPullOutput       
00006e9d  sendArpRequest                
00006db1  sendArpResponse               
000014b9  sendDhcpMessage               
00001ab1  sendDhcpPendingMessages       
000045f1  sendMqttConnack               
00004409  sendMqttConnect               
00004807  sendMqttDisconnect            
00004803  sendMqttPingReq               
00004805  sendMqttPingResp              
0000461d  sendMqttPubAck                
00004649  sendMqttPubComp               
00004633  sendMqttPubRec                
00004607  sendMqttPublish               
000047fd  sendMqttSubAck                
000046a1  sendMqttSubscribe             
00004801  sendMqttUnsubAck              
000047ff  sendMqttUnsubscribe           
00008127  sendPingRequest               
00008133  sendPingResponse              
00000e99  sendTcpMessage                
00000653  sendTcpPendingMessages        
00000c55  sendTcpResponse               
00007423  sendUdpMessage                
20001e83  sequenceId                    
00001071  setDhcpState                  
00005163  setEtherBank                  
00005705  setEtherMacAddress            
000050fb  setEtherReg                   
00005adb  setIpAddress                  
00005c3b  setIpDnsAddress               
00005bc7  setIpGatewayAddress           
00005d23  setIpMqttBrokerAddress        
00005b4f  setIpSubnetMask               
00005caf  setIpTimeServerAddress        
000098d5  setMqttState                  
00004155  setMqttTopics                 
00004bf9  setPinAuxFunction             
00004adf  setPinCommitControl           
00004ee1  setPinValue                   
00004f69  setPortValue                  
000082e1  setSpi0BaudRate               
00008317  setSpi0Mode                   
0000026d  setTcpState                   
000088ef  setUart0BaudRate              
00009629  snprintf                      
00006551  socketCloseTcp                
000064bd  socketConnectTcp              
000064b7  socketConnectUdp              
20001eb1  socketCount                   
000064bb  socketRecvFrom                
00006543  socketRecvTcp                 
00006509  socketSendTcp                 
000064b9  socketSendTo                  
200015f0  sockets                       
00009781  sscanf                        
00005251  startEtherMemRead             
00005223  startEtherMemWrite            
0000708f  startOneshotTimer             
0000713d  startPeriodicTimer            
00005273  stopEtherMemRead              
00005249  stopEtherMemWrite             
000071eb  stopTimer                     
20001df4  strInput                      
00007625  str_char                      
00007655  str_copy                      
0000768b  str_equal                     
000076d7  str_length                    
00007775  str_to_lower                  
0000777f  str_to_upper                  
000076f9  str_tokenize                  
0000991d  strchr                        
000098ed  strcmp                        
00009933  strcpy                        
00009947  strlen                        
00009905  strrchr                       
000067c1  strtod                        
00008775  strtol                        
000067c1  strtold                       
00007b81  strtoll                       
00008c01  strtoul                       
000083a5  strtoull                      
000043d9  subscribeMqtt                 
000059ff  sumIpWords                    
00009723  sysTickIsr                    
20001e84  systime                       
20001e60  t1HitTimer                    
20001e61  t1PeriodicTimer               
20001e62  t2HitTimer                    
20001e63  t2PeriodicTimer               
0000086b  tcpTimeWaitCallback           
000004e1  tcpTimeoutCallback            
00007235  tickIsr                       
20001848  timers                        
00007789  to_lower                      
000077a9  to_string                     
00007895  to_uint32                     
00007799  to_upper                      
00004f07  togglePinValue                
20001e58  udpData                       
000043ef  unsubscribeMqtt               
000008c9  updateAckNum                  
00000889  updateSeqNum                  
0000984b  waitMicrosecond               
0000996d  wcslen                        
000091e7  writeEeprom                   
00005235  writeEtherMem                 
0000517f  writeEtherPhy                 
00005095  writeEtherReg                 
00008365  writeSpi0Data                 
20001e64  xid                           


GLOBAL SYMBOLS: SORTED BY Symbol Address 

address   name                          
-------   ----                          
00000000  __TI_static_base__            
00000000  g_pfnVectors                  
0000026d  setTcpState                   
00000289  getTcpState                   
000002a1  getTcpHeader                  
000002c3  isTcp                         
00000379  isTcpSyn                      
000003b3  isTcpFin                      
000003ef  isTcpAck                      
00000429  isTcpPsh                      
00000463  handleSocketError             
000004e1  tcpTimeoutCallback            
00000565  openTcpConnection             
000005eb  completeTcpConCallback        
00000615  closeTcpConnection            
00000653  sendTcpPendingMessages        
00000727  handleTcpData                 
000007a5  getTcpData                    
00000803  getTcpDataLength              
0000084b  isTcpDataAvailable            
00000855  pendTcpResponse               
0000086b  tcpTimeWaitCallback           
00000889  updateSeqNum                  
000008c9  updateAckNum                  
00000959  processTcpResponse            
00000acd  processTcpArpResponse         
00000b41  isTcpPortOpen                 
00000ba5  addTcpOption                  
00000c55  sendTcpResponse               
00000e99  sendTcpMessage                
00001000  __STACK_SIZE                  
0000106f  __aeabi_idiv0                 
0000106f  __aeabi_ldiv0                 
00001071  setDhcpState                  
00001085  getDhcpState                  
0000108b  requestDhcpNewAddress         
00001093  callbackDhcpGetNewAddressTimer
0000109d  callbackDhcpT1PeriodicTimer   
000010ad  callbackDhcpT1HitTimer        
000010cd  rebindDhcp                    
000010dd  callbackDhcpT2PeriodicTimer   
000010e7  callbackDhcpT2HitTimer        
00001109  callbackDhcpLeaseEndTimer     
00001113  releaseDhcp                   
00001183  renewIp                       
00001193  renewDhcp                     
000011d9  callbackDhcpIpConflictWindow  
000011e3  requestDhcpIpConflictTest     
00001243  isDhcpIpConflictDetectionMode 
00001249  getDhcpLeaseSeconds           
0000124f  isDhcpResponse                
000012a7  getDhcpFrame                  
00001335  addDhcpOption                 
00001405  getDhcpOption                 
000014b9  sendDhcpMessage               
000017b1  isDhcpOffer                   
00001875  isDhcpAck                     
00001927  handleDhcpAck                 
00001a99  isDhcpDiscoverNeeded          
00001a9f  isDhcpRequestNeeded           
00001aa5  isDhcpDeclineNeeded           
00001aab  isDhcpReleaseNeeded           
00001ab1  sendDhcpPendingMessages       
00001c31  processDhcpResponse           
00001cf9  processDhcpArpResponse        
00001d45  enableDhcp                    
00001d61  disableDhcp                   
00001dcd  isDhcpEnabled                 
00001e65  __TI_scanfi                   
00002979  asciiToUint8                  
000029b3  displayConnectionInfo         
00002d7d  processShell                  
000033d9  __TI_printfi                  
00003e29  runMqttClient                 
00003ff7  getMqttHeader                 
0000404b  initMqtt                      
0000405d  connectMqtt                   
000040d9  disconnectMqtt                
00004155  setMqttTopics                 
00004205  getMqttTopics                 
00004281  isMqttResponse                
00004303  publishMqtt                   
0000431b  processMqttPublish            
0000435d  processMqttData               
000043d9  subscribeMqtt                 
000043ef  unsubscribeMqtt               
00004409  sendMqttConnect               
000045f1  sendMqttConnack               
00004607  sendMqttPublish               
0000461d  sendMqttPubAck                
00004633  sendMqttPubRec                
00004649  sendMqttPubComp               
000046a1  sendMqttSubscribe             
000047fd  sendMqttSubAck                
000047ff  sendMqttUnsubscribe           
00004801  sendMqttUnsubAck              
00004803  sendMqttPingReq               
00004805  sendMqttPingResp              
00004807  sendMqttDisconnect            
00004869  enablePort                    
00004925  disablePort                   
000049a5  selectPinPushPullOutput       
000049f3  selectPinOpenDrainOutput      
00004a41  selectPinDigitalInput         
00004a8f  selectPinAnalogInput          
00004adf  setPinCommitControl           
00004b5b  enablePinPullup               
00004b89  disablePinPullup              
00004bad  enablePinPulldown             
00004bd1  disablePinPulldown            
00004bf9  setPinAuxFunction             
00004d0b  selectPinInterruptRisingEdge  
00004d5b  selectPinInterruptFallingEdge 
00004dab  selectPinInterruptBothEdges   
00004e01  selectPinInterruptHighLevel   
00004e3b  selectPinInterruptLowLevel    
00004e75  enablePinInterrupt            
00004e99  disablePinInterrupt           
00004ebd  clearPinInterrupt             
00004ee1  setPinValue                   
00004f07  togglePinValue                
00004f2b  getPinValue                   
00004f69  setPortValue                  
00004fe1  getPortValue                  
00005071  enableEtherCs                 
00005087  disableEtherCs                
00005095  writeEtherReg                 
000050c9  readEtherReg                  
000050fb  setEtherReg                   
0000512f  clearEtherReg                 
00005163  setEtherBank                  
0000517f  writeEtherPhy                 
000051b7  readEtherPhy                  
00005223  startEtherMemWrite            
00005235  writeEtherMem                 
00005249  stopEtherMemWrite             
00005251  startEtherMemRead             
00005263  readEtherMem                  
00005273  stopEtherMemRead              
0000527b  resetEther                    
000052a5  initEther                     
0000542f  isEtherLinkUp                 
00005449  isEtherDataAvailable          
00005463  isEtherOverflow               
00005493  getEtherPacket                
00005585  putEtherPacket                
0000566b  htons                         
0000568f  htonl                         
000056bb  getEtherId                    
000056c7  incEtherId                    
000056d1  copyMacAddress                
00005705  setEtherMacAddress            
00005785  getEtherMacAddress            
000057e5  isIp                          
00005855  isIpValid                     
0000587d  getIpHeader                   
0000588b  isIpUnicast                   
000058e9  isIpInSubnet                  
00005947  convertIpAddressToU32         
0000597f  copyIpAddress                 
000059ad  isIpEqual                     
000059ff  sumIpWords                    
00005a73  getIpChecksum                 
00005aa5  calcIpChecksum                
00005adb  setIpAddress                  
00005b15  getIpAddress                  
00005b4f  setIpSubnetMask               
00005b8d  getIpSubnetMask               
00005bc7  setIpGatewayAddress           
00005c01  getIpGatewayAddress           
00005c3b  setIpDnsAddress               
00005c75  getIpDnsAddress               
00005caf  setIpTimeServerAddress        
00005ce9  getIpTimeServerAddress        
00005d23  setIpMqttBrokerAddress        
00005d5d  getIpMqttBrokerAddress        
00005dad  isNetworkReady                
00005de7  netstat                       
00005f09  readConfiguration             
00005fbf  processDhcpData               
00005feb  processTcpData                
00006135  processUdpData                
00006233  processIcmpData               
00006257  processArpData                
00006293  runNetworkStack               
00006331  initSockets                   
00006379  newSocket                     
00006401  deleteSocket                  
00006471  getSocketId                   
000064b3  getSockets                    
000064b7  socketConnectUdp              
000064b9  socketSendTo                  
000064bb  socketRecvFrom                
000064bd  socketConnectTcp              
00006509  socketSendTcp                 
00006543  socketRecvTcp                 
00006551  socketCloseTcp                
0000656d  getSocketFromLocalPort        
000065d1  getSocketInfoFromArpResponse  
00006659  getSocketInfoFromUdpPacket    
00006705  getSocketInfoFromTcpPacket    
000067c1  strtod                        
000067c1  strtold                       
00006c21  addArpEntry                   
00006c55  lookupArpEntry                
00006ca7  isArpRequest                  
00006d4b  isArpResponse                 
00006d9f  getArpPacket                  
00006db1  sendArpResponse               
00006e9d  sendArpRequest                
00006fbd  initTimer                     
0000708f  startOneshotTimer             
0000713d  startPeriodicTimer            
000071eb  stopTimer                     
00007235  tickIsr                       
000072df  random32                      
00007325  isUdp                         
000073cd  getUdpHeader                  
000073f7  getUdpData                    
00007423  sendUdpMessage                
00007625  str_char                      
00007655  str_copy                      
0000768b  str_equal                     
000076d7  str_length                    
000076f9  str_tokenize                  
00007775  str_to_lower                  
0000777f  str_to_upper                  
00007789  to_lower                      
00007799  to_upper                      
000077a9  to_string                     
00007895  to_uint32                     
00007b81  strtoll                       
00007f2d  __aeabi_dsub                  
00007f37  __aeabi_dadd                  
000080e3  isPingRequest                 
00008127  sendPingRequest               
00008133  sendPingResponse              
00008245  initSpi0                      
000082e1  setSpi0BaudRate               
00008317  setSpi0Mode                   
00008365  writeSpi0Data                 
0000837d  readSpi0Data                  
000083a5  strtoull                      
0000863d  __aeabi_ddiv                  
00008775  strtol                        
000088a5  initUart0                     
000088ef  setUart0BaudRate              
00008933  putcUart0                     
0000894f  putsUart0                     
0000897b  getcUart0                     
0000898f  kbhitUart0                    
00008af1  ldexp                         
00008af1  ldexpl                        
00008af1  scalbn                        
00008af1  scalbnl                       
00008c01  strtoul                       
00008d11  __aeabi_dmul                  
00008e0d  initHw                        
00008e4d  main                          
00008f93  __aeabi_memcpy                
00008f93  __aeabi_memcpy4               
00008f93  __aeabi_memcpy8               
00008f93  memcpy                        
0000902f  __aeabi_uldivmod              
000090c5  __aeabi_cdcmpeq               
000090c5  __aeabi_cdcmple               
0000914b  __aeabi_cdrcmple              
000091d1  initEeprom                    
000091e7  writeEeprom                   
00009219  readEeprom                    
00009255  __aeabi_memclr                
00009255  __aeabi_memclr4               
00009255  __aeabi_memclr8               
00009257  __aeabi_memset                
00009257  __aeabi_memset4               
00009257  __aeabi_memset8               
0000925d  memset                        
0000933d  __aeabi_d2f                   
00009415  __TI_decompress_lzss          
0000947d  frexp                         
0000947d  frexpl                        
00009537  __TI_ltoa                     
000095dd  atoi                          
00009629  snprintf                      
00009675  __aeabi_d2iz                  
000096bd  __TI_auto_init_nobinit_nopinit
00009701  initSystemClockTo40Mhz        
00009709  initSysTimer1ms               
0000971d  millis                        
00009723  sysTickIsr                    
00009781  sscanf                        
000097b9  _c_int00_noargs               
0000981d  __aeabi_i2d                   
0000984b  waitMicrosecond               
0000986f  memccpy                       
0000988b  copysign                      
0000988b  copysignl                     
000098bd  __aeabi_lmul                  
000098d5  setMqttState                  
000098ed  strcmp                        
00009905  strrchr                       
0000991d  strchr                        
00009933  strcpy                        
00009947  strlen                        
0000996d  wcslen                        
0000997f  getMqttResponse               
0000998f  __TI_decompress_none          
0000999d  __TI_zero_init                
000099a9  getMqttState                  
000099b5  ResetISR                      
000099c1  __aeabi_errno_addr            
000099d1  _system_pre_init              
000099d5  C$$EXIT                       
000099d5  abort                         
000099d8  _ctypes_                      
00009ad9  BROADCAST_MAC_ADDRESS         
00009bb8  BROADCAST_IP_ADDRESS          
00009bbc  EMPTY_IP_ADDRESS              
00009be0  __TI_Handler_Table_Base       
00009bec  __TI_Handler_Table_Limit      
00009bf8  __TI_CINIT_Base               
00009c08  __TI_CINIT_Limit              
20000000  __stack                       
20000000  __start___llvm_prf_cnts       
20000000  __stop___llvm_prf_cnts        
20000200  __STACK_TOP                   
20001000  __STACK_END                   
20001000  buffer                        
200015f0  sockets                       
20001848  timers                        
20001bb4  mqttBuffer                    
20001cb4  arpTable                      
20001d90  out                           
20001df4  strInput                      
20001e50  dhcpOfferedIpAdd              
20001e54  dhcpServerIpAdd               
20001e58  udpData                       
20001e5c  arpTestTimer                  
20001e5d  leaseEndTimer                 
20001e5e  newAddTimer                   
20001e5f  releaseTimer                  
20001e60  t1HitTimer                    
20001e61  t1PeriodicTimer               
20001e62  t2HitTimer                    
20001e63  t2PeriodicTimer               
20001e64  xid                           
20001e68  leaseSeconds                  
20001e6c  leaseT1                       
20001e70  leaseT2                       
20001e74  discoverNeeded                
20001e75  requestNeeded                 
20001e76  releaseNeeded                 
20001e77  declineNeeded                 
20001e78  ipConflictDetectionMode       
20001e79  dhcpState                     
20001e7a  dhcpEnabled                   
20001e7b  hwAddress                     
20001e81  nextPacketLsb                 
20001e82  nextPacketMsb                 
20001e83  sequenceId                    
20001e84  systime                       
20001e88  ipAddress                     
20001e8c  ipDnsAddress                  
20001e90  ipGwAddress                   
20001e94  ipMqttBrokerAddress           
20001e98  ipSubnetMask                  
20001e9c  ipTimeServerAddress           
20001ea4  errno                         
20001eac  fin                           
20001eae  arpTableSize                  
20001eb0  count                         
20001eb1  socketCount                   
ffffffff  __TI_pprof_out_hndl           
ffffffff  __TI_prof_data_size           
ffffffff  __TI_prof_data_start          
ffffffff  __binit__                     
ffffffff  __c_args__                    
ffffffff  binit                         
UNDEFED   __mpu_init                    
UNDEFED   _system_post_cinit            

[380 symbols]
