******************************************************************************
                  TI ARM Linker PC v20.2.7                     
******************************************************************************
>> Linked Sat Nov 30 07:46:35 2024

OUTPUT FILE NAME:   <HydraSense.out>
ENTRY POINT SYMBOL: "_c_int00_noargs"  address: 00008de5


MEMORY CONFIGURATION

         name            origin    length      used     unused   attr    fill
----------------------  --------  ---------  --------  --------  ----  --------
  FLASH                 00000000   00040000  00009200  00036e00  R  X
  SRAM                  20000000   00008000  00001e71  0000618f  RW X


SEGMENT ALLOCATION MAP

run origin  load origin   length   init length attrs members
----------  ----------- ---------- ----------- ----- -------
00000000    00000000    00009200   00009200    r-x
  00000000    00000000    0000026c   0000026c    r-- .intvecs
  0000026c    0000026c    00008d64   00008d64    r-x .text
  00008fd0    00008fd0    000001e8   000001e8    r-- .const
  000091b8    000091b8    00000048   00000048    r-- .cinit
20000000    20000000    00001e74   00000000    rw-
  20000000    20000000    00001000   00000000    rw- .stack
  20001000    20001000    00000e25   00000000    rw- .bss
  20001e28    20001e28    0000004c   00000000    rw- .data


SECTION ALLOCATION MAP

 output                                  attributes/
section   page    origin      length       input sections
--------  ----  ----------  ----------   ----------------
.intvecs   0    00000000    0000026c     
                  00000000    0000026c     tm4c123gh6pm_startup_ccs.obj (.intvecs)

.text      0    0000026c    00008d64     
                  0000026c    00000e0c     dhcp.obj (.text)
                  00001078    00000b14     rtsv7M4_T_le_v4SPD16_eabi.lib : _scanfi.c.obj (.text:__TI_scanfi)
                  00001b8c    00000a84     tcp.obj (.text)
                  00002610    00000a60     shell.obj (.text)
                  00003070    00000a4e     rtsv7M4_T_le_v4SPD16_eabi.lib : _printfi.c.obj (.text:__TI_printfi)
                  00003abe    00000002                                   : div0.asm.obj (.text)
                  00003ac0    00000808     gpio.obj (.text)
                  000042c8    00000770     eth0.obj (.text)
                  00004a38    000005c8     ip.obj (.text)
                  00005000    00000550     network_stack.obj (.text)
                  00005550    00000460     rtsv7M4_T_le_v4SPD16_eabi.lib : strtod.c.obj (.text:strtod)
                  000059b0    0000045c     socket.obj (.text)
                  00005e0c    0000043c     mqtt.obj (.text)
                  00006248    0000039a     arp.obj (.text)
                  000065e2    00000002     --HOLE-- [fill = 0]
                  000065e4    00000368     timer.obj (.text)
                  0000694c    00000300     udp.obj (.text)
                  00006c4c    000002f0     strlib.obj (.text)
                  00006f3c    00000270     rtsv7M4_T_le_v4SPD16_eabi.lib : _printfi.c.obj (.text:_pconv_a)
                  000071ac    000001dc                                   : strtoll.c.obj (.text:strtoll)
                  00007388    000001d0                                   : _printfi.c.obj (.text:_pconv_g)
                  00007558    000001b6                                   : fd_add_t2.asm.obj (.text)
                  0000770e    00000160     icmp.obj (.text)
                  0000786e    00000002     --HOLE-- [fill = 0]
                  00007870    00000160     spi0.obj (.text)
                  000079d0    0000015c     rtsv7M4_T_le_v4SPD16_eabi.lib : strtoull.c.obj (.text:strtoull)
                  00007b2c    0000013c                                   : _printfi.c.obj (.text:_pconv_e)
                  00007c68    00000136                                   : fd_div_t2.asm.obj (.text)
                  00007d9e    00000002     --HOLE-- [fill = 0]
                  00007da0    00000130                                   : strtol.c.obj (.text:strtol)
                  00007ed0    00000128     uart0.obj (.text)
                  00007ff8    00000124     rtsv7M4_T_le_v4SPD16_eabi.lib : _printfi.c.obj (.text:fcvt)
                  0000811c    00000110                                   : s_scalbn.c.obj (.text:scalbn)
                  0000822c    00000110                                   : strtoul.c.obj (.text:strtoul)
                  0000833c    000000fc                                   : fd_mul_t2.asm.obj (.text)
                  00008438    000000d4     main.obj (.text)
                  0000850c    000000b1     rtsv7M4_T_le_v4SPD16_eabi.lib : _printfi.c.obj (.text:_ltostr)
                  000085bd    00000001     --HOLE-- [fill = 0]
                  000085be    0000009c                                   : memcpy_t2.asm.obj (.text)
                  0000865a    00000096                                   : ull_div_t2.asm.obj (.text)
                  000086f0    00000086                                   : fd_cmp_t2.asm.obj (.text:__aeabi_cdcmple)
                  00008776    00000086                                   : fd_cmp_t2.asm.obj (.text:__aeabi_cdrcmple)
                  000087fc    00000084     eeprom.obj (.text)
                  00008880    0000007a     rtsv7M4_T_le_v4SPD16_eabi.lib : memset_t2.asm.obj (.text)
                  000088fa    0000006e                                   : _printfi.c.obj (.text:_mcpy)
                  00008968    0000006e                                   : fd_tos_t2.asm.obj (.text)
                  000089d6    00000002     --HOLE-- [fill = 0]
                  000089d8    00000068                                   : sscanf.c.obj (.text:_chkmbc)
                  00008a40    00000068                                   : copy_decompress_lzss.c.obj (.text:decompress:lzss:__TI_decompress_lzss)
                  00008aa8    00000064                                   : s_frexp.c.obj (.text:frexp)
                  00008b0c    00000056                                   : _printfi.c.obj (.text:_pconv_f)
                  00008b62    00000054                                   : _ltoa.c.obj (.text:__TI_ltoa)
                  00008bb6    00000052                                   : _printfi.c.obj (.text:_ecpy)
                  00008c08    0000004c                                   : atoi.c.obj (.text:atoi)
                  00008c54    0000004c                                   : snprintf.c.obj (.text:snprintf)
                  00008ca0    00000048                                   : fd_toi_t2.asm.obj (.text)
                  00008ce8    00000044                                   : autoinit.c.obj (.text:__TI_auto_init_nobinit_nopinit:__TI_auto_init_nobinit_nopinit)
                  00008d2c    00000040     clock.obj (.text)
                  00008d6c    0000003e     rtsv7M4_T_le_v4SPD16_eabi.lib : _printfi.c.obj (.text:_fcpy)
                  00008daa    00000002     --HOLE-- [fill = 0]
                  00008dac    00000038                                   : sscanf.c.obj (.text:sscanf)
                  00008de4    00000034                                   : boot_cortex_m.c.obj (.text:_c_int00_noargs:_c_int00_noargs)
                  00008e18    00000030                                   : snprintf.c.obj (.text:_outs)
                  00008e48    0000002e                                   : i_tofd_t2.asm.obj (.text)
                  00008e76    00000024     wait.obj (.text)
                  00008e9a    0000001c     rtsv7M4_T_le_v4SPD16_eabi.lib : memccpy.c.obj (.text:memccpy)
                  00008eb6    0000001a                                   : s_copysign.c.obj (.text:copysign)
                  00008ed0    00000018                                   : snprintf.c.obj (.text:_outc)
                  00008ee8    00000018                                   : ll_mul_t2.asm.obj (.text)
                  00008f00    00000018                                   : strcmp.c.obj (.text:strcmp)
                  00008f18    00000018                                   : strrchr.c.obj (.text:strrchr)
                  00008f30    00000016                                   : strchr.c.obj (.text:strchr)
                  00008f46    00000014                                   : strcpy.c.obj (.text:strcpy)
                  00008f5a    00000014                                   : strlen.c.obj (.text:strlen)
                  00008f6e    00000012                                   : sscanf.c.obj (.text:_inpchar)
                  00008f80    00000012                                   : wcslen.c.obj (.text:wcslen)
                  00008f92    0000000e                                   : copy_decompress_none.c.obj (.text:decompress:none:__TI_decompress_none)
                  00008fa0    0000000c                                   : copy_zero_init.c.obj (.text:decompress:ZI:__TI_zero_init)
                  00008fac    0000000c     tm4c123gh6pm_startup_ccs.obj (.text)
                  00008fb8    00000008     rtsv7M4_T_le_v4SPD16_eabi.lib : errno.c.obj (.text:__aeabi_errno_addr)
                  00008fc0    00000008                                   : sscanf.c.obj (.text:_uninpchar)
                  00008fc8    00000004                                   : pre_init.c.obj (.text:_system_pre_init)
                  00008fcc    00000004                                   : exit.c.obj (.text:abort:abort)

.const     0    00008fd0    000001e8     
                  00008fd0    00000101     rtsv7M4_T_le_v4SPD16_eabi.lib : ctype.c.obj (.const:.string:_ctypes_)
                  000090d1    00000006     eth0.obj (.const:.string:BROADCAST_MAC_ADDRESS)
                  000090d7    00000001     --HOLE-- [fill = 0]
                  000090d8    000000c8     rtsv7M4_T_le_v4SPD16_eabi.lib : strtod.c.obj (.const:$O1$$)
                  000091a0    00000010                                   : _scanfi.c.obj (.const:$O1$$)
                  000091b0    00000004     ip.obj (.const:.string:BROADCAST_IP_ADDRESS)
                  000091b4    00000004     ip.obj (.const:.string:EMPTY_IP_ADDRESS)

.cinit     0    000091b8    00000048     
                  000091b8    00000022     (.cinit..data.load) [load image, compression = lzss]
                  000091da    00000002     --HOLE-- [fill = 0]
                  000091dc    0000000c     (__TI_handler_table)
                  000091e8    00000008     (.cinit..bss.load) [load image, compression = zero_init]
                  000091f0    00000010     (__TI_cinit_table)

.init_array 
*          0    00000000    00000000     UNINITIALIZED

.bss       0    20001000    00000e25     UNINITIALIZED
                  20001000    000005f0     (.common:buffer)
                  200015f0    00000230     (.common:sockets)
                  20001820    000001f4     (.common:timers)
                  20001a14    00000164     (.common:mqclient)
                  20001b78    00000100     (.common:mqttBuffer)
                  20001c78    000000dc     (.common:arpTable)
                  20001d54    00000064     (.common:out)
                  20001db8    00000054     (.common:strInput)
                  20001e0c    00000004     dhcp.obj (.bss)
                  20001e10    00000004     (.common:dhcpOfferedIpAdd)
                  20001e14    00000004     (.common:dhcpServerIpAdd)
                  20001e18    00000004     (.common:udpData)
                  20001e1c    00000001     (.common:arpTestTimer)
                  20001e1d    00000001     (.common:leaseEndTimer)
                  20001e1e    00000001     (.common:newAddTimer)
                  20001e1f    00000001     (.common:releaseTimer)
                  20001e20    00000001     (.common:t1HitTimer)
                  20001e21    00000001     (.common:t1PeriodicTimer)
                  20001e22    00000001     (.common:t2HitTimer)
                  20001e23    00000001     (.common:t2PeriodicTimer)
                  20001e24    00000001     (.common:timeoutTimer)

.data      0    20001e28    0000004c     UNINITIALIZED
                  20001e28    00000017     dhcp.obj (.data)
                  20001e3f    00000006     eth0.obj (.data:hwAddress)
                  20001e45    00000003     eth0.obj (.data)
                  20001e48    00000004     clock.obj (.data)
                  20001e4c    00000004     ip.obj (.data:ipAddress)
                  20001e50    00000004     ip.obj (.data:ipDnsAddress)
                  20001e54    00000004     ip.obj (.data:ipGwAddress)
                  20001e58    00000004     ip.obj (.data:ipMqttBrokerAddress)
                  20001e5c    00000004     ip.obj (.data:ipSubnetMask)
                  20001e60    00000004     ip.obj (.data:ipTimeServerAddress)
                  20001e64    00000004     network_stack.obj (.data)
                  20001e68    00000004     rtsv7M4_T_le_v4SPD16_eabi.lib : errno.c.obj (.data)
                  20001e6c    00000004     strlib.obj (.data)
                  20001e70    00000001     arp.obj (.data)
                  20001e71    00000001     mqtt.obj (.data)
                  20001e72    00000001     shell.obj (.data)
                  20001e73    00000001     socket.obj (.data)

.stack     0    20000000    00001000     UNINITIALIZED
                  20000000    00000004     rtsv7M4_T_le_v4SPD16_eabi.lib : boot_cortex_m.c.obj (.stack)
                  20000004    00000ffc     --HOLE--

__llvm_prf_cnts 
*          0    20000000    00000000     UNINITIALIZED

MODULE SUMMARY

       Module                         code    ro data   rw data
       ------                         ----    -------   -------
    .\core\
       tm4c123gh6pm_startup_ccs.obj   12      620       0      
    +--+------------------------------+-------+---------+---------+
       Total:                         12      620       0      
                                                               
    .\drivers\
       gpio.obj                       2056    0         0      
       eth0.obj                       1904    6         9      
       timer.obj                      872     0         500    
       spi0.obj                       352     0         0      
       uart0.obj                      296     0         0      
       eeprom.obj                     132     0         0      
       clock.obj                      64      0         4      
    +--+------------------------------+-------+---------+---------+
       Total:                         5676    6         513    
                                                               
    .\libs\
       strlib.obj                     752     0         4      
    +--+------------------------------+-------+---------+---------+
       Total:                         752     0         4      
                                                               
    .\middleware\
       dhcp.obj                       3596    0         43     
       tcp.obj                        2692    0         0      
       mqtt.obj                       1084    0         714    
       socket.obj                     1116    0         561    
       ip.obj                         1480    8         24     
       arp.obj                        922     0         221    
       udp.obj                        768     0         0      
       icmp.obj                       352     0         0      
    +--+------------------------------+-------+---------+---------+
       Total:                         12010   8         1563   
                                                               
    .\src\
       network_stack.obj              1360    0         1528   
       shell.obj                      2656    0         85     
       main.obj                       212     0         0      
       wait.obj                       36      0         0      
    +--+------------------------------+-------+---------+---------+
       Total:                         4264    0         1613   
                                                               
    C:\ti\ccs1240\ccs\tools\compiler\ti-cgt-arm_20.2.7.LTS\lib\rtsv7M4_T_le_v4SPD16_eabi.lib
       _printfi.c.obj                 4851    0         0      
       _scanfi.c.obj                  2836    16        0      
       strtod.c.obj                   1120    200       0      
       strtoll.c.obj                  476     0         0      
       fd_add_t2.asm.obj              438     0         0      
       strtoull.c.obj                 348     0         0      
       fd_div_t2.asm.obj              310     0         0      
       strtol.c.obj                   304     0         0      
       s_scalbn.c.obj                 272     0         0      
       strtoul.c.obj                  272     0         0      
       fd_cmp_t2.asm.obj              268     0         0      
       ctype.c.obj                    0       257       0      
       fd_mul_t2.asm.obj              252     0         0      
       sscanf.c.obj                   186     0         0      
       memcpy_t2.asm.obj              156     0         0      
       ull_div_t2.asm.obj             150     0         0      
       snprintf.c.obj                 148     0         0      
       memset_t2.asm.obj              122     0         0      
       fd_tos_t2.asm.obj              110     0         0      
       copy_decompress_lzss.c.obj     104     0         0      
       s_frexp.c.obj                  100     0         0      
       _ltoa.c.obj                    84      0         0      
       atoi.c.obj                     76      0         0      
       fd_toi_t2.asm.obj              72      0         0      
       autoinit.c.obj                 68      0         0      
       boot_cortex_m.c.obj            52      0         0      
       i_tofd_t2.asm.obj              46      0         0      
       memccpy.c.obj                  28      0         0      
       s_copysign.c.obj               26      0         0      
       ll_mul_t2.asm.obj              24      0         0      
       strcmp.c.obj                   24      0         0      
       strrchr.c.obj                  24      0         0      
       strchr.c.obj                   22      0         0      
       strcpy.c.obj                   20      0         0      
       strlen.c.obj                   20      0         0      
       wcslen.c.obj                   18      0         0      
       copy_decompress_none.c.obj     14      0         0      
       copy_zero_init.c.obj           12      0         0      
       errno.c.obj                    8       0         4      
       exit.c.obj                     4       0         0      
       pre_init.c.obj                 4       0         0      
       div0.asm.obj                   2       0         0      
    +--+------------------------------+-------+---------+---------+
       Total:                         13471   473       4      
                                                               
       Stack:                         0       0         4096   
       Linker Generated:              0       70        0      
    +--+------------------------------+-------+---------+---------+
       Grand Total:                   36185   1177      7793   


LINKER GENERATED COPY TABLES

__TI_cinit_table @ 000091f0 records: 2, size/record: 8, table size: 16
	.data: load addr=000091b8, load size=00000022 bytes, run addr=20001e28, run size=0000004c bytes, compression=lzss
	.bss: load addr=000091e8, load size=00000008 bytes, run addr=20001000, run size=00000e25 bytes, compression=zero_init


LINKER GENERATED HANDLER TABLE

__TI_handler_table @ 000091dc records: 3, size/record: 4, table size: 12
	index: 0, handler: __TI_decompress_lzss
	index: 1, handler: __TI_decompress_none
	index: 2, handler: __TI_zero_init


GLOBAL SYMBOLS: SORTED ALPHABETICALLY BY Name 

address   name                          
-------   ----                          
000091b0  BROADCAST_IP_ADDRESS          
000090d1  BROADCAST_MAC_ADDRESS         
00008fcd  C$$EXIT                       
000091b4  EMPTY_IP_ADDRESS              
00008fad  ResetISR                      
20001000  __STACK_END                   
00001000  __STACK_SIZE                  
20000200  __STACK_TOP                   
000091f0  __TI_CINIT_Base               
00009200  __TI_CINIT_Limit              
000091dc  __TI_Handler_Table_Base       
000091e8  __TI_Handler_Table_Limit      
00008ce9  __TI_auto_init_nobinit_nopinit
00008a41  __TI_decompress_lzss          
00008f93  __TI_decompress_none          
00008b63  __TI_ltoa                     
ffffffff  __TI_pprof_out_hndl           
00003071  __TI_printfi                  
ffffffff  __TI_prof_data_size           
ffffffff  __TI_prof_data_start          
00001079  __TI_scanfi                   
00000000  __TI_static_base__            
00008fa1  __TI_zero_init                
000086f1  __aeabi_cdcmpeq               
000086f1  __aeabi_cdcmple               
00008777  __aeabi_cdrcmple              
00008969  __aeabi_d2f                   
00008ca1  __aeabi_d2iz                  
00007563  __aeabi_dadd                  
00007c69  __aeabi_ddiv                  
0000833d  __aeabi_dmul                  
00007559  __aeabi_dsub                  
00008fb9  __aeabi_errno_addr            
00008e49  __aeabi_i2d                   
00003abf  __aeabi_idiv0                 
00003abf  __aeabi_ldiv0                 
00008ee9  __aeabi_lmul                  
00008881  __aeabi_memclr                
00008881  __aeabi_memclr4               
00008881  __aeabi_memclr8               
000085bf  __aeabi_memcpy                
000085bf  __aeabi_memcpy4               
000085bf  __aeabi_memcpy8               
00008883  __aeabi_memset                
00008883  __aeabi_memset4               
00008883  __aeabi_memset8               
0000865b  __aeabi_uldivmod              
ffffffff  __binit__                     
ffffffff  __c_args__                    
UNDEFED   __mpu_init                    
20000000  __stack                       
20000000  __start___llvm_prf_cnts       
20000000  __stop___llvm_prf_cnts        
00008de5  _c_int00_noargs               
00008fd0  _ctypes_                      
UNDEFED   _system_post_cinit            
00008fc9  _system_pre_init              
00008fcd  abort                         
00006249  addArpEntry                   
00000535  addDhcpOption                 
0000200d  adjustTcpAckNum               
20001c78  arpTable                      
20001e70  arpTableSize                  
20001e1c  arpTestTimer                  
00002611  asciiToUint8                  
00008c09  atoi                          
ffffffff  binit                         
20001000  buffer                        
00004cf9  calcIpChecksum                
0000028f  callbackDhcpGetNewAddressTimer
000003d5  callbackDhcpIpConflictWindow  
00000305  callbackDhcpLeaseEndTimer     
000002a9  callbackDhcpT1HitTimer        
00000299  callbackDhcpT1PeriodicTimer   
000002e3  callbackDhcpT2HitTimer        
000002d9  callbackDhcpT2PeriodicTimer   
00004387  clearEtherReg                 
00004115  clearPinInterrupt             
00001ee7  closeTcpConnection            
00001ec1  completeTcpConnection         
00005ee1  connectMqtt                   
00004b9b  convertIpAddressToU32         
00004bd3  copyIpAddress                 
00004925  copyMacAddress                
00008eb7  copysign                      
00008eb7  copysignl                     
20001e72  count                         
20001e3b  declineNeeded                 
00005a81  deleteSocket                  
20001e3e  dhcpEnabled                   
20001e10  dhcpOfferedIpAdd              
20001e14  dhcpServerIpAdd               
20001e3d  dhcpState                     
00000f75  disableDhcp                   
000042df  disableEtherCs                
000040f1  disablePinInterrupt           
00003e29  disablePinPulldown            
00003de1  disablePinPullup              
00003b7d  disablePort                   
0000618f  disconnectMqtt                
20001e38  discoverNeeded                
0000264b  displayConnectionInfo         
00000f59  enableDhcp                    
000042c9  enableEtherCs                 
000040cd  enablePinInterrupt            
00003e05  enablePinPulldown             
00003db3  enablePinPullup               
00003ac1  enablePort                    
00006141  encodeLength                  
20001e68  errno                         
00008aa9  frexp                         
00008aa9  frexpl                        
00000000  g_pfnVectors                  
000063c7  getArpPacket                  
000004a3  getDhcpFrame                  
00000445  getDhcpLeaseSeconds           
0000060d  getDhcpOption                 
00000281  getDhcpState                  
0000490f  getEtherId                    
000049d9  getEtherMacAddress            
000046e7  getEtherPacket                
00004d69  getIpAddress                  
00004cc7  getIpChecksum                 
00004ec9  getIpDnsAddress               
00004e55  getIpGatewayAddress           
00004ad1  getIpHeader                   
00004fb1  getIpMqttBrokerAddress        
00004de1  getIpSubnetMask               
00004f3d  getIpTimeServerAddress        
000060ab  getMqttPacket                 
00005e27  getMqttQos                    
00005e21  getMqttState                  
00006021  getMqttTopics                 
00004183  getPinValue                   
00004239  getPortValue                  
00005bbd  getSocketFromLocalPort        
00005af1  getSocketId                   
00005c19  getSocketInfoFromArpResponse  
00005d55  getSocketInfoFromTcpPacket    
00005ca9  getSocketInfoFromUdpPacket    
00005b33  getSockets                    
00001fc5  getTcpData                    
00001bbd  getTcpHeader                  
00001ba7  getTcpState                   
00006a1f  getUdpData                    
000069f5  getUdpHeader                  
00007fa7  getcUart0                     
00000b3b  handleDhcpAck                 
00001d7f  handleSocketError             
00001f79  handleTcpData                 
000048e3  htonl                         
000048bf  htons                         
20001e3f  hwAddress                     
0000491b  incEtherId                    
000087fd  initEeprom                    
000044fb  initEther                     
00008439  initHw                        
00005e2b  initMqtt                      
000059b1  initSockets                   
00007871  initSpi0                      
00008d35  initSysTimer1ms               
00008d2d  initSystemClockTo40Mhz        
000065e5  initTimer                     
00007ed1  initUart0                     
20001e4c  ipAddress                     
20001e3c  ipConflictDetectionMode       
20001e50  ipDnsAddress                  
20001e54  ipGwAddress                   
20001e58  ipMqttBrokerAddress           
20001e5c  ipSubnetMask                  
20001e60  ipTimeServerAddress           
000062cf  isArpRequest                  
00006373  isArpResponse                 
00000a89  isDhcpAck                     
00000cb9  isDhcpDeclineNeeded           
00000cad  isDhcpDiscoverNeeded          
00000fe1  isDhcpEnabled                 
0000043f  isDhcpIpConflictDetectionMode 
000009c5  isDhcpOffer                   
00000cbf  isDhcpReleaseNeeded           
00000cb3  isDhcpRequestNeeded           
0000044b  isDhcpResponse                
0000469d  isEtherDataAvailable          
00004683  isEtherLinkUp                 
000046b7  isEtherOverflow               
00004a39  isIp                          
00004c01  isIpEqual                     
00004b3d  isIpInSubnet                  
00004adf  isIpUnicast                   
00004aa9  isIpValid                     
00006079  isMqttResponse                
00005001  isNetworkReady                
0000770f  isPingRequest                 
00001bdf  isTcp                         
00001d0b  isTcpAck                      
00001fed  isTcpDataAvailable            
00001ccf  isTcpFin                      
000021bb  isTcpPortOpen                 
00001d45  isTcpPsh                      
00001c95  isTcpSyn                      
0000694d  isUdp                         
00007fbb  kbhitUart0                    
0000811d  ldexp                         
0000811d  ldexpl                        
20001e1d  leaseEndTimer                 
20001e2c  leaseSeconds                  
20001e30  leaseT1                       
20001e34  leaseT2                       
0000627d  lookupArpEntry                
00008479  main                          
00008e9b  memccpy                       
000085bf  memcpy                        
00008889  memset                        
00008d49  millis                        
20001a14  mqclient                      
20001b78  mqttBuffer                    
00005e87  mqttConnectTimeout            
00005e65  mqttErrorCallback             
00005ea7  mqttRetryConnection           
0000503b  netstat                       
20001e1e  newAddTimer                   
000059f9  newSocket                     
20001e45  nextPacketLsb                 
20001e46  nextPacketMsb                 
00001e3b  openTcpConnection             
20001d54  out                           
00001ff7  pendTcpResponse               
00005477  processArpData                
00000f0d  processDhcpArpResponse        
00005213  processDhcpData               
00000e45  processDhcpResponse           
000053e3  processIcmpData               
000061b9  processMqttData               
000061a5  processMqttPublish            
00002a15  processShell                  
00002149  processTcpArpResponse         
0000523f  processTcpData                
0000207b  processTcpResponse            
00005355  processUdpData                
00006191  publishMqtt                   
000047d9  putEtherPacket                
00007f5f  putcUart0                     
00007f7b  putsUart0                     
00006907  random32                      
0000515d  readConfiguration             
00008845  readEeprom                    
000044bb  readEtherMem                  
0000440f  readEtherPhy                  
00004321  readEtherReg                  
000079a9  readSpi0Data                  
000002c9  rebindDhcp                    
0000030f  releaseDhcp                   
20001e3a  releaseNeeded                 
20001e1f  releaseTimer                  
0000038f  renewDhcp                     
0000037f  renewIp                       
000003df  requestDhcpIpConflictTest     
00000287  requestDhcpNewAddress         
20001e39  requestNeeded                 
000044d3  resetEther                    
00005f57  runMqttClient                 
000054b3  runNetworkStack               
0000811d  scalbn                        
0000811d  scalbnl                       
00003ce7  selectPinAnalogInput          
00003c99  selectPinDigitalInput         
00004003  selectPinInterruptBothEdges   
00003fb3  selectPinInterruptFallingEdge 
00004059  selectPinInterruptHighLevel   
00004093  selectPinInterruptLowLevel    
00003f63  selectPinInterruptRisingEdge  
00003c4b  selectPinOpenDrainOutput      
00003bfd  selectPinPushPullOutput       
000064c5  sendArpRequest                
000063d9  sendArpResponse               
000006cd  sendDhcpMessage               
00000cc5  sendDhcpPendingMessages       
0000620f  sendMqttMessage               
00007753  sendPingRequest               
0000775f  sendPingResponse              
0000243b  sendTcpMessage                
00001eff  sendTcpPendingMessages        
0000221d  sendTcpResponse               
00006a4b  sendUdpMessage                
20001e47  sequenceId                    
0000026d  setDhcpState                  
000043bb  setEtherBank                  
00004959  setEtherMacAddress            
00004353  setEtherReg                   
00004d2f  setIpAddress                  
00004e8f  setIpDnsAddress               
00004e1b  setIpGatewayAddress           
00004f77  setIpMqttBrokerAddress        
00004da3  setIpSubnetMask               
00004f03  setIpTimeServerAddress        
00005e0d  setMqttState                  
00005fa9  setMqttTopics                 
00003e51  setPinAuxFunction             
00003d37  setPinCommitControl           
00004139  setPinValue                   
000041c1  setPortValue                  
0000790d  setSpi0BaudRate               
00007943  setSpi0Mode                   
00001b8d  setTcpState                   
00007f1b  setUart0BaudRate              
00008c55  snprintf                      
00005ba1  socketCloseTcp                
00005b37  socketConnectTcp              
20001e73  socketCount                   
00005e35  socketErrorCallback           
00005b93  socketRecvTcp                 
00005b83  socketSendTcp                 
200015f0  sockets                       
00008dad  sscanf                        
000044a9  startEtherMemRead             
0000447b  startEtherMemWrite            
000066b7  startOneshotTimer             
00006765  startPeriodicTimer            
000044cb  stopEtherMemRead              
000044a1  stopEtherMemWrite             
00006813  stopTimer                     
20001db8  strInput                      
00006c4d  str_char                      
00006c7d  str_copy                      
00006cb5  str_equal                     
00006d01  str_length                    
00006d9f  str_to_lower                  
00006da9  str_to_upper                  
00006d23  str_tokenize                  
00008f31  strchr                        
00008f01  strcmp                        
00008f47  strcpy                        
00008f5b  strlen                        
00008f19  strrchr                       
00005551  strtod                        
00007da1  strtol                        
00005551  strtold                       
000071ad  strtoll                       
0000822d  strtoul                       
000079d1  strtoull                      
000061d1  subscribeMqtt                 
00004c53  sumIpWords                    
00008d4f  sysTickIsr                    
20001e48  systime                       
20001e20  t1HitTimer                    
20001e21  t1PeriodicTimer               
20001e22  t2HitTimer                    
20001e23  t2PeriodicTimer               
00001dfd  tcpTimeoutCallback            
0000685d  tickIsr                       
20001e24  timeoutTimer                  
20001820  timers                        
00006db3  to_lower                      
00006dd3  to_string                     
00006ebf  to_uint32                     
00006dc3  to_upper                      
0000415f  togglePinValue                
20001e18  udpData                       
000061db  unsubscribeMqtt               
00008e77  waitMicrosecond               
00008f81  wcslen                        
00008813  writeEeprom                   
0000448d  writeEtherMem                 
000043d7  writeEtherPhy                 
000042ed  writeEtherReg                 
00007991  writeSpi0Data                 
20001e28  xid                           


GLOBAL SYMBOLS: SORTED BY Symbol Address 

address   name                          
-------   ----                          
00000000  __TI_static_base__            
00000000  g_pfnVectors                  
0000026d  setDhcpState                  
00000281  getDhcpState                  
00000287  requestDhcpNewAddress         
0000028f  callbackDhcpGetNewAddressTimer
00000299  callbackDhcpT1PeriodicTimer   
000002a9  callbackDhcpT1HitTimer        
000002c9  rebindDhcp                    
000002d9  callbackDhcpT2PeriodicTimer   
000002e3  callbackDhcpT2HitTimer        
00000305  callbackDhcpLeaseEndTimer     
0000030f  releaseDhcp                   
0000037f  renewIp                       
0000038f  renewDhcp                     
000003d5  callbackDhcpIpConflictWindow  
000003df  requestDhcpIpConflictTest     
0000043f  isDhcpIpConflictDetectionMode 
00000445  getDhcpLeaseSeconds           
0000044b  isDhcpResponse                
000004a3  getDhcpFrame                  
00000535  addDhcpOption                 
0000060d  getDhcpOption                 
000006cd  sendDhcpMessage               
000009c5  isDhcpOffer                   
00000a89  isDhcpAck                     
00000b3b  handleDhcpAck                 
00000cad  isDhcpDiscoverNeeded          
00000cb3  isDhcpRequestNeeded           
00000cb9  isDhcpDeclineNeeded           
00000cbf  isDhcpReleaseNeeded           
00000cc5  sendDhcpPendingMessages       
00000e45  processDhcpResponse           
00000f0d  processDhcpArpResponse        
00000f59  enableDhcp                    
00000f75  disableDhcp                   
00000fe1  isDhcpEnabled                 
00001000  __STACK_SIZE                  
00001079  __TI_scanfi                   
00001b8d  setTcpState                   
00001ba7  getTcpState                   
00001bbd  getTcpHeader                  
00001bdf  isTcp                         
00001c95  isTcpSyn                      
00001ccf  isTcpFin                      
00001d0b  isTcpAck                      
00001d45  isTcpPsh                      
00001d7f  handleSocketError             
00001dfd  tcpTimeoutCallback            
00001e3b  openTcpConnection             
00001ec1  completeTcpConnection         
00001ee7  closeTcpConnection            
00001eff  sendTcpPendingMessages        
00001f79  handleTcpData                 
00001fc5  getTcpData                    
00001fed  isTcpDataAvailable            
00001ff7  pendTcpResponse               
0000200d  adjustTcpAckNum               
0000207b  processTcpResponse            
00002149  processTcpArpResponse         
000021bb  isTcpPortOpen                 
0000221d  sendTcpResponse               
0000243b  sendTcpMessage                
00002611  asciiToUint8                  
0000264b  displayConnectionInfo         
00002a15  processShell                  
00003071  __TI_printfi                  
00003abf  __aeabi_idiv0                 
00003abf  __aeabi_ldiv0                 
00003ac1  enablePort                    
00003b7d  disablePort                   
00003bfd  selectPinPushPullOutput       
00003c4b  selectPinOpenDrainOutput      
00003c99  selectPinDigitalInput         
00003ce7  selectPinAnalogInput          
00003d37  setPinCommitControl           
00003db3  enablePinPullup               
00003de1  disablePinPullup              
00003e05  enablePinPulldown             
00003e29  disablePinPulldown            
00003e51  setPinAuxFunction             
00003f63  selectPinInterruptRisingEdge  
00003fb3  selectPinInterruptFallingEdge 
00004003  selectPinInterruptBothEdges   
00004059  selectPinInterruptHighLevel   
00004093  selectPinInterruptLowLevel    
000040cd  enablePinInterrupt            
000040f1  disablePinInterrupt           
00004115  clearPinInterrupt             
00004139  setPinValue                   
0000415f  togglePinValue                
00004183  getPinValue                   
000041c1  setPortValue                  
00004239  getPortValue                  
000042c9  enableEtherCs                 
000042df  disableEtherCs                
000042ed  writeEtherReg                 
00004321  readEtherReg                  
00004353  setEtherReg                   
00004387  clearEtherReg                 
000043bb  setEtherBank                  
000043d7  writeEtherPhy                 
0000440f  readEtherPhy                  
0000447b  startEtherMemWrite            
0000448d  writeEtherMem                 
000044a1  stopEtherMemWrite             
000044a9  startEtherMemRead             
000044bb  readEtherMem                  
000044cb  stopEtherMemRead              
000044d3  resetEther                    
000044fb  initEther                     
00004683  isEtherLinkUp                 
0000469d  isEtherDataAvailable          
000046b7  isEtherOverflow               
000046e7  getEtherPacket                
000047d9  putEtherPacket                
000048bf  htons                         
000048e3  htonl                         
0000490f  getEtherId                    
0000491b  incEtherId                    
00004925  copyMacAddress                
00004959  setEtherMacAddress            
000049d9  getEtherMacAddress            
00004a39  isIp                          
00004aa9  isIpValid                     
00004ad1  getIpHeader                   
00004adf  isIpUnicast                   
00004b3d  isIpInSubnet                  
00004b9b  convertIpAddressToU32         
00004bd3  copyIpAddress                 
00004c01  isIpEqual                     
00004c53  sumIpWords                    
00004cc7  getIpChecksum                 
00004cf9  calcIpChecksum                
00004d2f  setIpAddress                  
00004d69  getIpAddress                  
00004da3  setIpSubnetMask               
00004de1  getIpSubnetMask               
00004e1b  setIpGatewayAddress           
00004e55  getIpGatewayAddress           
00004e8f  setIpDnsAddress               
00004ec9  getIpDnsAddress               
00004f03  setIpTimeServerAddress        
00004f3d  getIpTimeServerAddress        
00004f77  setIpMqttBrokerAddress        
00004fb1  getIpMqttBrokerAddress        
00005001  isNetworkReady                
0000503b  netstat                       
0000515d  readConfiguration             
00005213  processDhcpData               
0000523f  processTcpData                
00005355  processUdpData                
000053e3  processIcmpData               
00005477  processArpData                
000054b3  runNetworkStack               
00005551  strtod                        
00005551  strtold                       
000059b1  initSockets                   
000059f9  newSocket                     
00005a81  deleteSocket                  
00005af1  getSocketId                   
00005b33  getSockets                    
00005b37  socketConnectTcp              
00005b83  socketSendTcp                 
00005b93  socketRecvTcp                 
00005ba1  socketCloseTcp                
00005bbd  getSocketFromLocalPort        
00005c19  getSocketInfoFromArpResponse  
00005ca9  getSocketInfoFromUdpPacket    
00005d55  getSocketInfoFromTcpPacket    
00005e0d  setMqttState                  
00005e21  getMqttState                  
00005e27  getMqttQos                    
00005e2b  initMqtt                      
00005e35  socketErrorCallback           
00005e65  mqttErrorCallback             
00005e87  mqttConnectTimeout            
00005ea7  mqttRetryConnection           
00005ee1  connectMqtt                   
00005f57  runMqttClient                 
00005fa9  setMqttTopics                 
00006021  getMqttTopics                 
00006079  isMqttResponse                
000060ab  getMqttPacket                 
00006141  encodeLength                  
0000618f  disconnectMqtt                
00006191  publishMqtt                   
000061a5  processMqttPublish            
000061b9  processMqttData               
000061d1  subscribeMqtt                 
000061db  unsubscribeMqtt               
0000620f  sendMqttMessage               
00006249  addArpEntry                   
0000627d  lookupArpEntry                
000062cf  isArpRequest                  
00006373  isArpResponse                 
000063c7  getArpPacket                  
000063d9  sendArpResponse               
000064c5  sendArpRequest                
000065e5  initTimer                     
000066b7  startOneshotTimer             
00006765  startPeriodicTimer            
00006813  stopTimer                     
0000685d  tickIsr                       
00006907  random32                      
0000694d  isUdp                         
000069f5  getUdpHeader                  
00006a1f  getUdpData                    
00006a4b  sendUdpMessage                
00006c4d  str_char                      
00006c7d  str_copy                      
00006cb5  str_equal                     
00006d01  str_length                    
00006d23  str_tokenize                  
00006d9f  str_to_lower                  
00006da9  str_to_upper                  
00006db3  to_lower                      
00006dc3  to_upper                      
00006dd3  to_string                     
00006ebf  to_uint32                     
000071ad  strtoll                       
00007559  __aeabi_dsub                  
00007563  __aeabi_dadd                  
0000770f  isPingRequest                 
00007753  sendPingRequest               
0000775f  sendPingResponse              
00007871  initSpi0                      
0000790d  setSpi0BaudRate               
00007943  setSpi0Mode                   
00007991  writeSpi0Data                 
000079a9  readSpi0Data                  
000079d1  strtoull                      
00007c69  __aeabi_ddiv                  
00007da1  strtol                        
00007ed1  initUart0                     
00007f1b  setUart0BaudRate              
00007f5f  putcUart0                     
00007f7b  putsUart0                     
00007fa7  getcUart0                     
00007fbb  kbhitUart0                    
0000811d  ldexp                         
0000811d  ldexpl                        
0000811d  scalbn                        
0000811d  scalbnl                       
0000822d  strtoul                       
0000833d  __aeabi_dmul                  
00008439  initHw                        
00008479  main                          
000085bf  __aeabi_memcpy                
000085bf  __aeabi_memcpy4               
000085bf  __aeabi_memcpy8               
000085bf  memcpy                        
0000865b  __aeabi_uldivmod              
000086f1  __aeabi_cdcmpeq               
000086f1  __aeabi_cdcmple               
00008777  __aeabi_cdrcmple              
000087fd  initEeprom                    
00008813  writeEeprom                   
00008845  readEeprom                    
00008881  __aeabi_memclr                
00008881  __aeabi_memclr4               
00008881  __aeabi_memclr8               
00008883  __aeabi_memset                
00008883  __aeabi_memset4               
00008883  __aeabi_memset8               
00008889  memset                        
00008969  __aeabi_d2f                   
00008a41  __TI_decompress_lzss          
00008aa9  frexp                         
00008aa9  frexpl                        
00008b63  __TI_ltoa                     
00008c09  atoi                          
00008c55  snprintf                      
00008ca1  __aeabi_d2iz                  
00008ce9  __TI_auto_init_nobinit_nopinit
00008d2d  initSystemClockTo40Mhz        
00008d35  initSysTimer1ms               
00008d49  millis                        
00008d4f  sysTickIsr                    
00008dad  sscanf                        
00008de5  _c_int00_noargs               
00008e49  __aeabi_i2d                   
00008e77  waitMicrosecond               
00008e9b  memccpy                       
00008eb7  copysign                      
00008eb7  copysignl                     
00008ee9  __aeabi_lmul                  
00008f01  strcmp                        
00008f19  strrchr                       
00008f31  strchr                        
00008f47  strcpy                        
00008f5b  strlen                        
00008f81  wcslen                        
00008f93  __TI_decompress_none          
00008fa1  __TI_zero_init                
00008fad  ResetISR                      
00008fb9  __aeabi_errno_addr            
00008fc9  _system_pre_init              
00008fcd  C$$EXIT                       
00008fcd  abort                         
00008fd0  _ctypes_                      
000090d1  BROADCAST_MAC_ADDRESS         
000091b0  BROADCAST_IP_ADDRESS          
000091b4  EMPTY_IP_ADDRESS              
000091dc  __TI_Handler_Table_Base       
000091e8  __TI_Handler_Table_Limit      
000091f0  __TI_CINIT_Base               
00009200  __TI_CINIT_Limit              
20000000  __stack                       
20000000  __start___llvm_prf_cnts       
20000000  __stop___llvm_prf_cnts        
20000200  __STACK_TOP                   
20001000  __STACK_END                   
20001000  buffer                        
200015f0  sockets                       
20001820  timers                        
20001a14  mqclient                      
20001b78  mqttBuffer                    
20001c78  arpTable                      
20001d54  out                           
20001db8  strInput                      
20001e10  dhcpOfferedIpAdd              
20001e14  dhcpServerIpAdd               
20001e18  udpData                       
20001e1c  arpTestTimer                  
20001e1d  leaseEndTimer                 
20001e1e  newAddTimer                   
20001e1f  releaseTimer                  
20001e20  t1HitTimer                    
20001e21  t1PeriodicTimer               
20001e22  t2HitTimer                    
20001e23  t2PeriodicTimer               
20001e24  timeoutTimer                  
20001e28  xid                           
20001e2c  leaseSeconds                  
20001e30  leaseT1                       
20001e34  leaseT2                       
20001e38  discoverNeeded                
20001e39  requestNeeded                 
20001e3a  releaseNeeded                 
20001e3b  declineNeeded                 
20001e3c  ipConflictDetectionMode       
20001e3d  dhcpState                     
20001e3e  dhcpEnabled                   
20001e3f  hwAddress                     
20001e45  nextPacketLsb                 
20001e46  nextPacketMsb                 
20001e47  sequenceId                    
20001e48  systime                       
20001e4c  ipAddress                     
20001e50  ipDnsAddress                  
20001e54  ipGwAddress                   
20001e58  ipMqttBrokerAddress           
20001e5c  ipSubnetMask                  
20001e60  ipTimeServerAddress           
20001e68  errno                         
20001e70  arpTableSize                  
20001e72  count                         
20001e73  socketCount                   
ffffffff  __TI_pprof_out_hndl           
ffffffff  __TI_prof_data_size           
ffffffff  __TI_prof_data_start          
ffffffff  __binit__                     
ffffffff  __c_args__                    
ffffffff  binit                         
UNDEFED   __mpu_init                    
UNDEFED   _system_post_cinit            

[367 symbols]
