******************************************************************************
                  TI ARM Linker PC v20.2.7                     
******************************************************************************
>> Linked Sun Dec  1 00:49:20 2024

OUTPUT FILE NAME:   <HydraSense.out>
ENTRY POINT SYMBOL: "_c_int00_noargs"  address: 00008f8d


MEMORY CONFIGURATION

         name            origin    length      used     unused   attr    fill
----------------------  --------  ---------  --------  --------  ----  --------
  FLASH                 00000000   00040000  000093a8  00036c58  R  X
  SRAM                  20000000   00008000  00001e71  0000618f  RW X


SEGMENT ALLOCATION MAP

run origin  load origin   length   init length attrs members
----------  ----------- ---------- ----------- ----- -------
00000000    00000000    000093a8   000093a8    r-x
  00000000    00000000    0000026c   0000026c    r-- .intvecs
  0000026c    0000026c    00008f0c   00008f0c    r-x .text
  00009178    00009178    000001e8   000001e8    r-- .const
  00009360    00009360    00000048   00000048    r-- .cinit
20000000    20000000    00001e74   00000000    rw-
  20000000    20000000    00001000   00000000    rw- .stack
  20001000    20001000    00000e25   00000000    rw- .bss
  20001e28    20001e28    0000004c   00000000    rw- .data


SECTION ALLOCATION MAP

 output                                  attributes/
section   page    origin      length       input sections
--------  ----  ----------  ----------   ----------------
.intvecs   0    00000000    0000026c     
                  00000000    0000026c     tm4c123gh6pm_startup_ccs.obj (.intvecs)

.text      0    0000026c    00008f0c     
                  0000026c    00000e0c     dhcp.obj (.text)
                  00001078    00000bac     tcp.obj (.text)
                  00001c24    00000b14     rtsv7M4_T_le_v4SPD16_eabi.lib : _scanfi.c.obj (.text:__TI_scanfi)
                  00002738    00000a60     shell.obj (.text)
                  00003198    00000a4e     rtsv7M4_T_le_v4SPD16_eabi.lib : _printfi.c.obj (.text:__TI_printfi)
                  00003be6    00000002                                   : div0.asm.obj (.text)
                  00003be8    00000808     gpio.obj (.text)
                  000043f0    00000774     eth0.obj (.text)
                  00004b64    000005c8     ip.obj (.text)
                  0000512c    00000550     network_stack.obj (.text)
                  0000567c    000004b4     mqtt.obj (.text)
                  00005b30    00000460     socket.obj (.text)
                  00005f90    00000460     rtsv7M4_T_le_v4SPD16_eabi.lib : strtod.c.obj (.text:strtod)
                  000063f0    0000039a     arp.obj (.text)
                  0000678a    00000002     --HOLE-- [fill = 0]
                  0000678c    00000368     timer.obj (.text)
                  00006af4    00000300     udp.obj (.text)
                  00006df4    000002f0     strlib.obj (.text)
                  000070e4    00000270     rtsv7M4_T_le_v4SPD16_eabi.lib : _printfi.c.obj (.text:_pconv_a)
                  00007354    000001dc                                   : strtoll.c.obj (.text:strtoll)
                  00007530    000001d0                                   : _printfi.c.obj (.text:_pconv_g)
                  00007700    000001b6                                   : fd_add_t2.asm.obj (.text)
                  000078b6    00000160     icmp.obj (.text)
                  00007a16    00000002     --HOLE-- [fill = 0]
                  00007a18    00000160     spi0.obj (.text)
                  00007b78    0000015c     rtsv7M4_T_le_v4SPD16_eabi.lib : strtoull.c.obj (.text:strtoull)
                  00007cd4    0000013c                                   : _printfi.c.obj (.text:_pconv_e)
                  00007e10    00000136                                   : fd_div_t2.asm.obj (.text)
                  00007f46    00000002     --HOLE-- [fill = 0]
                  00007f48    00000130                                   : strtol.c.obj (.text:strtol)
                  00008078    00000128     uart0.obj (.text)
                  000081a0    00000124     rtsv7M4_T_le_v4SPD16_eabi.lib : _printfi.c.obj (.text:fcvt)
                  000082c4    00000110                                   : s_scalbn.c.obj (.text:scalbn)
                  000083d4    00000110                                   : strtoul.c.obj (.text:strtoul)
                  000084e4    000000fc                                   : fd_mul_t2.asm.obj (.text)
                  000085e0    000000d4     main.obj (.text)
                  000086b4    000000b1     rtsv7M4_T_le_v4SPD16_eabi.lib : _printfi.c.obj (.text:_ltostr)
                  00008765    00000001     --HOLE-- [fill = 0]
                  00008766    0000009c                                   : memcpy_t2.asm.obj (.text)
                  00008802    00000096                                   : ull_div_t2.asm.obj (.text)
                  00008898    00000086                                   : fd_cmp_t2.asm.obj (.text:__aeabi_cdcmple)
                  0000891e    00000086                                   : fd_cmp_t2.asm.obj (.text:__aeabi_cdrcmple)
                  000089a4    00000084     eeprom.obj (.text)
                  00008a28    0000007a     rtsv7M4_T_le_v4SPD16_eabi.lib : memset_t2.asm.obj (.text)
                  00008aa2    0000006e                                   : _printfi.c.obj (.text:_mcpy)
                  00008b10    0000006e                                   : fd_tos_t2.asm.obj (.text)
                  00008b7e    00000002     --HOLE-- [fill = 0]
                  00008b80    00000068                                   : sscanf.c.obj (.text:_chkmbc)
                  00008be8    00000068                                   : copy_decompress_lzss.c.obj (.text:decompress:lzss:__TI_decompress_lzss)
                  00008c50    00000064                                   : s_frexp.c.obj (.text:frexp)
                  00008cb4    00000056                                   : _printfi.c.obj (.text:_pconv_f)
                  00008d0a    00000054                                   : _ltoa.c.obj (.text:__TI_ltoa)
                  00008d5e    00000052                                   : _printfi.c.obj (.text:_ecpy)
                  00008db0    0000004c                                   : atoi.c.obj (.text:atoi)
                  00008dfc    0000004c                                   : snprintf.c.obj (.text:snprintf)
                  00008e48    00000048                                   : fd_toi_t2.asm.obj (.text)
                  00008e90    00000044                                   : autoinit.c.obj (.text:__TI_auto_init_nobinit_nopinit:__TI_auto_init_nobinit_nopinit)
                  00008ed4    00000040     clock.obj (.text)
                  00008f14    0000003e     rtsv7M4_T_le_v4SPD16_eabi.lib : _printfi.c.obj (.text:_fcpy)
                  00008f52    00000002     --HOLE-- [fill = 0]
                  00008f54    00000038                                   : sscanf.c.obj (.text:sscanf)
                  00008f8c    00000034                                   : boot_cortex_m.c.obj (.text:_c_int00_noargs:_c_int00_noargs)
                  00008fc0    00000030                                   : snprintf.c.obj (.text:_outs)
                  00008ff0    0000002e                                   : i_tofd_t2.asm.obj (.text)
                  0000901e    00000024     wait.obj (.text)
                  00009042    0000001c     rtsv7M4_T_le_v4SPD16_eabi.lib : memccpy.c.obj (.text:memccpy)
                  0000905e    0000001a                                   : s_copysign.c.obj (.text:copysign)
                  00009078    00000018                                   : snprintf.c.obj (.text:_outc)
                  00009090    00000018                                   : ll_mul_t2.asm.obj (.text)
                  000090a8    00000018                                   : strcmp.c.obj (.text:strcmp)
                  000090c0    00000018                                   : strrchr.c.obj (.text:strrchr)
                  000090d8    00000016                                   : strchr.c.obj (.text:strchr)
                  000090ee    00000014                                   : strcpy.c.obj (.text:strcpy)
                  00009102    00000014                                   : strlen.c.obj (.text:strlen)
                  00009116    00000012                                   : sscanf.c.obj (.text:_inpchar)
                  00009128    00000012                                   : wcslen.c.obj (.text:wcslen)
                  0000913a    0000000e                                   : copy_decompress_none.c.obj (.text:decompress:none:__TI_decompress_none)
                  00009148    0000000c                                   : copy_zero_init.c.obj (.text:decompress:ZI:__TI_zero_init)
                  00009154    0000000c     tm4c123gh6pm_startup_ccs.obj (.text)
                  00009160    00000008     rtsv7M4_T_le_v4SPD16_eabi.lib : errno.c.obj (.text:__aeabi_errno_addr)
                  00009168    00000008                                   : sscanf.c.obj (.text:_uninpchar)
                  00009170    00000004                                   : pre_init.c.obj (.text:_system_pre_init)
                  00009174    00000004                                   : exit.c.obj (.text:abort:abort)

.const     0    00009178    000001e8     
                  00009178    00000101     rtsv7M4_T_le_v4SPD16_eabi.lib : ctype.c.obj (.const:.string:_ctypes_)
                  00009279    00000006     eth0.obj (.const:.string:BROADCAST_MAC_ADDRESS)
                  0000927f    00000001     --HOLE-- [fill = 0]
                  00009280    000000c8     rtsv7M4_T_le_v4SPD16_eabi.lib : strtod.c.obj (.const:$O1$$)
                  00009348    00000010                                   : _scanfi.c.obj (.const:$O1$$)
                  00009358    00000004     ip.obj (.const:.string:BROADCAST_IP_ADDRESS)
                  0000935c    00000004     ip.obj (.const:.string:EMPTY_IP_ADDRESS)

.cinit     0    00009360    00000048     
                  00009360    00000022     (.cinit..data.load) [load image, compression = lzss]
                  00009382    00000002     --HOLE-- [fill = 0]
                  00009384    0000000c     (__TI_handler_table)
                  00009390    00000008     (.cinit..bss.load) [load image, compression = zero_init]
                  00009398    00000010     (__TI_cinit_table)

.init_array 
*          0    00000000    00000000     UNINITIALIZED

.bss       0    20001000    00000e25     UNINITIALIZED
                  20001000    000005f0     (.common:buffer)
                  200015f0    00000230     (.common:sockets)
                  20001820    000001f4     (.common:timers)
                  20001a14    00000164     (.common:mqclient)
                  20001b78    00000100     (.common:mqttBuffer)
                  20001c78    000000dc     (.common:arpTable)
                  20001d54    00000064     (.common:out)
                  20001db8    00000054     (.common:strInput)
                  20001e0c    00000004     dhcp.obj (.bss)
                  20001e10    00000004     (.common:dhcpOfferedIpAdd)
                  20001e14    00000004     (.common:dhcpServerIpAdd)
                  20001e18    00000004     (.common:udpData)
                  20001e1c    00000001     (.common:arpTestTimer)
                  20001e1d    00000001     (.common:leaseEndTimer)
                  20001e1e    00000001     (.common:newAddTimer)
                  20001e1f    00000001     (.common:releaseTimer)
                  20001e20    00000001     (.common:t1HitTimer)
                  20001e21    00000001     (.common:t1PeriodicTimer)
                  20001e22    00000001     (.common:t2HitTimer)
                  20001e23    00000001     (.common:t2PeriodicTimer)
                  20001e24    00000001     (.common:timeoutTimer)

.data      0    20001e28    0000004c     UNINITIALIZED
                  20001e28    00000017     dhcp.obj (.data)
                  20001e3f    00000006     eth0.obj (.data:hwAddress)
                  20001e45    00000003     eth0.obj (.data)
                  20001e48    00000004     clock.obj (.data)
                  20001e4c    00000004     ip.obj (.data:ipAddress)
                  20001e50    00000004     ip.obj (.data:ipDnsAddress)
                  20001e54    00000004     ip.obj (.data:ipGwAddress)
                  20001e58    00000004     ip.obj (.data:ipMqttBrokerAddress)
                  20001e5c    00000004     ip.obj (.data:ipSubnetMask)
                  20001e60    00000004     ip.obj (.data:ipTimeServerAddress)
                  20001e64    00000004     network_stack.obj (.data)
                  20001e68    00000004     rtsv7M4_T_le_v4SPD16_eabi.lib : errno.c.obj (.data)
                  20001e6c    00000004     strlib.obj (.data)
                  20001e70    00000001     arp.obj (.data)
                  20001e71    00000001     mqtt.obj (.data)
                  20001e72    00000001     shell.obj (.data)
                  20001e73    00000001     socket.obj (.data)

.stack     0    20000000    00001000     UNINITIALIZED
                  20000000    00000004     rtsv7M4_T_le_v4SPD16_eabi.lib : boot_cortex_m.c.obj (.stack)
                  20000004    00000ffc     --HOLE--

__llvm_prf_cnts 
*          0    20000000    00000000     UNINITIALIZED

MODULE SUMMARY

       Module                         code    ro data   rw data
       ------                         ----    -------   -------
    .\core\
       tm4c123gh6pm_startup_ccs.obj   12      620       0      
    +--+------------------------------+-------+---------+---------+
       Total:                         12      620       0      
                                                               
    .\drivers\
       gpio.obj                       2056    0         0      
       eth0.obj                       1908    6         9      
       timer.obj                      872     0         500    
       spi0.obj                       352     0         0      
       uart0.obj                      296     0         0      
       eeprom.obj                     132     0         0      
       clock.obj                      64      0         4      
    +--+------------------------------+-------+---------+---------+
       Total:                         5680    6         513    
                                                               
    .\libs\
       strlib.obj                     752     0         4      
    +--+------------------------------+-------+---------+---------+
       Total:                         752     0         4      
                                                               
    .\middleware\
       dhcp.obj                       3596    0         43     
       tcp.obj                        2988    0         0      
       mqtt.obj                       1204    0         714    
       socket.obj                     1120    0         561    
       ip.obj                         1480    8         24     
       arp.obj                        922     0         221    
       udp.obj                        768     0         0      
       icmp.obj                       352     0         0      
    +--+------------------------------+-------+---------+---------+
       Total:                         12430   8         1563   
                                                               
    .\src\
       network_stack.obj              1360    0         1528   
       shell.obj                      2656    0         85     
       main.obj                       212     0         0      
       wait.obj                       36      0         0      
    +--+------------------------------+-------+---------+---------+
       Total:                         4264    0         1613   
                                                               
    C:\ti\ccs1240\ccs\tools\compiler\ti-cgt-arm_20.2.7.LTS\lib\rtsv7M4_T_le_v4SPD16_eabi.lib
       _printfi.c.obj                 4851    0         0      
       _scanfi.c.obj                  2836    16        0      
       strtod.c.obj                   1120    200       0      
       strtoll.c.obj                  476     0         0      
       fd_add_t2.asm.obj              438     0         0      
       strtoull.c.obj                 348     0         0      
       fd_div_t2.asm.obj              310     0         0      
       strtol.c.obj                   304     0         0      
       s_scalbn.c.obj                 272     0         0      
       strtoul.c.obj                  272     0         0      
       fd_cmp_t2.asm.obj              268     0         0      
       ctype.c.obj                    0       257       0      
       fd_mul_t2.asm.obj              252     0         0      
       sscanf.c.obj                   186     0         0      
       memcpy_t2.asm.obj              156     0         0      
       ull_div_t2.asm.obj             150     0         0      
       snprintf.c.obj                 148     0         0      
       memset_t2.asm.obj              122     0         0      
       fd_tos_t2.asm.obj              110     0         0      
       copy_decompress_lzss.c.obj     104     0         0      
       s_frexp.c.obj                  100     0         0      
       _ltoa.c.obj                    84      0         0      
       atoi.c.obj                     76      0         0      
       fd_toi_t2.asm.obj              72      0         0      
       autoinit.c.obj                 68      0         0      
       boot_cortex_m.c.obj            52      0         0      
       i_tofd_t2.asm.obj              46      0         0      
       memccpy.c.obj                  28      0         0      
       s_copysign.c.obj               26      0         0      
       ll_mul_t2.asm.obj              24      0         0      
       strcmp.c.obj                   24      0         0      
       strrchr.c.obj                  24      0         0      
       strchr.c.obj                   22      0         0      
       strcpy.c.obj                   20      0         0      
       strlen.c.obj                   20      0         0      
       wcslen.c.obj                   18      0         0      
       copy_decompress_none.c.obj     14      0         0      
       copy_zero_init.c.obj           12      0         0      
       errno.c.obj                    8       0         4      
       exit.c.obj                     4       0         0      
       pre_init.c.obj                 4       0         0      
       div0.asm.obj                   2       0         0      
    +--+------------------------------+-------+---------+---------+
       Total:                         13471   473       4      
                                                               
       Stack:                         0       0         4096   
       Linker Generated:              0       70        0      
    +--+------------------------------+-------+---------+---------+
       Grand Total:                   36609   1177      7793   


LINKER GENERATED COPY TABLES

__TI_cinit_table @ 00009398 records: 2, size/record: 8, table size: 16
	.data: load addr=00009360, load size=00000022 bytes, run addr=20001e28, run size=0000004c bytes, compression=lzss
	.bss: load addr=00009390, load size=00000008 bytes, run addr=20001000, run size=00000e25 bytes, compression=zero_init


LINKER GENERATED HANDLER TABLE

__TI_handler_table @ 00009384 records: 3, size/record: 4, table size: 12
	index: 0, handler: __TI_decompress_lzss
	index: 1, handler: __TI_decompress_none
	index: 2, handler: __TI_zero_init


GLOBAL SYMBOLS: SORTED ALPHABETICALLY BY Name 

address   name                          
-------   ----                          
00009358  BROADCAST_IP_ADDRESS          
00009279  BROADCAST_MAC_ADDRESS         
00009175  C$$EXIT                       
0000935c  EMPTY_IP_ADDRESS              
00009155  ResetISR                      
20001000  __STACK_END                   
00001000  __STACK_SIZE                  
20000200  __STACK_TOP                   
00009398  __TI_CINIT_Base               
000093a8  __TI_CINIT_Limit              
00009384  __TI_Handler_Table_Base       
00009390  __TI_Handler_Table_Limit      
00008e91  __TI_auto_init_nobinit_nopinit
00008be9  __TI_decompress_lzss          
0000913b  __TI_decompress_none          
00008d0b  __TI_ltoa                     
ffffffff  __TI_pprof_out_hndl           
00003199  __TI_printfi                  
ffffffff  __TI_prof_data_size           
ffffffff  __TI_prof_data_start          
00001c25  __TI_scanfi                   
00000000  __TI_static_base__            
00009149  __TI_zero_init                
00008899  __aeabi_cdcmpeq               
00008899  __aeabi_cdcmple               
0000891f  __aeabi_cdrcmple              
00008b11  __aeabi_d2f                   
00008e49  __aeabi_d2iz                  
0000770b  __aeabi_dadd                  
00007e11  __aeabi_ddiv                  
000084e5  __aeabi_dmul                  
00007701  __aeabi_dsub                  
00009161  __aeabi_errno_addr            
00008ff1  __aeabi_i2d                   
00003be7  __aeabi_idiv0                 
00003be7  __aeabi_ldiv0                 
00009091  __aeabi_lmul                  
00008a29  __aeabi_memclr                
00008a29  __aeabi_memclr4               
00008a29  __aeabi_memclr8               
00008767  __aeabi_memcpy                
00008767  __aeabi_memcpy4               
00008767  __aeabi_memcpy8               
00008a2b  __aeabi_memset                
00008a2b  __aeabi_memset4               
00008a2b  __aeabi_memset8               
00008803  __aeabi_uldivmod              
ffffffff  __binit__                     
ffffffff  __c_args__                    
UNDEFED   __mpu_init                    
20000000  __stack                       
20000000  __start___llvm_prf_cnts       
20000000  __stop___llvm_prf_cnts        
00008f8d  _c_int00_noargs               
00009178  _ctypes_                      
UNDEFED   _system_post_cinit            
00009171  _system_pre_init              
00009175  abort                         
000063f1  addArpEntry                   
00000535  addDhcpOption                 
20001c78  arpTable                      
20001e70  arpTableSize                  
20001e1c  arpTestTimer                  
00002739  asciiToUint8                  
00008db1  atoi                          
ffffffff  binit                         
20001000  buffer                        
00004e25  calcIpChecksum                
0000028f  callbackDhcpGetNewAddressTimer
000003d5  callbackDhcpIpConflictWindow  
00000305  callbackDhcpLeaseEndTimer     
000002a9  callbackDhcpT1HitTimer        
00000299  callbackDhcpT1PeriodicTimer   
000002e3  callbackDhcpT2HitTimer        
000002d9  callbackDhcpT2PeriodicTimer   
000044af  clearEtherReg                 
0000423d  clearPinInterrupt             
000013d7  closeTcpConnection            
000013ad  completeTcpConnection         
00005761  connectMqtt                   
00004cc7  convertIpAddressToU32         
00004cff  copyIpAddress                 
00004a51  copyMacAddress                
0000905f  copysign                      
0000905f  copysignl                     
20001e72  count                         
20001e3b  declineNeeded                 
00005c01  deleteSocket                  
20001e3e  dhcpEnabled                   
20001e10  dhcpOfferedIpAdd              
20001e14  dhcpServerIpAdd               
20001e3d  dhcpState                     
00000f75  disableDhcp                   
00004407  disableEtherCs                
00004219  disablePinInterrupt           
00003f51  disablePinPulldown            
00003f09  disablePinPullup              
00003ca5  disablePort                   
000057d7  disconnectMqtt                
20001e38  discoverNeeded                
00002773  displayConnectionInfo         
00000f59  enableDhcp                    
000043f1  enableEtherCs                 
000041f5  enablePinInterrupt            
00003f2d  enablePinPulldown             
00003edb  enablePinPullup               
00003be9  enablePort                    
00005a61  encodeLength                  
20001e68  errno                         
00008c51  frexp                         
00008c51  frexpl                        
00000000  g_pfnVectors                  
0000656f  getArpPacket                  
000004a3  getDhcpFrame                  
00000445  getDhcpLeaseSeconds           
0000060d  getDhcpOption                 
00000281  getDhcpState                  
00004a3b  getEtherId                    
00004b05  getEtherMacAddress            
00004813  getEtherPacket                
00004e95  getIpAddress                  
00004df3  getIpChecksum                 
00004ff5  getIpDnsAddress               
00004f81  getIpGatewayAddress           
00004bfd  getIpHeader                   
000050dd  getIpMqttBrokerAddress        
00004f0d  getIpSubnetMask               
00005069  getIpTimeServerAddress        
000059dd  getMqttPacket                 
00005697  getMqttQos                    
00005691  getMqttState                  
00005911  getMqttTopics                 
000042ab  getPinValue                   
00004361  getPortValue                  
00005d43  getSocketFromLocalPort        
00005c71  getSocketId                   
00005d9f  getSocketInfoFromArpResponse  
00005ed9  getSocketInfoFromTcpPacket    
00005e2d  getSocketInfoFromUdpPacket    
00005cb3  getSockets                    
000014e1  getTcpData                    
000010a9  getTcpHeader                  
00001093  getTcpState                   
00006bc7  getUdpData                    
00006b9d  getUdpHeader                  
0000814f  getcUart0                     
00000b3b  handleDhcpAck                 
0000126b  handleSocketError             
00001495  handleTcpData                 
00004a0f  htonl                         
000049eb  htons                         
20001e3f  hwAddress                     
00004a47  incEtherId                    
000089a5  initEeprom                    
00004625  initEther                     
000085e1  initHw                        
0000569b  initMqtt                      
00005b31  initSockets                   
00007a19  initSpi0                      
00008edd  initSysTimer1ms               
00008ed5  initSystemClockTo40Mhz        
0000678d  initTimer                     
00008079  initUart0                     
20001e4c  ipAddress                     
20001e3c  ipConflictDetectionMode       
20001e50  ipDnsAddress                  
20001e54  ipGwAddress                   
20001e58  ipMqttBrokerAddress           
20001e5c  ipSubnetMask                  
20001e60  ipTimeServerAddress           
00006477  isArpRequest                  
0000651b  isArpResponse                 
00000a89  isDhcpAck                     
00000cb9  isDhcpDeclineNeeded           
00000cad  isDhcpDiscoverNeeded          
00000fe1  isDhcpEnabled                 
0000043f  isDhcpIpConflictDetectionMode 
000009c5  isDhcpOffer                   
00000cbf  isDhcpReleaseNeeded           
00000cb3  isDhcpRequestNeeded           
0000044b  isDhcpResponse                
000047c9  isEtherDataAvailable          
000047af  isEtherLinkUp                 
000047e3  isEtherOverflow               
00004b65  isIp                          
00004d2d  isIpEqual                     
00004c69  isIpInSubnet                  
00004c0b  isIpUnicast                   
00004bd5  isIpValid                     
00005963  isMqttResponse                
0000512d  isNetworkReady                
000078b7  isPingRequest                 
000010cb  isTcp                         
000011f7  isTcpAck                      
00001509  isTcpDataAvailable            
000011bb  isTcpFin                      
000017cb  isTcpPortOpen                 
00001231  isTcpPsh                      
00001181  isTcpSyn                      
00006af5  isUdp                         
00008163  kbhitUart0                    
000082c5  ldexp                         
000082c5  ldexpl                        
20001e1d  leaseEndTimer                 
20001e2c  leaseSeconds                  
20001e30  leaseT1                       
20001e34  leaseT2                       
00006425  lookupArpEntry                
00008621  main                          
00009043  memccpy                       
00008767  memcpy                        
00008a31  memset                        
00008ef1  millis                        
20001a14  mqclient                      
20001b78  mqttBuffer                    
000056ff  mqttConnectTimeout            
000056dd  mqttErrorCallback             
0000571f  mqttRetryConnection           
00005167  netstat                       
20001e1e  newAddTimer                   
00005b79  newSocket                     
20001e45  nextPacketLsb                 
20001e46  nextPacketMsb                 
00001327  openTcpConnection             
20001d54  out                           
00001513  pendTcpResponse               
000055a3  processArpData                
00000f0d  processDhcpArpResponse        
0000533f  processDhcpData               
00000e45  processDhcpResponse           
0000550f  processIcmpData               
00005ac9  processMqttData               
00005abb  processMqttPublish            
00002b3d  processShell                  
00001759  processTcpArpResponse         
0000536b  processTcpData                
000015e9  processTcpResponse            
00005481  processUdpData                
00005aaf  publishMqtt                   
00004905  putEtherPacket                
00008107  putcUart0                     
00008123  putsUart0                     
00006aaf  random32                      
00005289  readConfiguration             
000089ed  readEeprom                    
000045e3  readEtherMem                  
00004537  readEtherPhy                  
00004449  readEtherReg                  
00007b51  readSpi0Data                  
000002c9  rebindDhcp                    
0000030f  releaseDhcp                   
20001e3a  releaseNeeded                 
20001e1f  releaseTimer                  
0000038f  renewDhcp                     
0000037f  renewIp                       
000003df  requestDhcpIpConflictTest     
00000287  requestDhcpNewAddress         
20001e39  requestNeeded                 
000045fb  resetEther                    
00005805  runMqttClient                 
000055df  runNetworkStack               
000082c5  scalbn                        
000082c5  scalbnl                       
00003e0f  selectPinAnalogInput          
00003dc1  selectPinDigitalInput         
0000412b  selectPinInterruptBothEdges   
000040db  selectPinInterruptFallingEdge 
00004181  selectPinInterruptHighLevel   
000041bb  selectPinInterruptLowLevel    
0000408b  selectPinInterruptRisingEdge  
00003d73  selectPinOpenDrainOutput      
00003d25  selectPinPushPullOutput       
0000666d  sendArpRequest                
00006581  sendArpResponse               
000006cd  sendDhcpMessage               
00000cc5  sendDhcpPendingMessages       
00005af5  sendMqttMessage               
000078fb  sendPingRequest               
00007907  sendPingResponse              
00001a4f  sendTcpMessage                
00001413  sendTcpPendingMessages        
00001831  sendTcpResponse               
00006bf3  sendUdpMessage                
20001e47  sequenceId                    
0000026d  setDhcpState                  
000044e3  setEtherBank                  
00004a85  setEtherMacAddress            
0000447b  setEtherReg                   
00004e5b  setIpAddress                  
00004fbb  setIpDnsAddress               
00004f47  setIpGatewayAddress           
000050a3  setIpMqttBrokerAddress        
00004ecf  setIpSubnetMask               
0000502f  setIpTimeServerAddress        
0000567d  setMqttState                  
00005899  setMqttTopics                 
00003f79  setPinAuxFunction             
00003e5f  setPinCommitControl           
00004261  setPinValue                   
000042e9  setPortValue                  
00007ab5  setSpi0BaudRate               
00007aeb  setSpi0Mode                   
00001079  setTcpState                   
000080c3  setUart0BaudRate              
00008dfd  snprintf                      
00005d27  socketCloseTcp                
00005cbd  socketConnectTcp              
00005cb7  socketConnectUdp              
20001e73  socketCount                   
000056a5  socketErrorCallback           
00005cbb  socketRecvFrom                
00005d19  socketRecvTcp                 
00005d09  socketSendTcp                 
00005cb9  socketSendTo                  
200015f0  sockets                       
00008f55  sscanf                        
000045d1  startEtherMemRead             
000045a3  startEtherMemWrite            
0000685f  startOneshotTimer             
0000690d  startPeriodicTimer            
000045f3  stopEtherMemRead              
000045c9  stopEtherMemWrite             
000069bb  stopTimer                     
20001db8  strInput                      
00006df5  str_char                      
00006e25  str_copy                      
00006e5d  str_equal                     
00006ea9  str_length                    
00006f47  str_to_lower                  
00006f51  str_to_upper                  
00006ecb  str_tokenize                  
000090d9  strchr                        
000090a9  strcmp                        
000090ef  strcpy                        
00009103  strlen                        
000090c1  strrchr                       
00005f91  strtod                        
00007f49  strtol                        
00005f91  strtold                       
00007355  strtoll                       
000083d5  strtoul                       
00007b79  strtoull                      
00005ae1  subscribeMqtt                 
00004d7f  sumIpWords                    
00008ef7  sysTickIsr                    
20001e48  systime                       
20001e20  t1HitTimer                    
20001e21  t1PeriodicTimer               
20001e22  t2HitTimer                    
20001e23  t2PeriodicTimer               
00001529  tcpTimeWaitCallback           
000012e9  tcpTimeoutCallback            
00006a05  tickIsr                       
20001e24  timeoutTimer                  
20001820  timers                        
00006f5b  to_lower                      
00006f7b  to_string                     
00007067  to_uint32                     
00006f6b  to_upper                      
00004287  togglePinValue                
20001e18  udpData                       
00005aeb  unsubscribeMqtt               
000015b5  updateAckNum                  
00001593  updateSeqNum                  
0000901f  waitMicrosecond               
00009129  wcslen                        
000089bb  writeEeprom                   
000045b5  writeEtherMem                 
000044ff  writeEtherPhy                 
00004415  writeEtherReg                 
00007b39  writeSpi0Data                 
20001e28  xid                           


GLOBAL SYMBOLS: SORTED BY Symbol Address 

address   name                          
-------   ----                          
00000000  __TI_static_base__            
00000000  g_pfnVectors                  
0000026d  setDhcpState                  
00000281  getDhcpState                  
00000287  requestDhcpNewAddress         
0000028f  callbackDhcpGetNewAddressTimer
00000299  callbackDhcpT1PeriodicTimer   
000002a9  callbackDhcpT1HitTimer        
000002c9  rebindDhcp                    
000002d9  callbackDhcpT2PeriodicTimer   
000002e3  callbackDhcpT2HitTimer        
00000305  callbackDhcpLeaseEndTimer     
0000030f  releaseDhcp                   
0000037f  renewIp                       
0000038f  renewDhcp                     
000003d5  callbackDhcpIpConflictWindow  
000003df  requestDhcpIpConflictTest     
0000043f  isDhcpIpConflictDetectionMode 
00000445  getDhcpLeaseSeconds           
0000044b  isDhcpResponse                
000004a3  getDhcpFrame                  
00000535  addDhcpOption                 
0000060d  getDhcpOption                 
000006cd  sendDhcpMessage               
000009c5  isDhcpOffer                   
00000a89  isDhcpAck                     
00000b3b  handleDhcpAck                 
00000cad  isDhcpDiscoverNeeded          
00000cb3  isDhcpRequestNeeded           
00000cb9  isDhcpDeclineNeeded           
00000cbf  isDhcpReleaseNeeded           
00000cc5  sendDhcpPendingMessages       
00000e45  processDhcpResponse           
00000f0d  processDhcpArpResponse        
00000f59  enableDhcp                    
00000f75  disableDhcp                   
00000fe1  isDhcpEnabled                 
00001000  __STACK_SIZE                  
00001079  setTcpState                   
00001093  getTcpState                   
000010a9  getTcpHeader                  
000010cb  isTcp                         
00001181  isTcpSyn                      
000011bb  isTcpFin                      
000011f7  isTcpAck                      
00001231  isTcpPsh                      
0000126b  handleSocketError             
000012e9  tcpTimeoutCallback            
00001327  openTcpConnection             
000013ad  completeTcpConnection         
000013d7  closeTcpConnection            
00001413  sendTcpPendingMessages        
00001495  handleTcpData                 
000014e1  getTcpData                    
00001509  isTcpDataAvailable            
00001513  pendTcpResponse               
00001529  tcpTimeWaitCallback           
00001593  updateSeqNum                  
000015b5  updateAckNum                  
000015e9  processTcpResponse            
00001759  processTcpArpResponse         
000017cb  isTcpPortOpen                 
00001831  sendTcpResponse               
00001a4f  sendTcpMessage                
00001c25  __TI_scanfi                   
00002739  asciiToUint8                  
00002773  displayConnectionInfo         
00002b3d  processShell                  
00003199  __TI_printfi                  
00003be7  __aeabi_idiv0                 
00003be7  __aeabi_ldiv0                 
00003be9  enablePort                    
00003ca5  disablePort                   
00003d25  selectPinPushPullOutput       
00003d73  selectPinOpenDrainOutput      
00003dc1  selectPinDigitalInput         
00003e0f  selectPinAnalogInput          
00003e5f  setPinCommitControl           
00003edb  enablePinPullup               
00003f09  disablePinPullup              
00003f2d  enablePinPulldown             
00003f51  disablePinPulldown            
00003f79  setPinAuxFunction             
0000408b  selectPinInterruptRisingEdge  
000040db  selectPinInterruptFallingEdge 
0000412b  selectPinInterruptBothEdges   
00004181  selectPinInterruptHighLevel   
000041bb  selectPinInterruptLowLevel    
000041f5  enablePinInterrupt            
00004219  disablePinInterrupt           
0000423d  clearPinInterrupt             
00004261  setPinValue                   
00004287  togglePinValue                
000042ab  getPinValue                   
000042e9  setPortValue                  
00004361  getPortValue                  
000043f1  enableEtherCs                 
00004407  disableEtherCs                
00004415  writeEtherReg                 
00004449  readEtherReg                  
0000447b  setEtherReg                   
000044af  clearEtherReg                 
000044e3  setEtherBank                  
000044ff  writeEtherPhy                 
00004537  readEtherPhy                  
000045a3  startEtherMemWrite            
000045b5  writeEtherMem                 
000045c9  stopEtherMemWrite             
000045d1  startEtherMemRead             
000045e3  readEtherMem                  
000045f3  stopEtherMemRead              
000045fb  resetEther                    
00004625  initEther                     
000047af  isEtherLinkUp                 
000047c9  isEtherDataAvailable          
000047e3  isEtherOverflow               
00004813  getEtherPacket                
00004905  putEtherPacket                
000049eb  htons                         
00004a0f  htonl                         
00004a3b  getEtherId                    
00004a47  incEtherId                    
00004a51  copyMacAddress                
00004a85  setEtherMacAddress            
00004b05  getEtherMacAddress            
00004b65  isIp                          
00004bd5  isIpValid                     
00004bfd  getIpHeader                   
00004c0b  isIpUnicast                   
00004c69  isIpInSubnet                  
00004cc7  convertIpAddressToU32         
00004cff  copyIpAddress                 
00004d2d  isIpEqual                     
00004d7f  sumIpWords                    
00004df3  getIpChecksum                 
00004e25  calcIpChecksum                
00004e5b  setIpAddress                  
00004e95  getIpAddress                  
00004ecf  setIpSubnetMask               
00004f0d  getIpSubnetMask               
00004f47  setIpGatewayAddress           
00004f81  getIpGatewayAddress           
00004fbb  setIpDnsAddress               
00004ff5  getIpDnsAddress               
0000502f  setIpTimeServerAddress        
00005069  getIpTimeServerAddress        
000050a3  setIpMqttBrokerAddress        
000050dd  getIpMqttBrokerAddress        
0000512d  isNetworkReady                
00005167  netstat                       
00005289  readConfiguration             
0000533f  processDhcpData               
0000536b  processTcpData                
00005481  processUdpData                
0000550f  processIcmpData               
000055a3  processArpData                
000055df  runNetworkStack               
0000567d  setMqttState                  
00005691  getMqttState                  
00005697  getMqttQos                    
0000569b  initMqtt                      
000056a5  socketErrorCallback           
000056dd  mqttErrorCallback             
000056ff  mqttConnectTimeout            
0000571f  mqttRetryConnection           
00005761  connectMqtt                   
000057d7  disconnectMqtt                
00005805  runMqttClient                 
00005899  setMqttTopics                 
00005911  getMqttTopics                 
00005963  isMqttResponse                
000059dd  getMqttPacket                 
00005a61  encodeLength                  
00005aaf  publishMqtt                   
00005abb  processMqttPublish            
00005ac9  processMqttData               
00005ae1  subscribeMqtt                 
00005aeb  unsubscribeMqtt               
00005af5  sendMqttMessage               
00005b31  initSockets                   
00005b79  newSocket                     
00005c01  deleteSocket                  
00005c71  getSocketId                   
00005cb3  getSockets                    
00005cb7  socketConnectUdp              
00005cb9  socketSendTo                  
00005cbb  socketRecvFrom                
00005cbd  socketConnectTcp              
00005d09  socketSendTcp                 
00005d19  socketRecvTcp                 
00005d27  socketCloseTcp                
00005d43  getSocketFromLocalPort        
00005d9f  getSocketInfoFromArpResponse  
00005e2d  getSocketInfoFromUdpPacket    
00005ed9  getSocketInfoFromTcpPacket    
00005f91  strtod                        
00005f91  strtold                       
000063f1  addArpEntry                   
00006425  lookupArpEntry                
00006477  isArpRequest                  
0000651b  isArpResponse                 
0000656f  getArpPacket                  
00006581  sendArpResponse               
0000666d  sendArpRequest                
0000678d  initTimer                     
0000685f  startOneshotTimer             
0000690d  startPeriodicTimer            
000069bb  stopTimer                     
00006a05  tickIsr                       
00006aaf  random32                      
00006af5  isUdp                         
00006b9d  getUdpHeader                  
00006bc7  getUdpData                    
00006bf3  sendUdpMessage                
00006df5  str_char                      
00006e25  str_copy                      
00006e5d  str_equal                     
00006ea9  str_length                    
00006ecb  str_tokenize                  
00006f47  str_to_lower                  
00006f51  str_to_upper                  
00006f5b  to_lower                      
00006f6b  to_upper                      
00006f7b  to_string                     
00007067  to_uint32                     
00007355  strtoll                       
00007701  __aeabi_dsub                  
0000770b  __aeabi_dadd                  
000078b7  isPingRequest                 
000078fb  sendPingRequest               
00007907  sendPingResponse              
00007a19  initSpi0                      
00007ab5  setSpi0BaudRate               
00007aeb  setSpi0Mode                   
00007b39  writeSpi0Data                 
00007b51  readSpi0Data                  
00007b79  strtoull                      
00007e11  __aeabi_ddiv                  
00007f49  strtol                        
00008079  initUart0                     
000080c3  setUart0BaudRate              
00008107  putcUart0                     
00008123  putsUart0                     
0000814f  getcUart0                     
00008163  kbhitUart0                    
000082c5  ldexp                         
000082c5  ldexpl                        
000082c5  scalbn                        
000082c5  scalbnl                       
000083d5  strtoul                       
000084e5  __aeabi_dmul                  
000085e1  initHw                        
00008621  main                          
00008767  __aeabi_memcpy                
00008767  __aeabi_memcpy4               
00008767  __aeabi_memcpy8               
00008767  memcpy                        
00008803  __aeabi_uldivmod              
00008899  __aeabi_cdcmpeq               
00008899  __aeabi_cdcmple               
0000891f  __aeabi_cdrcmple              
000089a5  initEeprom                    
000089bb  writeEeprom                   
000089ed  readEeprom                    
00008a29  __aeabi_memclr                
00008a29  __aeabi_memclr4               
00008a29  __aeabi_memclr8               
00008a2b  __aeabi_memset                
00008a2b  __aeabi_memset4               
00008a2b  __aeabi_memset8               
00008a31  memset                        
00008b11  __aeabi_d2f                   
00008be9  __TI_decompress_lzss          
00008c51  frexp                         
00008c51  frexpl                        
00008d0b  __TI_ltoa                     
00008db1  atoi                          
00008dfd  snprintf                      
00008e49  __aeabi_d2iz                  
00008e91  __TI_auto_init_nobinit_nopinit
00008ed5  initSystemClockTo40Mhz        
00008edd  initSysTimer1ms               
00008ef1  millis                        
00008ef7  sysTickIsr                    
00008f55  sscanf                        
00008f8d  _c_int00_noargs               
00008ff1  __aeabi_i2d                   
0000901f  waitMicrosecond               
00009043  memccpy                       
0000905f  copysign                      
0000905f  copysignl                     
00009091  __aeabi_lmul                  
000090a9  strcmp                        
000090c1  strrchr                       
000090d9  strchr                        
000090ef  strcpy                        
00009103  strlen                        
00009129  wcslen                        
0000913b  __TI_decompress_none          
00009149  __TI_zero_init                
00009155  ResetISR                      
00009161  __aeabi_errno_addr            
00009171  _system_pre_init              
00009175  C$$EXIT                       
00009175  abort                         
00009178  _ctypes_                      
00009279  BROADCAST_MAC_ADDRESS         
00009358  BROADCAST_IP_ADDRESS          
0000935c  EMPTY_IP_ADDRESS              
00009384  __TI_Handler_Table_Base       
00009390  __TI_Handler_Table_Limit      
00009398  __TI_CINIT_Base               
000093a8  __TI_CINIT_Limit              
20000000  __stack                       
20000000  __start___llvm_prf_cnts       
20000000  __stop___llvm_prf_cnts        
20000200  __STACK_TOP                   
20001000  __STACK_END                   
20001000  buffer                        
200015f0  sockets                       
20001820  timers                        
20001a14  mqclient                      
20001b78  mqttBuffer                    
20001c78  arpTable                      
20001d54  out                           
20001db8  strInput                      
20001e10  dhcpOfferedIpAdd              
20001e14  dhcpServerIpAdd               
20001e18  udpData                       
20001e1c  arpTestTimer                  
20001e1d  leaseEndTimer                 
20001e1e  newAddTimer                   
20001e1f  releaseTimer                  
20001e20  t1HitTimer                    
20001e21  t1PeriodicTimer               
20001e22  t2HitTimer                    
20001e23  t2PeriodicTimer               
20001e24  timeoutTimer                  
20001e28  xid                           
20001e2c  leaseSeconds                  
20001e30  leaseT1                       
20001e34  leaseT2                       
20001e38  discoverNeeded                
20001e39  requestNeeded                 
20001e3a  releaseNeeded                 
20001e3b  declineNeeded                 
20001e3c  ipConflictDetectionMode       
20001e3d  dhcpState                     
20001e3e  dhcpEnabled                   
20001e3f  hwAddress                     
20001e45  nextPacketLsb                 
20001e46  nextPacketMsb                 
20001e47  sequenceId                    
20001e48  systime                       
20001e4c  ipAddress                     
20001e50  ipDnsAddress                  
20001e54  ipGwAddress                   
20001e58  ipMqttBrokerAddress           
20001e5c  ipSubnetMask                  
20001e60  ipTimeServerAddress           
20001e68  errno                         
20001e70  arpTableSize                  
20001e72  count                         
20001e73  socketCount                   
ffffffff  __TI_pprof_out_hndl           
ffffffff  __TI_prof_data_size           
ffffffff  __TI_prof_data_start          
ffffffff  __binit__                     
ffffffff  __c_args__                    
ffffffff  binit                         
UNDEFED   __mpu_init                    
UNDEFED   _system_post_cinit            

[372 symbols]
