<?xml version="1.0" encoding="ISO-8859-1" ?>
<link_info>
   <banner>TI ARM Linker PC v20.2.7.LTS</banner>
   <copyright>Copyright (c) 1996-2018 Texas Instruments Incorporated</copyright>
   <link_time>0x6754264c</link_time>
   <link_errors>0x0</link_errors>
   <output_file>HydraSense.out</output_file>
   <entry_point>
      <name>_c_int00_noargs</name>
      <address>0xa309</address>
   </entry_point>
   <input_file_list>
      <input_file id="fl-2">
         <path>.\core\</path>
         <kind>object</kind>
         <file>tm4c123gh6pm_startup_ccs.obj</file>
         <name>tm4c123gh6pm_startup_ccs.obj</name>
      </input_file>
      <input_file id="fl-3">
         <path>.\drivers\</path>
         <kind>object</kind>
         <file>clock.obj</file>
         <name>clock.obj</name>
      </input_file>
      <input_file id="fl-4">
         <path>.\drivers\</path>
         <kind>object</kind>
         <file>eeprom.obj</file>
         <name>eeprom.obj</name>
      </input_file>
      <input_file id="fl-5">
         <path>.\drivers\</path>
         <kind>object</kind>
         <file>eth0.obj</file>
         <name>eth0.obj</name>
      </input_file>
      <input_file id="fl-6">
         <path>.\drivers\</path>
         <kind>object</kind>
         <file>gpio.obj</file>
         <name>gpio.obj</name>
      </input_file>
      <input_file id="fl-7">
         <path>.\drivers\</path>
         <kind>object</kind>
         <file>spi0.obj</file>
         <name>spi0.obj</name>
      </input_file>
      <input_file id="fl-8">
         <path>.\drivers\</path>
         <kind>object</kind>
         <file>uart0.obj</file>
         <name>uart0.obj</name>
      </input_file>
      <input_file id="fl-9">
         <path>.\libs\</path>
         <kind>object</kind>
         <file>mqtt_client.obj</file>
         <name>mqtt_client.obj</name>
      </input_file>
      <input_file id="fl-a">
         <path>.\libs\</path>
         <kind>object</kind>
         <file>strlib.obj</file>
         <name>strlib.obj</name>
      </input_file>
      <input_file id="fl-b">
         <path>.\libs\</path>
         <kind>object</kind>
         <file>timer.obj</file>
         <name>timer.obj</name>
      </input_file>
      <input_file id="fl-c">
         <path>.\libs\</path>
         <kind>object</kind>
         <file>wait.obj</file>
         <name>wait.obj</name>
      </input_file>
      <input_file id="fl-d">
         <path>.\middleware\</path>
         <kind>object</kind>
         <file>arp.obj</file>
         <name>arp.obj</name>
      </input_file>
      <input_file id="fl-e">
         <path>.\middleware\</path>
         <kind>object</kind>
         <file>dhcp.obj</file>
         <name>dhcp.obj</name>
      </input_file>
      <input_file id="fl-f">
         <path>.\middleware\</path>
         <kind>object</kind>
         <file>icmp.obj</file>
         <name>icmp.obj</name>
      </input_file>
      <input_file id="fl-10">
         <path>.\middleware\</path>
         <kind>object</kind>
         <file>ip.obj</file>
         <name>ip.obj</name>
      </input_file>
      <input_file id="fl-11">
         <path>.\middleware\</path>
         <kind>object</kind>
         <file>mqtt.obj</file>
         <name>mqtt.obj</name>
      </input_file>
      <input_file id="fl-12">
         <path>.\middleware\</path>
         <kind>object</kind>
         <file>socket.obj</file>
         <name>socket.obj</name>
      </input_file>
      <input_file id="fl-13">
         <path>.\middleware\</path>
         <kind>object</kind>
         <file>tcp.obj</file>
         <name>tcp.obj</name>
      </input_file>
      <input_file id="fl-14">
         <path>.\middleware\</path>
         <kind>object</kind>
         <file>udp.obj</file>
         <name>udp.obj</name>
      </input_file>
      <input_file id="fl-15">
         <path>.\src\</path>
         <kind>object</kind>
         <file>main.obj</file>
         <name>main.obj</name>
      </input_file>
      <input_file id="fl-16">
         <path>.\src\</path>
         <kind>object</kind>
         <file>network_stack.obj</file>
         <name>network_stack.obj</name>
      </input_file>
      <input_file id="fl-17">
         <path>.\src\</path>
         <kind>object</kind>
         <file>sensors.obj</file>
         <name>sensors.obj</name>
      </input_file>
      <input_file id="fl-18">
         <path>.\src\</path>
         <kind>object</kind>
         <file>shell.obj</file>
         <name>shell.obj</name>
      </input_file>
      <input_file id="fl-1c">
         <kind>object</kind>
         <file>&lt;internal&gt;</file>
         <name>&lt;internal&gt;</name>
      </input_file>
      <input_file id="fl-d2">
         <path>C:\ti\ccs1240\ccs\tools\compiler\ti-cgt-arm_20.2.7.LTS\lib\</path>
         <kind>archive</kind>
         <file>rtsv7M4_T_le_v4SPD16_eabi.lib</file>
         <name>snprintf.c.obj</name>
      </input_file>
      <input_file id="fl-d3">
         <path>C:\ti\ccs1240\ccs\tools\compiler\ti-cgt-arm_20.2.7.LTS\lib\</path>
         <kind>archive</kind>
         <file>rtsv7M4_T_le_v4SPD16_eabi.lib</file>
         <name>sscanf.c.obj</name>
      </input_file>
      <input_file id="fl-d4">
         <path>C:\ti\ccs1240\ccs\tools\compiler\ti-cgt-arm_20.2.7.LTS\lib\</path>
         <kind>archive</kind>
         <file>rtsv7M4_T_le_v4SPD16_eabi.lib</file>
         <name>fd_mul_t2.asm.obj</name>
      </input_file>
      <input_file id="fl-d5">
         <path>C:\ti\ccs1240\ccs\tools\compiler\ti-cgt-arm_20.2.7.LTS\lib\</path>
         <kind>archive</kind>
         <file>rtsv7M4_T_le_v4SPD16_eabi.lib</file>
         <name>fd_tou_t2.asm.obj</name>
      </input_file>
      <input_file id="fl-d6">
         <path>C:\ti\ccs1240\ccs\tools\compiler\ti-cgt-arm_20.2.7.LTS\lib\</path>
         <kind>archive</kind>
         <file>rtsv7M4_T_le_v4SPD16_eabi.lib</file>
         <name>ll_mul_t2.asm.obj</name>
      </input_file>
      <input_file id="fl-d7">
         <path>C:\ti\ccs1240\ccs\tools\compiler\ti-cgt-arm_20.2.7.LTS\lib\</path>
         <kind>archive</kind>
         <file>rtsv7M4_T_le_v4SPD16_eabi.lib</file>
         <name>memcpy_t2.asm.obj</name>
      </input_file>
      <input_file id="fl-d8">
         <path>C:\ti\ccs1240\ccs\tools\compiler\ti-cgt-arm_20.2.7.LTS\lib\</path>
         <kind>archive</kind>
         <file>rtsv7M4_T_le_v4SPD16_eabi.lib</file>
         <name>u_tofd_t2.asm.obj</name>
      </input_file>
      <input_file id="fl-d9">
         <path>C:\ti\ccs1240\ccs\tools\compiler\ti-cgt-arm_20.2.7.LTS\lib\</path>
         <kind>archive</kind>
         <file>rtsv7M4_T_le_v4SPD16_eabi.lib</file>
         <name>memset_t2.asm.obj</name>
      </input_file>
      <input_file id="fl-da">
         <path>C:\ti\ccs1240\ccs\tools\compiler\ti-cgt-arm_20.2.7.LTS\lib\</path>
         <kind>archive</kind>
         <file>rtsv7M4_T_le_v4SPD16_eabi.lib</file>
         <name>ull_div_t2.asm.obj</name>
      </input_file>
      <input_file id="fl-db">
         <path>C:\ti\ccs1240\ccs\tools\compiler\ti-cgt-arm_20.2.7.LTS\lib\</path>
         <kind>archive</kind>
         <file>rtsv7M4_T_le_v4SPD16_eabi.lib</file>
         <name>copy_zero_init.c.obj</name>
      </input_file>
      <input_file id="fl-dc">
         <path>C:\ti\ccs1240\ccs\tools\compiler\ti-cgt-arm_20.2.7.LTS\lib\</path>
         <kind>archive</kind>
         <file>rtsv7M4_T_le_v4SPD16_eabi.lib</file>
         <name>copy_decompress_none.c.obj</name>
      </input_file>
      <input_file id="fl-dd">
         <path>C:\ti\ccs1240\ccs\tools\compiler\ti-cgt-arm_20.2.7.LTS\lib\</path>
         <kind>archive</kind>
         <file>rtsv7M4_T_le_v4SPD16_eabi.lib</file>
         <name>copy_decompress_lzss.c.obj</name>
      </input_file>
      <input_file id="fl-de">
         <path>C:\ti\ccs1240\ccs\tools\compiler\ti-cgt-arm_20.2.7.LTS\lib\</path>
         <kind>archive</kind>
         <file>rtsv7M4_T_le_v4SPD16_eabi.lib</file>
         <name>ctype.c.obj</name>
      </input_file>
      <input_file id="fl-df">
         <path>C:\ti\ccs1240\ccs\tools\compiler\ti-cgt-arm_20.2.7.LTS\lib\</path>
         <kind>archive</kind>
         <file>rtsv7M4_T_le_v4SPD16_eabi.lib</file>
         <name>strcmp.c.obj</name>
      </input_file>
      <input_file id="fl-e0">
         <path>C:\ti\ccs1240\ccs\tools\compiler\ti-cgt-arm_20.2.7.LTS\lib\</path>
         <kind>archive</kind>
         <file>rtsv7M4_T_le_v4SPD16_eabi.lib</file>
         <name>boot_cortex_m.c.obj</name>
      </input_file>
      <input_file id="fl-e1">
         <path>C:\ti\ccs1240\ccs\tools\compiler\ti-cgt-arm_20.2.7.LTS\lib\</path>
         <kind>archive</kind>
         <file>rtsv7M4_T_le_v4SPD16_eabi.lib</file>
         <name>_printfi.c.obj</name>
      </input_file>
      <input_file id="fl-e2">
         <path>C:\ti\ccs1240\ccs\tools\compiler\ti-cgt-arm_20.2.7.LTS\lib\</path>
         <kind>archive</kind>
         <file>rtsv7M4_T_le_v4SPD16_eabi.lib</file>
         <name>_scanfi.c.obj</name>
      </input_file>
      <input_file id="fl-e3">
         <path>C:\ti\ccs1240\ccs\tools\compiler\ti-cgt-arm_20.2.7.LTS\lib\</path>
         <kind>archive</kind>
         <file>rtsv7M4_T_le_v4SPD16_eabi.lib</file>
         <name>div0.asm.obj</name>
      </input_file>
      <input_file id="fl-e4">
         <path>C:\ti\ccs1240\ccs\tools\compiler\ti-cgt-arm_20.2.7.LTS\lib\</path>
         <kind>archive</kind>
         <file>rtsv7M4_T_le_v4SPD16_eabi.lib</file>
         <name>fd_add_t2.asm.obj</name>
      </input_file>
      <input_file id="fl-e5">
         <path>C:\ti\ccs1240\ccs\tools\compiler\ti-cgt-arm_20.2.7.LTS\lib\</path>
         <kind>archive</kind>
         <file>rtsv7M4_T_le_v4SPD16_eabi.lib</file>
         <name>fd_cmp_t2.asm.obj</name>
      </input_file>
      <input_file id="fl-e6">
         <path>C:\ti\ccs1240\ccs\tools\compiler\ti-cgt-arm_20.2.7.LTS\lib\</path>
         <kind>archive</kind>
         <file>rtsv7M4_T_le_v4SPD16_eabi.lib</file>
         <name>fd_div_t2.asm.obj</name>
      </input_file>
      <input_file id="fl-e7">
         <path>C:\ti\ccs1240\ccs\tools\compiler\ti-cgt-arm_20.2.7.LTS\lib\</path>
         <kind>archive</kind>
         <file>rtsv7M4_T_le_v4SPD16_eabi.lib</file>
         <name>fd_toi_t2.asm.obj</name>
      </input_file>
      <input_file id="fl-e8">
         <path>C:\ti\ccs1240\ccs\tools\compiler\ti-cgt-arm_20.2.7.LTS\lib\</path>
         <kind>archive</kind>
         <file>rtsv7M4_T_le_v4SPD16_eabi.lib</file>
         <name>fd_tos_t2.asm.obj</name>
      </input_file>
      <input_file id="fl-e9">
         <path>C:\ti\ccs1240\ccs\tools\compiler\ti-cgt-arm_20.2.7.LTS\lib\</path>
         <kind>archive</kind>
         <file>rtsv7M4_T_le_v4SPD16_eabi.lib</file>
         <name>i_tofd_t2.asm.obj</name>
      </input_file>
      <input_file id="fl-ea">
         <path>C:\ti\ccs1240\ccs\tools\compiler\ti-cgt-arm_20.2.7.LTS\lib\</path>
         <kind>archive</kind>
         <file>rtsv7M4_T_le_v4SPD16_eabi.lib</file>
         <name>autoinit.c.obj</name>
      </input_file>
      <input_file id="fl-eb">
         <path>C:\ti\ccs1240\ccs\tools\compiler\ti-cgt-arm_20.2.7.LTS\lib\</path>
         <kind>archive</kind>
         <file>rtsv7M4_T_le_v4SPD16_eabi.lib</file>
         <name>pre_init.c.obj</name>
      </input_file>
      <input_file id="fl-ec">
         <path>C:\ti\ccs1240\ccs\tools\compiler\ti-cgt-arm_20.2.7.LTS\lib\</path>
         <kind>archive</kind>
         <file>rtsv7M4_T_le_v4SPD16_eabi.lib</file>
         <name>cpy_tbl.c.obj</name>
      </input_file>
      <input_file id="fl-ed">
         <path>C:\ti\ccs1240\ccs\tools\compiler\ti-cgt-arm_20.2.7.LTS\lib\</path>
         <kind>archive</kind>
         <file>rtsv7M4_T_le_v4SPD16_eabi.lib</file>
         <name>exit.c.obj</name>
      </input_file>
      <input_file id="fl-ee">
         <path>C:\ti\ccs1240\ccs\tools\compiler\ti-cgt-arm_20.2.7.LTS\lib\</path>
         <kind>archive</kind>
         <file>rtsv7M4_T_le_v4SPD16_eabi.lib</file>
         <name>_lock.c.obj</name>
      </input_file>
      <input_file id="fl-ef">
         <path>C:\ti\ccs1240\ccs\tools\compiler\ti-cgt-arm_20.2.7.LTS\lib\</path>
         <kind>archive</kind>
         <file>rtsv7M4_T_le_v4SPD16_eabi.lib</file>
         <name>_ltoa.c.obj</name>
      </input_file>
      <input_file id="fl-f0">
         <path>C:\ti\ccs1240\ccs\tools\compiler\ti-cgt-arm_20.2.7.LTS\lib\</path>
         <kind>archive</kind>
         <file>rtsv7M4_T_le_v4SPD16_eabi.lib</file>
         <name>args_main.c.obj</name>
      </input_file>
      <input_file id="fl-f1">
         <path>C:\ti\ccs1240\ccs\tools\compiler\ti-cgt-arm_20.2.7.LTS\lib\</path>
         <kind>archive</kind>
         <file>rtsv7M4_T_le_v4SPD16_eabi.lib</file>
         <name>atoi.c.obj</name>
      </input_file>
      <input_file id="fl-f2">
         <path>C:\ti\ccs1240\ccs\tools\compiler\ti-cgt-arm_20.2.7.LTS\lib\</path>
         <kind>archive</kind>
         <file>rtsv7M4_T_le_v4SPD16_eabi.lib</file>
         <name>memccpy.c.obj</name>
      </input_file>
      <input_file id="fl-f3">
         <path>C:\ti\ccs1240\ccs\tools\compiler\ti-cgt-arm_20.2.7.LTS\lib\</path>
         <kind>archive</kind>
         <file>rtsv7M4_T_le_v4SPD16_eabi.lib</file>
         <name>strchr.c.obj</name>
      </input_file>
      <input_file id="fl-f4">
         <path>C:\ti\ccs1240\ccs\tools\compiler\ti-cgt-arm_20.2.7.LTS\lib\</path>
         <kind>archive</kind>
         <file>rtsv7M4_T_le_v4SPD16_eabi.lib</file>
         <name>strcpy.c.obj</name>
      </input_file>
      <input_file id="fl-f5">
         <path>C:\ti\ccs1240\ccs\tools\compiler\ti-cgt-arm_20.2.7.LTS\lib\</path>
         <kind>archive</kind>
         <file>rtsv7M4_T_le_v4SPD16_eabi.lib</file>
         <name>strlen.c.obj</name>
      </input_file>
      <input_file id="fl-f6">
         <path>C:\ti\ccs1240\ccs\tools\compiler\ti-cgt-arm_20.2.7.LTS\lib\</path>
         <kind>archive</kind>
         <file>rtsv7M4_T_le_v4SPD16_eabi.lib</file>
         <name>strrchr.c.obj</name>
      </input_file>
      <input_file id="fl-f7">
         <path>C:\ti\ccs1240\ccs\tools\compiler\ti-cgt-arm_20.2.7.LTS\lib\</path>
         <kind>archive</kind>
         <file>rtsv7M4_T_le_v4SPD16_eabi.lib</file>
         <name>strtod.c.obj</name>
      </input_file>
      <input_file id="fl-f8">
         <path>C:\ti\ccs1240\ccs\tools\compiler\ti-cgt-arm_20.2.7.LTS\lib\</path>
         <kind>archive</kind>
         <file>rtsv7M4_T_le_v4SPD16_eabi.lib</file>
         <name>strtol.c.obj</name>
      </input_file>
      <input_file id="fl-f9">
         <path>C:\ti\ccs1240\ccs\tools\compiler\ti-cgt-arm_20.2.7.LTS\lib\</path>
         <kind>archive</kind>
         <file>rtsv7M4_T_le_v4SPD16_eabi.lib</file>
         <name>strtoll.c.obj</name>
      </input_file>
      <input_file id="fl-fa">
         <path>C:\ti\ccs1240\ccs\tools\compiler\ti-cgt-arm_20.2.7.LTS\lib\</path>
         <kind>archive</kind>
         <file>rtsv7M4_T_le_v4SPD16_eabi.lib</file>
         <name>strtoul.c.obj</name>
      </input_file>
      <input_file id="fl-fb">
         <path>C:\ti\ccs1240\ccs\tools\compiler\ti-cgt-arm_20.2.7.LTS\lib\</path>
         <kind>archive</kind>
         <file>rtsv7M4_T_le_v4SPD16_eabi.lib</file>
         <name>strtoull.c.obj</name>
      </input_file>
      <input_file id="fl-fc">
         <path>C:\ti\ccs1240\ccs\tools\compiler\ti-cgt-arm_20.2.7.LTS\lib\</path>
         <kind>archive</kind>
         <file>rtsv7M4_T_le_v4SPD16_eabi.lib</file>
         <name>errno.c.obj</name>
      </input_file>
      <input_file id="fl-fd">
         <path>C:\ti\ccs1240\ccs\tools\compiler\ti-cgt-arm_20.2.7.LTS\lib\</path>
         <kind>archive</kind>
         <file>rtsv7M4_T_le_v4SPD16_eabi.lib</file>
         <name>wcslen.c.obj</name>
      </input_file>
      <input_file id="fl-fe">
         <path>C:\ti\ccs1240\ccs\tools\compiler\ti-cgt-arm_20.2.7.LTS\lib\</path>
         <kind>archive</kind>
         <file>rtsv7M4_T_le_v4SPD16_eabi.lib</file>
         <name>s_frexp.c.obj</name>
      </input_file>
      <input_file id="fl-ff">
         <path>C:\ti\ccs1240\ccs\tools\compiler\ti-cgt-arm_20.2.7.LTS\lib\</path>
         <kind>archive</kind>
         <file>rtsv7M4_T_le_v4SPD16_eabi.lib</file>
         <name>s_scalbn.c.obj</name>
      </input_file>
      <input_file id="fl-100">
         <path>C:\ti\ccs1240\ccs\tools\compiler\ti-cgt-arm_20.2.7.LTS\lib\</path>
         <kind>archive</kind>
         <file>rtsv7M4_T_le_v4SPD16_eabi.lib</file>
         <name>s_copysign.c.obj</name>
      </input_file>
   </input_file_list>
   <object_component_list>
      <object_component id="oc-12">
         <name>.intvecs</name>
         <load_address>0x0</load_address>
         <run_address>0x0</run_address>
         <size>0x26c</size>
         <input_file_ref idref="fl-2"/>
      </object_component>
      <object_component id="oc-19c">
         <name>.text</name>
         <load_address>0x26c</load_address>
         <run_address>0x26c</run_address>
         <size>0xed0</size>
         <input_file_ref idref="fl-13"/>
      </object_component>
      <object_component id="oc-1c4">
         <name>.text</name>
         <load_address>0x113c</load_address>
         <run_address>0x113c</run_address>
         <size>0xe50</size>
         <input_file_ref idref="fl-e"/>
      </object_component>
      <object_component id="oc-122">
         <name>.text</name>
         <load_address>0x1f8c</load_address>
         <run_address>0x1f8c</run_address>
         <size>0xb1c</size>
         <input_file_ref idref="fl-18"/>
      </object_component>
      <object_component id="oc-2fd">
         <name>.text:__TI_scanfi</name>
         <load_address>0x2aa8</load_address>
         <run_address>0x2aa8</run_address>
         <size>0xb14</size>
         <input_file_ref idref="fl-e2"/>
      </object_component>
      <object_component id="oc-29b">
         <name>.text:__TI_printfi</name>
         <load_address>0x35bc</load_address>
         <run_address>0x35bc</run_address>
         <size>0xa4e</size>
         <input_file_ref idref="fl-e1"/>
      </object_component>
      <object_component id="oc-25a">
         <name>.text</name>
         <load_address>0x400a</load_address>
         <run_address>0x400a</run_address>
         <size>0x2</size>
         <input_file_ref idref="fl-e3"/>
      </object_component>
      <object_component id="oc-1d0">
         <name>.text</name>
         <load_address>0x400c</load_address>
         <run_address>0x400c</run_address>
         <size>0x904</size>
         <input_file_ref idref="fl-11"/>
      </object_component>
      <object_component id="oc-eb">
         <name>.text</name>
         <load_address>0x4910</load_address>
         <run_address>0x4910</run_address>
         <size>0x808</size>
         <input_file_ref idref="fl-6"/>
      </object_component>
      <object_component id="oc-115">
         <name>.text</name>
         <load_address>0x5118</load_address>
         <run_address>0x5118</run_address>
         <size>0x808</size>
         <input_file_ref idref="fl-9"/>
      </object_component>
      <object_component id="oc-103">
         <name>.text</name>
         <load_address>0x5920</load_address>
         <run_address>0x5920</run_address>
         <size>0x774</size>
         <input_file_ref idref="fl-5"/>
      </object_component>
      <object_component id="oc-196">
         <name>.text</name>
         <load_address>0x6094</load_address>
         <run_address>0x6094</run_address>
         <size>0x5c8</size>
         <input_file_ref idref="fl-10"/>
      </object_component>
      <object_component id="oc-10f">
         <name>.text</name>
         <load_address>0x665c</load_address>
         <run_address>0x665c</run_address>
         <size>0x590</size>
         <input_file_ref idref="fl-16"/>
      </object_component>
      <object_component id="oc-1f1">
         <name>.text</name>
         <load_address>0x6bec</load_address>
         <run_address>0x6bec</run_address>
         <size>0x568</size>
         <input_file_ref idref="fl-d"/>
      </object_component>
      <object_component id="oc-fd">
         <name>.text</name>
         <load_address>0x7154</load_address>
         <run_address>0x7154</run_address>
         <size>0x498</size>
         <input_file_ref idref="fl-12"/>
      </object_component>
      <object_component id="oc-3c3">
         <name>.text:strtod</name>
         <load_address>0x75ec</load_address>
         <run_address>0x75ec</run_address>
         <size>0x460</size>
         <input_file_ref idref="fl-f7"/>
      </object_component>
      <object_component id="oc-33">
         <name>.text</name>
         <load_address>0x7a4c</load_address>
         <run_address>0x7a4c</run_address>
         <size>0x3ac</size>
         <input_file_ref idref="fl-b"/>
      </object_component>
      <object_component id="oc-1ca">
         <name>.text</name>
         <load_address>0x7df8</load_address>
         <run_address>0x7df8</run_address>
         <size>0x300</size>
         <input_file_ref idref="fl-14"/>
      </object_component>
      <object_component id="oc-f7">
         <name>.text</name>
         <load_address>0x80f8</load_address>
         <run_address>0x80f8</run_address>
         <size>0x2ec</size>
         <input_file_ref idref="fl-a"/>
      </object_component>
      <object_component id="oc-374">
         <name>.text:_pconv_a</name>
         <load_address>0x83e4</load_address>
         <run_address>0x83e4</run_address>
         <size>0x270</size>
         <input_file_ref idref="fl-e1"/>
      </object_component>
      <object_component id="oc-3d4">
         <name>.text:strtoll</name>
         <load_address>0x8654</load_address>
         <run_address>0x8654</run_address>
         <size>0x1dc</size>
         <input_file_ref idref="fl-f9"/>
      </object_component>
      <object_component id="oc-362">
         <name>.text:_pconv_g</name>
         <load_address>0x8830</load_address>
         <run_address>0x8830</run_address>
         <size>0x1d0</size>
         <input_file_ref idref="fl-e1"/>
      </object_component>
      <object_component id="oc-426">
         <name>.text</name>
         <load_address>0x8a00</load_address>
         <run_address>0x8a00</run_address>
         <size>0x1b6</size>
         <input_file_ref idref="fl-e4"/>
      </object_component>
      <object_component id="oc-1eb">
         <name>.text</name>
         <load_address>0x8bb6</load_address>
         <run_address>0x8bb6</run_address>
         <size>0x160</size>
         <input_file_ref idref="fl-f"/>
      </object_component>
      <object_component id="oc-1a9">
         <name>.text</name>
         <load_address>0x8d18</load_address>
         <run_address>0x8d18</run_address>
         <size>0x160</size>
         <input_file_ref idref="fl-7"/>
      </object_component>
      <object_component id="oc-3b7">
         <name>.text:strtoull</name>
         <load_address>0x8e78</load_address>
         <run_address>0x8e78</run_address>
         <size>0x15c</size>
         <input_file_ref idref="fl-fb"/>
      </object_component>
      <object_component id="oc-36e">
         <name>.text:_pconv_e</name>
         <load_address>0x8fd4</load_address>
         <run_address>0x8fd4</run_address>
         <size>0x13c</size>
         <input_file_ref idref="fl-e1"/>
      </object_component>
      <object_component id="oc-40c">
         <name>.text</name>
         <load_address>0x9110</load_address>
         <run_address>0x9110</run_address>
         <size>0x136</size>
         <input_file_ref idref="fl-e6"/>
      </object_component>
      <object_component id="oc-3ce">
         <name>.text:strtol</name>
         <load_address>0x9248</load_address>
         <run_address>0x9248</run_address>
         <size>0x130</size>
         <input_file_ref idref="fl-f8"/>
      </object_component>
      <object_component id="oc-f1">
         <name>.text</name>
         <load_address>0x9378</load_address>
         <run_address>0x9378</run_address>
         <size>0x128</size>
         <input_file_ref idref="fl-8"/>
      </object_component>
      <object_component id="oc-438">
         <name>.text:fcvt</name>
         <load_address>0x94a0</load_address>
         <run_address>0x94a0</run_address>
         <size>0x124</size>
         <input_file_ref idref="fl-e1"/>
      </object_component>
      <object_component id="oc-44c">
         <name>.text:scalbn</name>
         <load_address>0x95c4</load_address>
         <run_address>0x95c4</run_address>
         <size>0x110</size>
         <input_file_ref idref="fl-ff"/>
      </object_component>
      <object_component id="oc-3bd">
         <name>.text:strtoul</name>
         <load_address>0x96d4</load_address>
         <run_address>0x96d4</run_address>
         <size>0x110</size>
         <input_file_ref idref="fl-fa"/>
      </object_component>
      <object_component id="oc-b9">
         <name>.text</name>
         <load_address>0x97e4</load_address>
         <run_address>0x97e4</run_address>
         <size>0x10c</size>
         <input_file_ref idref="fl-15"/>
      </object_component>
      <object_component id="oc-218">
         <name>.text</name>
         <load_address>0x98f0</load_address>
         <run_address>0x98f0</run_address>
         <size>0xfc</size>
         <input_file_ref idref="fl-d4"/>
      </object_component>
      <object_component id="oc-357">
         <name>.text:_ltostr</name>
         <load_address>0x99ec</load_address>
         <run_address>0x99ec</run_address>
         <size>0xb1</size>
         <input_file_ref idref="fl-e1"/>
      </object_component>
      <object_component id="oc-47">
         <name>.text</name>
         <load_address>0x9a9e</load_address>
         <run_address>0x9a9e</run_address>
         <size>0x9c</size>
         <input_file_ref idref="fl-d7"/>
      </object_component>
      <object_component id="oc-18e">
         <name>.text</name>
         <load_address>0x9b3a</load_address>
         <run_address>0x9b3a</run_address>
         <size>0x96</size>
         <input_file_ref idref="fl-da"/>
      </object_component>
      <object_component id="oc-35d">
         <name>.text:__aeabi_cdcmple</name>
         <load_address>0x9bd0</load_address>
         <run_address>0x9bd0</run_address>
         <size>0x86</size>
         <input_file_ref idref="fl-e5"/>
      </object_component>
      <object_component id="oc-411">
         <name>.text:__aeabi_cdrcmple</name>
         <load_address>0x9c56</load_address>
         <run_address>0x9c56</run_address>
         <size>0x86</size>
         <input_file_ref idref="fl-e5"/>
      </object_component>
      <object_component id="oc-109">
         <name>.text</name>
         <load_address>0x9cdc</load_address>
         <run_address>0x9cdc</run_address>
         <size>0x84</size>
         <input_file_ref idref="fl-4"/>
      </object_component>
      <object_component id="oc-ad">
         <name>.text</name>
         <load_address>0x9d60</load_address>
         <run_address>0x9d60</run_address>
         <size>0x7a</size>
         <input_file_ref idref="fl-d9"/>
      </object_component>
      <object_component id="oc-431">
         <name>.text:_mcpy</name>
         <load_address>0x9dda</load_address>
         <run_address>0x9dda</run_address>
         <size>0x6e</size>
         <input_file_ref idref="fl-e1"/>
      </object_component>
      <object_component id="oc-3c9">
         <name>.text</name>
         <load_address>0x9e48</load_address>
         <run_address>0x9e48</run_address>
         <size>0x6e</size>
         <input_file_ref idref="fl-e8"/>
      </object_component>
      <object_component id="oc-30f">
         <name>.text:_chkmbc</name>
         <load_address>0x9eb8</load_address>
         <run_address>0x9eb8</run_address>
         <size>0x68</size>
         <input_file_ref idref="fl-d3"/>
      </object_component>
      <object_component id="oc-15">
         <name>.text:decompress:lzss:__TI_decompress_lzss</name>
         <load_address>0x9f20</load_address>
         <run_address>0x9f20</run_address>
         <size>0x68</size>
         <input_file_ref idref="fl-dd"/>
      </object_component>
      <object_component id="oc-446">
         <name>.text:frexp</name>
         <load_address>0x9f88</load_address>
         <run_address>0x9f88</run_address>
         <size>0x64</size>
         <input_file_ref idref="fl-fe"/>
      </object_component>
      <object_component id="oc-368">
         <name>.text:_pconv_f</name>
         <load_address>0x9fec</load_address>
         <run_address>0x9fec</run_address>
         <size>0x56</size>
         <input_file_ref idref="fl-e1"/>
      </object_component>
      <object_component id="oc-41b">
         <name>.text:__TI_ltoa</name>
         <load_address>0xa042</load_address>
         <run_address>0xa042</run_address>
         <size>0x54</size>
         <input_file_ref idref="fl-ef"/>
      </object_component>
      <object_component id="oc-42b">
         <name>.text:_ecpy</name>
         <load_address>0xa096</load_address>
         <run_address>0xa096</run_address>
         <size>0x52</size>
         <input_file_ref idref="fl-e1"/>
      </object_component>
      <object_component id="oc-351">
         <name>.text:atoi</name>
         <load_address>0xa0e8</load_address>
         <run_address>0xa0e8</run_address>
         <size>0x4c</size>
         <input_file_ref idref="fl-f1"/>
      </object_component>
      <object_component id="oc-1be">
         <name>.text:snprintf</name>
         <load_address>0xa134</load_address>
         <run_address>0xa134</run_address>
         <size>0x4c</size>
         <input_file_ref idref="fl-d2"/>
      </object_component>
      <object_component id="oc-416">
         <name>.text</name>
         <load_address>0xa180</load_address>
         <run_address>0xa180</run_address>
         <size>0x48</size>
         <input_file_ref idref="fl-e7"/>
      </object_component>
      <object_component id="oc-137">
         <name>.text:__TI_auto_init_nobinit_nopinit:__TI_auto_init_nobinit_nopinit</name>
         <load_address>0xa1c8</load_address>
         <run_address>0xa1c8</run_address>
         <size>0x44</size>
         <input_file_ref idref="fl-ea"/>
      </object_component>
      <object_component id="oc-21d">
         <name>.text</name>
         <load_address>0xa20c</load_address>
         <run_address>0xa20c</run_address>
         <size>0x44</size>
         <input_file_ref idref="fl-d5"/>
      </object_component>
      <object_component id="oc-2d">
         <name>.text</name>
         <load_address>0xa250</load_address>
         <run_address>0xa250</run_address>
         <size>0x40</size>
         <input_file_ref idref="fl-3"/>
      </object_component>
      <object_component id="oc-43e">
         <name>.text:_fcpy</name>
         <load_address>0xa290</load_address>
         <run_address>0xa290</run_address>
         <size>0x3e</size>
         <input_file_ref idref="fl-e1"/>
      </object_component>
      <object_component id="oc-223">
         <name>.text:sscanf</name>
         <load_address>0xa2d0</load_address>
         <run_address>0xa2d0</run_address>
         <size>0x38</size>
         <input_file_ref idref="fl-d3"/>
      </object_component>
      <object_component id="oc-65">
         <name>.text:_c_int00_noargs:_c_int00_noargs</name>
         <load_address>0xa308</load_address>
         <run_address>0xa308</run_address>
         <size>0x34</size>
         <input_file_ref idref="fl-e0"/>
      </object_component>
      <object_component id="oc-2a1">
         <name>.text:_outs</name>
         <load_address>0xa33c</load_address>
         <run_address>0xa33c</run_address>
         <size>0x30</size>
         <input_file_ref idref="fl-d2"/>
      </object_component>
      <object_component id="oc-421">
         <name>.text</name>
         <load_address>0xa36c</load_address>
         <run_address>0xa36c</run_address>
         <size>0x2e</size>
         <input_file_ref idref="fl-e9"/>
      </object_component>
      <object_component id="oc-1af">
         <name>.text</name>
         <load_address>0xa39a</load_address>
         <run_address>0xa39a</run_address>
         <size>0x24</size>
         <input_file_ref idref="fl-c"/>
      </object_component>
      <object_component id="oc-213">
         <name>.text</name>
         <load_address>0xa3be</load_address>
         <run_address>0xa3be</run_address>
         <size>0x20</size>
         <input_file_ref idref="fl-d8"/>
      </object_component>
      <object_component id="oc-37a">
         <name>.text:memccpy</name>
         <load_address>0xa3de</load_address>
         <run_address>0xa3de</run_address>
         <size>0x1c</size>
         <input_file_ref idref="fl-f2"/>
      </object_component>
      <object_component id="oc-49d">
         <name>.text:copysign</name>
         <load_address>0xa3fa</load_address>
         <run_address>0xa3fa</run_address>
         <size>0x1a</size>
         <input_file_ref idref="fl-100"/>
      </object_component>
      <object_component id="oc-2a7">
         <name>.text:_outc</name>
         <load_address>0xa414</load_address>
         <run_address>0xa414</run_address>
         <size>0x18</size>
         <input_file_ref idref="fl-d2"/>
      </object_component>
      <object_component id="oc-189">
         <name>.text</name>
         <load_address>0xa42c</load_address>
         <run_address>0xa42c</run_address>
         <size>0x18</size>
         <input_file_ref idref="fl-d6"/>
      </object_component>
      <object_component id="oc-1fa">
         <name>.text:setMqttState</name>
         <load_address>0xa444</load_address>
         <run_address>0xa444</run_address>
         <size>0x18</size>
         <input_file_ref idref="fl-9"/>
      </object_component>
      <object_component id="oc-1e5">
         <name>.text:strcmp</name>
         <load_address>0xa45c</load_address>
         <run_address>0xa45c</run_address>
         <size>0x18</size>
         <input_file_ref idref="fl-df"/>
      </object_component>
      <object_component id="oc-3dd">
         <name>.text:strrchr</name>
         <load_address>0xa474</load_address>
         <run_address>0xa474</run_address>
         <size>0x18</size>
         <input_file_ref idref="fl-f6"/>
      </object_component>
      <object_component id="oc-3e3">
         <name>.text:strchr</name>
         <load_address>0xa48c</load_address>
         <run_address>0xa48c</run_address>
         <size>0x16</size>
         <input_file_ref idref="fl-f3"/>
      </object_component>
      <object_component id="oc-11b">
         <name>.text:setHandlePublishCallback</name>
         <load_address>0xa4a4</load_address>
         <run_address>0xa4a4</run_address>
         <size>0x14</size>
         <input_file_ref idref="fl-9"/>
      </object_component>
      <object_component id="oc-3b1">
         <name>.text:strcpy</name>
         <load_address>0xa4b8</load_address>
         <run_address>0xa4b8</run_address>
         <size>0x14</size>
         <input_file_ref idref="fl-f4"/>
      </object_component>
      <object_component id="oc-34b">
         <name>.text:strlen</name>
         <load_address>0xa4cc</load_address>
         <run_address>0xa4cc</run_address>
         <size>0x14</size>
         <input_file_ref idref="fl-f5"/>
      </object_component>
      <object_component id="oc-303">
         <name>.text:_inpchar</name>
         <load_address>0xa4e0</load_address>
         <run_address>0xa4e0</run_address>
         <size>0x12</size>
         <input_file_ref idref="fl-d3"/>
      </object_component>
      <object_component id="oc-380">
         <name>.text:wcslen</name>
         <load_address>0xa4f2</load_address>
         <run_address>0xa4f2</run_address>
         <size>0x12</size>
         <input_file_ref idref="fl-fd"/>
      </object_component>
      <object_component id="oc-20c">
         <name>.text:getMqttResponse</name>
         <load_address>0xa504</load_address>
         <run_address>0xa504</run_address>
         <size>0x10</size>
         <input_file_ref idref="fl-9"/>
      </object_component>
      <object_component id="oc-1b">
         <name>.text:decompress:none:__TI_decompress_none</name>
         <load_address>0xa514</load_address>
         <run_address>0xa514</run_address>
         <size>0xe</size>
         <input_file_ref idref="fl-dc"/>
      </object_component>
      <object_component id="oc-59">
         <name>.text:decompress:ZI:__TI_zero_init</name>
         <load_address>0xa522</load_address>
         <run_address>0xa522</run_address>
         <size>0xc</size>
         <input_file_ref idref="fl-db"/>
      </object_component>
      <object_component id="oc-201">
         <name>.text:getMqttState</name>
         <load_address>0xa530</load_address>
         <run_address>0xa530</run_address>
         <size>0xc</size>
         <input_file_ref idref="fl-9"/>
      </object_component>
      <object_component id="oc-27">
         <name>.text</name>
         <load_address>0xa53c</load_address>
         <run_address>0xa53c</run_address>
         <size>0xc</size>
         <input_file_ref idref="fl-2"/>
      </object_component>
      <object_component id="oc-386">
         <name>.text:__aeabi_errno_addr</name>
         <load_address>0xa548</load_address>
         <run_address>0xa548</run_address>
         <size>0x8</size>
         <input_file_ref idref="fl-fc"/>
      </object_component>
      <object_component id="oc-309">
         <name>.text:_uninpchar</name>
         <load_address>0xa550</load_address>
         <run_address>0xa550</run_address>
         <size>0x8</size>
         <input_file_ref idref="fl-d3"/>
      </object_component>
      <object_component id="oc-b3">
         <name>.text:_system_pre_init</name>
         <load_address>0xa558</load_address>
         <run_address>0xa558</run_address>
         <size>0x4</size>
         <input_file_ref idref="fl-eb"/>
      </object_component>
      <object_component id="oc-12b">
         <name>.text:abort:abort</name>
         <load_address>0xa55c</load_address>
         <run_address>0xa55c</run_address>
         <size>0x4</size>
         <input_file_ref idref="fl-ed"/>
      </object_component>
      <object_component id="oc-3da">
         <name>.const:.string:_ctypes_</name>
         <load_address>0xa560</load_address>
         <run_address>0xa560</run_address>
         <size>0x101</size>
         <input_file_ref idref="fl-de"/>
      </object_component>
      <object_component id="oc-2cd">
         <name>.const:.string:BROADCAST_MAC_ADDRESS</name>
         <load_address>0xa661</load_address>
         <run_address>0xa661</run_address>
         <size>0x6</size>
         <input_file_ref idref="fl-5"/>
      </object_component>
      <object_component id="oc-473">
         <name>.const:$O1$$</name>
         <load_address>0xa668</load_address>
         <run_address>0xa668</run_address>
         <size>0xc8</size>
         <input_file_ref idref="fl-f7"/>
      </object_component>
      <object_component id="oc-3e9">
         <name>.const:$O1$$</name>
         <load_address>0xa730</load_address>
         <run_address>0xa730</run_address>
         <size>0x10</size>
         <input_file_ref idref="fl-e2"/>
      </object_component>
      <object_component id="oc-2d1">
         <name>.const:.string:BROADCAST_IP_ADDRESS</name>
         <load_address>0xa740</load_address>
         <run_address>0xa740</run_address>
         <size>0x4</size>
         <input_file_ref idref="fl-10"/>
      </object_component>
      <object_component id="oc-2c7">
         <name>.const:.string:EMPTY_IP_ADDRESS</name>
         <load_address>0xa744</load_address>
         <run_address>0xa744</run_address>
         <size>0x4</size>
         <input_file_ref idref="fl-10"/>
      </object_component>
      <object_component id="oc-502">
         <name>.cinit..data.load</name>
         <load_address>0xa748</load_address>
         <run_address>0xa748</run_address>
         <size>0x20</size>
      </object_component>
      <object_component id="oc-500">
         <name>__TI_handler_table</name>
         <load_address>0xa768</load_address>
         <run_address>0xa768</run_address>
         <size>0xc</size>
      </object_component>
      <object_component id="oc-503">
         <name>.cinit..bss.load</name>
         <load_address>0xa778</load_address>
         <run_address>0xa778</run_address>
         <size>0x8</size>
      </object_component>
      <object_component id="oc-501">
         <name>__TI_cinit_table</name>
         <load_address>0xa780</load_address>
         <run_address>0xa780</run_address>
         <size>0x10</size>
      </object_component>
      <object_component id="oc-7a">
         <name>.data</name>
         <load_address>0x20001e7c</load_address>
         <run_address>0x20001e7c</run_address>
         <size>0x4</size>
         <input_file_ref idref="fl-3"/>
      </object_component>
      <object_component id="oc-1b5">
         <name>.data</name>
         <load_address>0x20001e79</load_address>
         <run_address>0x20001e79</run_address>
         <size>0x3</size>
         <input_file_ref idref="fl-5"/>
      </object_component>
      <object_component id="oc-1b8">
         <name>.data:hwAddress</name>
         <load_address>0x20001e73</load_address>
         <run_address>0x20001e73</run_address>
         <size>0x6</size>
         <input_file_ref idref="fl-5"/>
      </object_component>
      <object_component id="oc-208">
         <name>.data</name>
         <load_address>0x20001ea5</load_address>
         <run_address>0x20001ea5</run_address>
         <size>0x1</size>
         <input_file_ref idref="fl-9"/>
      </object_component>
      <object_component id="oc-193">
         <name>.data</name>
         <load_address>0x20001ea0</load_address>
         <run_address>0x20001ea0</run_address>
         <size>0x4</size>
         <input_file_ref idref="fl-a"/>
      </object_component>
      <object_component id="oc-2f3">
         <name>.data</name>
         <load_address>0x20001ea4</load_address>
         <run_address>0x20001ea4</run_address>
         <size>0x1</size>
         <input_file_ref idref="fl-d"/>
      </object_component>
      <object_component id="oc-2be">
         <name>.data</name>
         <load_address>0x20001e5c</load_address>
         <run_address>0x20001e5c</run_address>
         <size>0x17</size>
         <input_file_ref idref="fl-e"/>
      </object_component>
      <object_component id="oc-262">
         <name>.data:ipAddress</name>
         <load_address>0x20001e80</load_address>
         <run_address>0x20001e80</run_address>
         <size>0x4</size>
         <input_file_ref idref="fl-10"/>
      </object_component>
      <object_component id="oc-265">
         <name>.data:ipSubnetMask</name>
         <load_address>0x20001e90</load_address>
         <run_address>0x20001e90</run_address>
         <size>0x4</size>
         <input_file_ref idref="fl-10"/>
      </object_component>
      <object_component id="oc-268">
         <name>.data:ipGwAddress</name>
         <load_address>0x20001e88</load_address>
         <run_address>0x20001e88</run_address>
         <size>0x4</size>
         <input_file_ref idref="fl-10"/>
      </object_component>
      <object_component id="oc-26b">
         <name>.data:ipDnsAddress</name>
         <load_address>0x20001e84</load_address>
         <run_address>0x20001e84</run_address>
         <size>0x4</size>
         <input_file_ref idref="fl-10"/>
      </object_component>
      <object_component id="oc-26e">
         <name>.data:ipTimeServerAddress</name>
         <load_address>0x20001e94</load_address>
         <run_address>0x20001e94</run_address>
         <size>0x4</size>
         <input_file_ref idref="fl-10"/>
      </object_component>
      <object_component id="oc-271">
         <name>.data:ipMqttBrokerAddress</name>
         <load_address>0x20001e8c</load_address>
         <run_address>0x20001e8c</run_address>
         <size>0x4</size>
         <input_file_ref idref="fl-10"/>
      </object_component>
      <object_component id="oc-1a5">
         <name>.data</name>
         <load_address>0x20001ea7</load_address>
         <run_address>0x20001ea7</run_address>
         <size>0x1</size>
         <input_file_ref idref="fl-12"/>
      </object_component>
      <object_component id="oc-277">
         <name>.data</name>
         <load_address>0x20001ea8</load_address>
         <run_address>0x20001ea8</run_address>
         <size>0x1</size>
         <input_file_ref idref="fl-13"/>
      </object_component>
      <object_component id="oc-1f8">
         <name>.data</name>
         <load_address>0x20001e98</load_address>
         <run_address>0x20001e98</run_address>
         <size>0x4</size>
         <input_file_ref idref="fl-16"/>
      </object_component>
      <object_component id="oc-229">
         <name>.data</name>
         <load_address>0x20001ea6</load_address>
         <run_address>0x20001ea6</run_address>
         <size>0x1</size>
         <input_file_ref idref="fl-18"/>
      </object_component>
      <object_component id="oc-45c">
         <name>.data</name>
         <load_address>0x20001e9c</load_address>
         <run_address>0x20001e9c</run_address>
         <size>0x4</size>
         <input_file_ref idref="fl-fc"/>
      </object_component>
      <object_component id="oc-209">
         <name>.bss:client</name>
         <uninitialized>true</uninitialized>
         <run_address>0x20001a3c</run_address>
         <size>0x16c</size>
         <input_file_ref idref="fl-9"/>
      </object_component>
      <object_component id="oc-2cc">
         <name>.bss</name>
         <uninitialized>true</uninitialized>
         <run_address>0x20001e3c</run_address>
         <size>0x4</size>
         <input_file_ref idref="fl-e"/>
      </object_component>
      <object_component id="oc-276">
         <name>.bss</name>
         <uninitialized>true</uninitialized>
         <run_address>0x20001e40</run_address>
         <size>0x4</size>
         <input_file_ref idref="fl-13"/>
      </object_component>
      <object_component id="oc-1d6">
         <name>.common:out</name>
         <uninitialized>true</uninitialized>
         <run_address>0x20001d84</run_address>
         <size>0x64</size>
      </object_component>
      <object_component id="oc-83">
         <name>.common:timers</name>
         <uninitialized>true</uninitialized>
         <run_address>0x20001848</run_address>
         <size>0x1f4</size>
      </object_component>
      <object_component id="oc-2f2">
         <name>.common:arpTable</name>
         <uninitialized>true</uninitialized>
         <run_address>0x20001ca8</run_address>
         <size>0xdc</size>
      </object_component>
      <object_component id="oc-2ca">
         <name>.common:dhcpOfferedIpAdd</name>
         <uninitialized>true</uninitialized>
         <run_address>0x20001e44</run_address>
         <size>0x4</size>
      </object_component>
      <object_component id="oc-2d0">
         <name>.common:dhcpServerIpAdd</name>
         <uninitialized>true</uninitialized>
         <run_address>0x20001e48</run_address>
         <size>0x4</size>
      </object_component>
      <object_component id="oc-2c1">
         <name>.common:t1PeriodicTimer</name>
         <uninitialized>true</uninitialized>
         <run_address>0x20001e56</run_address>
         <size>0x1</size>
      </object_component>
      <object_component id="oc-2c3">
         <name>.common:t1HitTimer</name>
         <uninitialized>true</uninitialized>
         <run_address>0x20001e55</run_address>
         <size>0x1</size>
      </object_component>
      <object_component id="oc-2c2">
         <name>.common:t2PeriodicTimer</name>
         <uninitialized>true</uninitialized>
         <run_address>0x20001e58</run_address>
         <size>0x1</size>
      </object_component>
      <object_component id="oc-2c4">
         <name>.common:t2HitTimer</name>
         <uninitialized>true</uninitialized>
         <run_address>0x20001e57</run_address>
         <size>0x1</size>
      </object_component>
      <object_component id="oc-2c5">
         <name>.common:leaseEndTimer</name>
         <uninitialized>true</uninitialized>
         <run_address>0x20001e51</run_address>
         <size>0x1</size>
      </object_component>
      <object_component id="oc-2cb">
         <name>.common:arpTestTimer</name>
         <uninitialized>true</uninitialized>
         <run_address>0x20001e50</run_address>
         <size>0x1</size>
      </object_component>
      <object_component id="oc-2d4">
         <name>.common:releaseTimer</name>
         <uninitialized>true</uninitialized>
         <run_address>0x20001e54</run_address>
         <size>0x1</size>
      </object_component>
      <object_component id="oc-2d5">
         <name>.common:newAddTimer</name>
         <uninitialized>true</uninitialized>
         <run_address>0x20001e53</run_address>
         <size>0x1</size>
      </object_component>
      <object_component id="oc-2c6">
         <name>.common:leaseTickTimer</name>
         <uninitialized>true</uninitialized>
         <run_address>0x20001e52</run_address>
         <size>0x1</size>
      </object_component>
      <object_component id="oc-2d9">
         <name>.common:mqttBuffer</name>
         <uninitialized>true</uninitialized>
         <run_address>0x20001ba8</run_address>
         <size>0x100</size>
      </object_component>
      <object_component id="oc-1a2">
         <name>.common:sockets</name>
         <uninitialized>true</uninitialized>
         <run_address>0x200015f0</run_address>
         <size>0x258</size>
      </object_component>
      <object_component id="oc-2f7">
         <name>.common:buffer</name>
         <uninitialized>true</uninitialized>
         <run_address>0x20001000</run_address>
         <size>0x5f0</size>
      </object_component>
      <object_component id="oc-1f7">
         <name>.common:udpData</name>
         <uninitialized>true</uninitialized>
         <run_address>0x20001e4c</run_address>
         <size>0x4</size>
      </object_component>
      <object_component id="oc-22c">
         <name>.common:strInput</name>
         <uninitialized>true</uninitialized>
         <run_address>0x20001de8</run_address>
         <size>0x54</size>
      </object_component>
      <object_component id="oc-24">
         <name>.stack</name>
         <uninitialized>true</uninitialized>
         <run_address>0x20000000</run_address>
         <size>0x4</size>
         <input_file_ref idref="fl-e0"/>
      </object_component>
      <object_component id="oc-505">
         <name>.stack</name>
         <uninitialized>true</uninitialized>
         <run_address>0x20000000</run_address>
         <size>0x0</size>
      </object_component>
      <object_component id="oc-3b">
         <name>.debug_info</name>
         <load_address>0x0</load_address>
         <run_address>0x0</run_address>
         <size>0x2d7</size>
         <input_file_ref idref="fl-2"/>
      </object_component>
      <object_component id="oc-13">
         <name>.debug_info</name>
         <load_address>0x2d7</load_address>
         <run_address>0x2d7</run_address>
         <size>0xe4</size>
         <input_file_ref idref="fl-2"/>
      </object_component>
      <object_component id="oc-28">
         <name>.debug_info</name>
         <load_address>0x3bb</load_address>
         <run_address>0x3bb</run_address>
         <size>0x288</size>
         <input_file_ref idref="fl-2"/>
      </object_component>
      <object_component id="oc-93">
         <name>.debug_info</name>
         <load_address>0x643</load_address>
         <run_address>0x643</run_address>
         <size>0x26b</size>
         <input_file_ref idref="fl-2"/>
      </object_component>
      <object_component id="oc-42">
         <name>.debug_info</name>
         <load_address>0x8ae</load_address>
         <run_address>0x8ae</run_address>
         <size>0x84</size>
         <input_file_ref idref="fl-2"/>
      </object_component>
      <object_component id="oc-cd">
         <name>.debug_info</name>
         <load_address>0x932</load_address>
         <run_address>0x932</run_address>
         <size>0x2a4</size>
         <input_file_ref idref="fl-2"/>
      </object_component>
      <object_component id="oc-7e">
         <name>.debug_info</name>
         <load_address>0xbd6</load_address>
         <run_address>0xbd6</run_address>
         <size>0xbb</size>
         <input_file_ref idref="fl-2"/>
      </object_component>
      <object_component id="oc-7b">
         <name>.debug_info</name>
         <load_address>0xc91</load_address>
         <run_address>0xc91</run_address>
         <size>0xca</size>
         <input_file_ref idref="fl-3"/>
      </object_component>
      <object_component id="oc-30">
         <name>.debug_info</name>
         <load_address>0xd5b</load_address>
         <run_address>0xd5b</run_address>
         <size>0x235</size>
         <input_file_ref idref="fl-3"/>
      </object_component>
      <object_component id="oc-10a">
         <name>.debug_info</name>
         <load_address>0xf90</load_address>
         <run_address>0xf90</run_address>
         <size>0x22c</size>
         <input_file_ref idref="fl-4"/>
      </object_component>
      <object_component id="oc-1bc">
         <name>.debug_info</name>
         <load_address>0x11bc</load_address>
         <run_address>0x11bc</run_address>
         <size>0x477</size>
         <input_file_ref idref="fl-5"/>
      </object_component>
      <object_component id="oc-2ce">
         <name>.debug_info</name>
         <load_address>0x1633</load_address>
         <run_address>0x1633</run_address>
         <size>0xe5</size>
         <input_file_ref idref="fl-5"/>
      </object_component>
      <object_component id="oc-1b6">
         <name>.debug_info</name>
         <load_address>0x1718</load_address>
         <run_address>0x1718</run_address>
         <size>0x125</size>
         <input_file_ref idref="fl-5"/>
      </object_component>
      <object_component id="oc-1b9">
         <name>.debug_info</name>
         <load_address>0x183d</load_address>
         <run_address>0x183d</run_address>
         <size>0xcd</size>
         <input_file_ref idref="fl-5"/>
      </object_component>
      <object_component id="oc-104">
         <name>.debug_info</name>
         <load_address>0x190a</load_address>
         <run_address>0x190a</run_address>
         <size>0x1ba4</size>
         <input_file_ref idref="fl-5"/>
      </object_component>
      <object_component id="oc-180">
         <name>.debug_info</name>
         <load_address>0x34ae</load_address>
         <run_address>0x34ae</run_address>
         <size>0x88</size>
         <input_file_ref idref="fl-5"/>
      </object_component>
      <object_component id="oc-8c">
         <name>.debug_info</name>
         <load_address>0x3536</load_address>
         <run_address>0x3536</run_address>
         <size>0x8b</size>
         <input_file_ref idref="fl-5"/>
      </object_component>
      <object_component id="oc-16b">
         <name>.debug_info</name>
         <load_address>0x35c1</load_address>
         <run_address>0x35c1</run_address>
         <size>0xe1</size>
         <input_file_ref idref="fl-5"/>
      </object_component>
      <object_component id="oc-185">
         <name>.debug_info</name>
         <load_address>0x36a2</load_address>
         <run_address>0x36a2</run_address>
         <size>0x261</size>
         <input_file_ref idref="fl-6"/>
      </object_component>
      <object_component id="oc-ed">
         <name>.debug_info</name>
         <load_address>0x3903</load_address>
         <run_address>0x3903</run_address>
         <size>0x1271</size>
         <input_file_ref idref="fl-6"/>
      </object_component>
      <object_component id="oc-1aa">
         <name>.debug_info</name>
         <load_address>0x4b74</load_address>
         <run_address>0x4b74</run_address>
         <size>0x49e</size>
         <input_file_ref idref="fl-7"/>
      </object_component>
      <object_component id="oc-187">
         <name>.debug_info</name>
         <load_address>0x5012</load_address>
         <run_address>0x5012</run_address>
         <size>0x36c</size>
         <input_file_ref idref="fl-8"/>
      </object_component>
      <object_component id="oc-f3">
         <name>.debug_info</name>
         <load_address>0x537e</load_address>
         <run_address>0x537e</run_address>
         <size>0x420</size>
         <input_file_ref idref="fl-8"/>
      </object_component>
      <object_component id="oc-d9">
         <name>.debug_info</name>
         <load_address>0x579e</load_address>
         <run_address>0x579e</run_address>
         <size>0x7ba</size>
         <input_file_ref idref="fl-9"/>
      </object_component>
      <object_component id="oc-20a">
         <name>.debug_info</name>
         <load_address>0x5f58</load_address>
         <run_address>0x5f58</run_address>
         <size>0xca</size>
         <input_file_ref idref="fl-9"/>
      </object_component>
      <object_component id="oc-1fb">
         <name>.debug_info</name>
         <load_address>0x6022</load_address>
         <run_address>0x6022</run_address>
         <size>0x140</size>
         <input_file_ref idref="fl-9"/>
      </object_component>
      <object_component id="oc-203">
         <name>.debug_info</name>
         <load_address>0x6162</load_address>
         <run_address>0x6162</run_address>
         <size>0x11d</size>
         <input_file_ref idref="fl-9"/>
      </object_component>
      <object_component id="oc-20e">
         <name>.debug_info</name>
         <load_address>0x627f</load_address>
         <run_address>0x627f</run_address>
         <size>0x146</size>
         <input_file_ref idref="fl-9"/>
      </object_component>
      <object_component id="oc-11d">
         <name>.debug_info</name>
         <load_address>0x63c5</load_address>
         <run_address>0x63c5</run_address>
         <size>0x14c</size>
         <input_file_ref idref="fl-9"/>
      </object_component>
      <object_component id="oc-118">
         <name>.debug_info</name>
         <load_address>0x6511</load_address>
         <run_address>0x6511</run_address>
         <size>0x1146</size>
         <input_file_ref idref="fl-9"/>
      </object_component>
      <object_component id="oc-170">
         <name>.debug_info</name>
         <load_address>0x7657</load_address>
         <run_address>0x7657</run_address>
         <size>0x2f0</size>
         <input_file_ref idref="fl-9"/>
      </object_component>
      <object_component id="oc-87">
         <name>.debug_info</name>
         <load_address>0x7947</load_address>
         <run_address>0x7947</run_address>
         <size>0x2c</size>
         <input_file_ref idref="fl-9"/>
      </object_component>
      <object_component id="oc-17a">
         <name>.debug_info</name>
         <load_address>0x7973</load_address>
         <run_address>0x7973</run_address>
         <size>0xcc</size>
         <input_file_ref idref="fl-9"/>
      </object_component>
      <object_component id="oc-2b9">
         <name>.debug_info</name>
         <load_address>0x7a3f</load_address>
         <run_address>0x7a3f</run_address>
         <size>0x2c</size>
         <input_file_ref idref="fl-9"/>
      </object_component>
      <object_component id="oc-282">
         <name>.debug_info</name>
         <load_address>0x7a6b</load_address>
         <run_address>0x7a6b</run_address>
         <size>0x12e</size>
         <input_file_ref idref="fl-9"/>
      </object_component>
      <object_component id="oc-175">
         <name>.debug_info</name>
         <load_address>0x7b99</load_address>
         <run_address>0x7b99</run_address>
         <size>0x20d</size>
         <input_file_ref idref="fl-9"/>
      </object_component>
      <object_component id="oc-287">
         <name>.debug_info</name>
         <load_address>0x7da6</load_address>
         <run_address>0x7da6</run_address>
         <size>0xee</size>
         <input_file_ref idref="fl-9"/>
      </object_component>
      <object_component id="oc-195">
         <name>.debug_info</name>
         <load_address>0x7e94</load_address>
         <run_address>0x7e94</run_address>
         <size>0x27a</size>
         <input_file_ref idref="fl-a"/>
      </object_component>
      <object_component id="oc-f9">
         <name>.debug_info</name>
         <load_address>0x810e</load_address>
         <run_address>0x810e</run_address>
         <size>0x814</size>
         <input_file_ref idref="fl-a"/>
      </object_component>
      <object_component id="oc-84">
         <name>.debug_info</name>
         <load_address>0x8922</load_address>
         <run_address>0x8922</run_address>
         <size>0x2c0</size>
         <input_file_ref idref="fl-b"/>
      </object_component>
      <object_component id="oc-35">
         <name>.debug_info</name>
         <load_address>0x8be2</load_address>
         <run_address>0x8be2</run_address>
         <size>0x4ac</size>
         <input_file_ref idref="fl-b"/>
      </object_component>
      <object_component id="oc-d4">
         <name>.debug_info</name>
         <load_address>0x908e</load_address>
         <run_address>0x908e</run_address>
         <size>0xae</size>
         <input_file_ref idref="fl-b"/>
      </object_component>
      <object_component id="oc-1b0">
         <name>.debug_info</name>
         <load_address>0x913c</load_address>
         <run_address>0x913c</run_address>
         <size>0x125</size>
         <input_file_ref idref="fl-c"/>
      </object_component>
      <object_component id="oc-1d7">
         <name>.debug_info</name>
         <load_address>0x9261</load_address>
         <run_address>0x9261</run_address>
         <size>0x4d1</size>
         <input_file_ref idref="fl-d"/>
      </object_component>
      <object_component id="oc-2f4">
         <name>.debug_info</name>
         <load_address>0x9732</load_address>
         <run_address>0x9732</run_address>
         <size>0xd5</size>
         <input_file_ref idref="fl-d"/>
      </object_component>
      <object_component id="oc-1f3">
         <name>.debug_info</name>
         <load_address>0x9807</load_address>
         <run_address>0x9807</run_address>
         <size>0x919</size>
         <input_file_ref idref="fl-d"/>
      </object_component>
      <object_component id="oc-27d">
         <name>.debug_info</name>
         <load_address>0xa120</load_address>
         <run_address>0xa120</run_address>
         <size>0x141</size>
         <input_file_ref idref="fl-d"/>
      </object_component>
      <object_component id="oc-1d9">
         <name>.debug_info</name>
         <load_address>0xa261</load_address>
         <run_address>0xa261</run_address>
         <size>0xa3f</size>
         <input_file_ref idref="fl-e"/>
      </object_component>
      <object_component id="oc-2bf">
         <name>.debug_info</name>
         <load_address>0xaca0</load_address>
         <run_address>0xaca0</run_address>
         <size>0x262</size>
         <input_file_ref idref="fl-e"/>
      </object_component>
      <object_component id="oc-1c5">
         <name>.debug_info</name>
         <load_address>0xaf02</load_address>
         <run_address>0xaf02</run_address>
         <size>0x2607</size>
         <input_file_ref idref="fl-e"/>
      </object_component>
      <object_component id="oc-2df">
         <name>.debug_info</name>
         <load_address>0xd509</load_address>
         <run_address>0xd509</run_address>
         <size>0x1bf</size>
         <input_file_ref idref="fl-e"/>
      </object_component>
      <object_component id="oc-28c">
         <name>.debug_info</name>
         <load_address>0xd6c8</load_address>
         <run_address>0xd6c8</run_address>
         <size>0x9e</size>
         <input_file_ref idref="fl-e"/>
      </object_component>
      <object_component id="oc-2f1">
         <name>.debug_info</name>
         <load_address>0xd766</load_address>
         <run_address>0xd766</run_address>
         <size>0x35c</size>
         <input_file_ref idref="fl-f"/>
      </object_component>
      <object_component id="oc-1ed">
         <name>.debug_info</name>
         <load_address>0xdac2</load_address>
         <run_address>0xdac2</run_address>
         <size>0x3ae</size>
         <input_file_ref idref="fl-f"/>
      </object_component>
      <object_component id="oc-3aa">
         <name>.debug_info</name>
         <load_address>0xde70</load_address>
         <run_address>0xde70</run_address>
         <size>0xb2</size>
         <input_file_ref idref="fl-f"/>
      </object_component>
      <object_component id="oc-275">
         <name>.debug_info</name>
         <load_address>0xdf22</load_address>
         <run_address>0xdf22</run_address>
         <size>0x2d6</size>
         <input_file_ref idref="fl-10"/>
      </object_component>
      <object_component id="oc-2c8">
         <name>.debug_info</name>
         <load_address>0xe1f8</load_address>
         <run_address>0xe1f8</run_address>
         <size>0xdc</size>
         <input_file_ref idref="fl-10"/>
      </object_component>
      <object_component id="oc-2d2">
         <name>.debug_info</name>
         <load_address>0xe2d4</load_address>
         <run_address>0xe2d4</run_address>
         <size>0xe4</size>
         <input_file_ref idref="fl-10"/>
      </object_component>
      <object_component id="oc-263">
         <name>.debug_info</name>
         <load_address>0xe3b8</load_address>
         <run_address>0xe3b8</run_address>
         <size>0xce</size>
         <input_file_ref idref="fl-10"/>
      </object_component>
      <object_component id="oc-266">
         <name>.debug_info</name>
         <load_address>0xe486</load_address>
         <run_address>0xe486</run_address>
         <size>0xd4</size>
         <input_file_ref idref="fl-10"/>
      </object_component>
      <object_component id="oc-269">
         <name>.debug_info</name>
         <load_address>0xe55a</load_address>
         <run_address>0xe55a</run_address>
         <size>0xd2</size>
         <input_file_ref idref="fl-10"/>
      </object_component>
      <object_component id="oc-26c">
         <name>.debug_info</name>
         <load_address>0xe62c</load_address>
         <run_address>0xe62c</run_address>
         <size>0xd4</size>
         <input_file_ref idref="fl-10"/>
      </object_component>
      <object_component id="oc-26f">
         <name>.debug_info</name>
         <load_address>0xe700</load_address>
         <run_address>0xe700</run_address>
         <size>0xe2</size>
         <input_file_ref idref="fl-10"/>
      </object_component>
      <object_component id="oc-272">
         <name>.debug_info</name>
         <load_address>0xe7e2</load_address>
         <run_address>0xe7e2</run_address>
         <size>0xe2</size>
         <input_file_ref idref="fl-10"/>
      </object_component>
      <object_component id="oc-197">
         <name>.debug_info</name>
         <load_address>0xe8c4</load_address>
         <run_address>0xe8c4</run_address>
         <size>0xf92</size>
         <input_file_ref idref="fl-10"/>
      </object_component>
      <object_component id="oc-1db">
         <name>.debug_info</name>
         <load_address>0xf856</load_address>
         <run_address>0xf856</run_address>
         <size>0x484</size>
         <input_file_ref idref="fl-11"/>
      </object_component>
      <object_component id="oc-1d1">
         <name>.debug_info</name>
         <load_address>0xfcda</load_address>
         <run_address>0xfcda</run_address>
         <size>0x121d</size>
         <input_file_ref idref="fl-11"/>
      </object_component>
      <object_component id="oc-230">
         <name>.debug_info</name>
         <load_address>0x10ef7</load_address>
         <run_address>0x10ef7</run_address>
         <size>0x35</size>
         <input_file_ref idref="fl-11"/>
      </object_component>
      <object_component id="oc-1a3">
         <name>.debug_info</name>
         <load_address>0x10f2c</load_address>
         <run_address>0x10f2c</run_address>
         <size>0x469</size>
         <input_file_ref idref="fl-12"/>
      </object_component>
      <object_component id="oc-1a6">
         <name>.debug_info</name>
         <load_address>0x11395</load_address>
         <run_address>0x11395</run_address>
         <size>0xd6</size>
         <input_file_ref idref="fl-12"/>
      </object_component>
      <object_component id="oc-fe">
         <name>.debug_info</name>
         <load_address>0x1146b</load_address>
         <run_address>0x1146b</run_address>
         <size>0xb95</size>
         <input_file_ref idref="fl-12"/>
      </object_component>
      <object_component id="oc-1dd">
         <name>.debug_info</name>
         <load_address>0x12000</load_address>
         <run_address>0x12000</run_address>
         <size>0x7f5</size>
         <input_file_ref idref="fl-13"/>
      </object_component>
      <object_component id="oc-278">
         <name>.debug_info</name>
         <load_address>0x127f5</load_address>
         <run_address>0x127f5</run_address>
         <size>0xc4</size>
         <input_file_ref idref="fl-13"/>
      </object_component>
      <object_component id="oc-1a0">
         <name>.debug_info</name>
         <load_address>0x128b9</load_address>
         <run_address>0x128b9</run_address>
         <size>0x2537</size>
         <input_file_ref idref="fl-13"/>
      </object_component>
      <object_component id="oc-2d8">
         <name>.debug_info</name>
         <load_address>0x14df0</load_address>
         <run_address>0x14df0</run_address>
         <size>0x40f</size>
         <input_file_ref idref="fl-14"/>
      </object_component>
      <object_component id="oc-1cb">
         <name>.debug_info</name>
         <load_address>0x151ff</load_address>
         <run_address>0x151ff</run_address>
         <size>0x624</size>
         <input_file_ref idref="fl-14"/>
      </object_component>
      <object_component id="oc-129">
         <name>.debug_info</name>
         <load_address>0x15823</load_address>
         <run_address>0x15823</run_address>
         <size>0x6e6</size>
         <input_file_ref idref="fl-15"/>
      </object_component>
      <object_component id="oc-bc">
         <name>.debug_info</name>
         <load_address>0x15f09</load_address>
         <run_address>0x15f09</run_address>
         <size>0x424</size>
         <input_file_ref idref="fl-15"/>
      </object_component>
      <object_component id="oc-1df">
         <name>.debug_info</name>
         <load_address>0x1632d</load_address>
         <run_address>0x1632d</run_address>
         <size>0xdcc</size>
         <input_file_ref idref="fl-16"/>
      </object_component>
      <object_component id="oc-110">
         <name>.debug_info</name>
         <load_address>0x170f9</load_address>
         <run_address>0x170f9</run_address>
         <size>0xcb8</size>
         <input_file_ref idref="fl-16"/>
      </object_component>
      <object_component id="oc-e2">
         <name>.debug_info</name>
         <load_address>0x17db1</load_address>
         <run_address>0x17db1</run_address>
         <size>0x2c</size>
         <input_file_ref idref="fl-16"/>
      </object_component>
      <object_component id="oc-1e1">
         <name>.debug_info</name>
         <load_address>0x17ddd</load_address>
         <run_address>0x17ddd</run_address>
         <size>0x2e0</size>
         <input_file_ref idref="fl-17"/>
      </object_component>
      <object_component id="oc-1e3">
         <name>.debug_info</name>
         <load_address>0x180bd</load_address>
         <run_address>0x180bd</run_address>
         <size>0xa07</size>
         <input_file_ref idref="fl-18"/>
      </object_component>
      <object_component id="oc-22a">
         <name>.debug_info</name>
         <load_address>0x18ac4</load_address>
         <run_address>0x18ac4</run_address>
         <size>0xc2</size>
         <input_file_ref idref="fl-18"/>
      </object_component>
      <object_component id="oc-123">
         <name>.debug_info</name>
         <load_address>0x18b86</load_address>
         <run_address>0x18b86</run_address>
         <size>0xca9</size>
         <input_file_ref idref="fl-18"/>
      </object_component>
      <object_component id="oc-2ae">
         <name>.debug_info</name>
         <load_address>0x1982f</load_address>
         <run_address>0x1982f</run_address>
         <size>0x33a</size>
         <input_file_ref idref="fl-d2"/>
      </object_component>
      <object_component id="oc-1bf">
         <name>.debug_info</name>
         <load_address>0x19b69</load_address>
         <run_address>0x19b69</run_address>
         <size>0x1ee</size>
         <input_file_ref idref="fl-d2"/>
      </object_component>
      <object_component id="oc-2a2">
         <name>.debug_info</name>
         <load_address>0x19d57</load_address>
         <run_address>0x19d57</run_address>
         <size>0x1c3</size>
         <input_file_ref idref="fl-d2"/>
      </object_component>
      <object_component id="oc-2a8">
         <name>.debug_info</name>
         <load_address>0x19f1a</load_address>
         <run_address>0x19f1a</run_address>
         <size>0x176</size>
         <input_file_ref idref="fl-d2"/>
      </object_component>
      <object_component id="oc-2af">
         <name>.debug_info</name>
         <load_address>0x1a090</load_address>
         <run_address>0x1a090</run_address>
         <size>0x2c</size>
         <input_file_ref idref="fl-d2"/>
      </object_component>
      <object_component id="oc-2b4">
         <name>.debug_info</name>
         <load_address>0x1a0bc</load_address>
         <run_address>0x1a0bc</run_address>
         <size>0x69</size>
         <input_file_ref idref="fl-d2"/>
      </object_component>
      <object_component id="oc-316">
         <name>.debug_info</name>
         <load_address>0x1a125</load_address>
         <run_address>0x1a125</run_address>
         <size>0x37a</size>
         <input_file_ref idref="fl-d3"/>
      </object_component>
      <object_component id="oc-224">
         <name>.debug_info</name>
         <load_address>0x1a49f</load_address>
         <run_address>0x1a49f</run_address>
         <size>0x17e</size>
         <input_file_ref idref="fl-d3"/>
      </object_component>
      <object_component id="oc-30a">
         <name>.debug_info</name>
         <load_address>0x1a61d</load_address>
         <run_address>0x1a61d</run_address>
         <size>0x171</size>
         <input_file_ref idref="fl-d3"/>
      </object_component>
      <object_component id="oc-304">
         <name>.debug_info</name>
         <load_address>0x1a78e</load_address>
         <run_address>0x1a78e</run_address>
         <size>0x17e</size>
         <input_file_ref idref="fl-d3"/>
      </object_component>
      <object_component id="oc-310">
         <name>.debug_info</name>
         <load_address>0x1a90c</load_address>
         <run_address>0x1a90c</run_address>
         <size>0x1de</size>
         <input_file_ref idref="fl-d3"/>
      </object_component>
      <object_component id="oc-219">
         <name>.debug_info</name>
         <load_address>0x1aaea</load_address>
         <run_address>0x1aaea</run_address>
         <size>0x13a</size>
         <input_file_ref idref="fl-d4"/>
      </object_component>
      <object_component id="oc-21e">
         <name>.debug_info</name>
         <load_address>0x1ac24</load_address>
         <run_address>0x1ac24</run_address>
         <size>0x139</size>
         <input_file_ref idref="fl-d5"/>
      </object_component>
      <object_component id="oc-18a">
         <name>.debug_info</name>
         <load_address>0x1ad5d</load_address>
         <run_address>0x1ad5d</run_address>
         <size>0x122</size>
         <input_file_ref idref="fl-d6"/>
      </object_component>
      <object_component id="oc-49">
         <name>.debug_info</name>
         <load_address>0x1ae7f</load_address>
         <run_address>0x1ae7f</run_address>
         <size>0x119</size>
         <input_file_ref idref="fl-d7"/>
      </object_component>
      <object_component id="oc-215">
         <name>.debug_info</name>
         <load_address>0x1af98</load_address>
         <run_address>0x1af98</run_address>
         <size>0x12e</size>
         <input_file_ref idref="fl-d8"/>
      </object_component>
      <object_component id="oc-ae">
         <name>.debug_info</name>
         <load_address>0x1b0c6</load_address>
         <run_address>0x1b0c6</run_address>
         <size>0x147</size>
         <input_file_ref idref="fl-d9"/>
      </object_component>
      <object_component id="oc-18f">
         <name>.debug_info</name>
         <load_address>0x1b20d</load_address>
         <run_address>0x1b20d</run_address>
         <size>0x134</size>
         <input_file_ref idref="fl-da"/>
      </object_component>
      <object_component id="oc-ac">
         <name>.debug_info</name>
         <load_address>0x1b341</load_address>
         <run_address>0x1b341</run_address>
         <size>0x2d4</size>
         <input_file_ref idref="fl-db"/>
      </object_component>
      <object_component id="oc-5a">
         <name>.debug_info</name>
         <load_address>0x1b615</load_address>
         <run_address>0x1b615</run_address>
         <size>0x1b5</size>
         <input_file_ref idref="fl-db"/>
      </object_component>
      <object_component id="oc-a7">
         <name>.debug_info</name>
         <load_address>0x1b7ca</load_address>
         <run_address>0x1b7ca</run_address>
         <size>0x46</size>
         <input_file_ref idref="fl-db"/>
      </object_component>
      <object_component id="oc-52">
         <name>.debug_info</name>
         <load_address>0x1b810</load_address>
         <run_address>0x1b810</run_address>
         <size>0x2a8</size>
         <input_file_ref idref="fl-dc"/>
      </object_component>
      <object_component id="oc-1d">
         <name>.debug_info</name>
         <load_address>0x1bab8</load_address>
         <run_address>0x1bab8</run_address>
         <size>0x1ea</size>
         <input_file_ref idref="fl-dc"/>
      </object_component>
      <object_component id="oc-4d">
         <name>.debug_info</name>
         <load_address>0x1bca2</load_address>
         <run_address>0x1bca2</run_address>
         <size>0x46</size>
         <input_file_ref idref="fl-dc"/>
      </object_component>
      <object_component id="oc-9f">
         <name>.debug_info</name>
         <load_address>0x1bce8</load_address>
         <run_address>0x1bce8</run_address>
         <size>0x2c</size>
         <input_file_ref idref="fl-dc"/>
      </object_component>
      <object_component id="oc-9d">
         <name>.debug_info</name>
         <load_address>0x1bd14</load_address>
         <run_address>0x1bd14</run_address>
         <size>0x29e</size>
         <input_file_ref idref="fl-dd"/>
      </object_component>
      <object_component id="oc-19">
         <name>.debug_info</name>
         <load_address>0x1bfb2</load_address>
         <run_address>0x1bfb2</run_address>
         <size>0x250</size>
         <input_file_ref idref="fl-dd"/>
      </object_component>
      <object_component id="oc-3d">
         <name>.debug_info</name>
         <load_address>0x1c202</load_address>
         <run_address>0x1c202</run_address>
         <size>0x60</size>
         <input_file_ref idref="fl-dd"/>
      </object_component>
      <object_component id="oc-db">
         <name>.debug_info</name>
         <load_address>0x1c262</load_address>
         <run_address>0x1c262</run_address>
         <size>0x46</size>
         <input_file_ref idref="fl-dd"/>
      </object_component>
      <object_component id="oc-98">
         <name>.debug_info</name>
         <load_address>0x1c2a8</load_address>
         <run_address>0x1c2a8</run_address>
         <size>0x39</size>
         <input_file_ref idref="fl-dd"/>
      </object_component>
      <object_component id="oc-480">
         <name>.debug_info</name>
         <load_address>0x1c2e1</load_address>
[...]
      </symbol>
      <symbol id="sm-68f">
         <name>getSocketFromLocalPort</name>
         <value>0x7393</value>
         <object_component_ref idref="oc-fd"/>
      </symbol>
      <symbol id="sm-690">
         <name>getSocketId</name>
         <value>0x72a5</value>
         <object_component_ref idref="oc-fd"/>
      </symbol>
      <symbol id="sm-691">
         <name>socketCloseTcp</name>
         <value>0x7377</value>
         <object_component_ref idref="oc-fd"/>
      </symbol>
      <symbol id="sm-692">
         <name>getSockets</name>
         <value>0x72e7</value>
         <object_component_ref idref="oc-fd"/>
      </symbol>
      <symbol id="sm-693">
         <name>getSocketInfoFromArpResponse</name>
         <value>0x73f9</value>
         <object_component_ref idref="oc-fd"/>
      </symbol>
      <symbol id="sm-694">
         <name>socketConnectTcp</name>
         <value>0x72f1</value>
         <object_component_ref idref="oc-fd"/>
      </symbol>
      <symbol id="sm-695">
         <name>socketConnectUdp</name>
         <value>0x72eb</value>
         <object_component_ref idref="oc-fd"/>
      </symbol>
      <symbol id="sm-696">
         <name>socketSendTo</name>
         <value>0x72ed</value>
         <object_component_ref idref="oc-fd"/>
      </symbol>
      <symbol id="sm-697">
         <name>initSockets</name>
         <value>0x7155</value>
         <object_component_ref idref="oc-fd"/>
      </symbol>
      <symbol id="sm-698">
         <name>newSocket</name>
         <value>0x71ad</value>
         <object_component_ref idref="oc-fd"/>
      </symbol>
      <symbol id="sm-699">
         <name>socketCount</name>
         <value>0x20001ea7</value>
         <object_component_ref idref="oc-1a5"/>
      </symbol>
      <symbol id="sm-69a">
         <name>deleteSocket</name>
         <value>0x7235</value>
         <object_component_ref idref="oc-fd"/>
      </symbol>
      <symbol id="sm-69b">
         <name>socketRecvFrom</name>
         <value>0x72ef</value>
         <object_component_ref idref="oc-fd"/>
      </symbol>
      <symbol id="sm-69c">
         <name>getSocketInfoFromTcpPacket</name>
         <value>0x7531</value>
         <object_component_ref idref="oc-fd"/>
      </symbol>
      <symbol id="sm-69d">
         <name>getSocketInfoFromUdpPacket</name>
         <value>0x7485</value>
         <object_component_ref idref="oc-fd"/>
      </symbol>
      <symbol id="sm-73f">
         <name>isTcp</name>
         <value>0x77d</value>
         <object_component_ref idref="oc-19c"/>
      </symbol>
      <symbol id="sm-740">
         <name>isTcpFin</name>
         <value>0x8a7</value>
         <object_component_ref idref="oc-19c"/>
      </symbol>
      <symbol id="sm-741">
         <name>pendTcpResponse</name>
         <value>0xd09</value>
         <object_component_ref idref="oc-19c"/>
      </symbol>
      <symbol id="sm-742">
         <name>sendTcpResponse</name>
         <value>0xd29</value>
         <object_component_ref idref="oc-19c"/>
      </symbol>
      <symbol id="sm-743">
         <name>isTcpPsh</name>
         <value>0x8e3</value>
         <object_component_ref idref="oc-19c"/>
      </symbol>
      <symbol id="sm-744">
         <name>isTcpSyn</name>
         <value>0x833</value>
         <object_component_ref idref="oc-19c"/>
      </symbol>
      <symbol id="sm-745">
         <name>processTcpArpResponse</name>
         <value>0xc95</value>
         <object_component_ref idref="oc-19c"/>
      </symbol>
      <symbol id="sm-746">
         <name>getTcpState</name>
         <value>0x639</value>
         <object_component_ref idref="oc-19c"/>
      </symbol>
      <symbol id="sm-747">
         <name>closeTcpConnection</name>
         <value>0x9dd</value>
         <object_component_ref idref="oc-19c"/>
      </symbol>
      <symbol id="sm-748">
         <name>getTcpHeader</name>
         <value>0x681</value>
         <object_component_ref idref="oc-19c"/>
      </symbol>
      <symbol id="sm-749">
         <name>getTcpDataLength</name>
         <value>0x6d1</value>
         <object_component_ref idref="oc-19c"/>
      </symbol>
      <symbol id="sm-74a">
         <name>sendTcpPendingMessages</name>
         <value>0xa1b</value>
         <object_component_ref idref="oc-19c"/>
      </symbol>
      <symbol id="sm-74b">
         <name>isTcpAck</name>
         <value>0x86d</value>
         <object_component_ref idref="oc-19c"/>
      </symbol>
      <symbol id="sm-74c">
         <name>setTcpState</name>
         <value>0x617</value>
         <object_component_ref idref="oc-19c"/>
      </symbol>
      <symbol id="sm-74d">
         <name>openTcpConnection</name>
         <value>0x957</value>
         <object_component_ref idref="oc-19c"/>
      </symbol>
      <symbol id="sm-74e">
         <name>fin</name>
         <value>0x20001ea8</value>
         <object_component_ref idref="oc-277"/>
      </symbol>
      <symbol id="sm-74f">
         <name>sendTcpMessage</name>
         <value>0xf67</value>
         <object_component_ref idref="oc-19c"/>
      </symbol>
      <symbol id="sm-750">
         <name>isTcpRst</name>
         <value>0x91d</value>
         <object_component_ref idref="oc-19c"/>
      </symbol>
      <symbol id="sm-751">
         <name>getTcpData</name>
         <value>0x6a3</value>
         <object_component_ref idref="oc-19c"/>
      </symbol>
      <symbol id="sm-752">
         <name>processTcpResponse</name>
         <value>0xac9</value>
         <object_component_ref idref="oc-19c"/>
      </symbol>
      <symbol id="sm-753">
         <name>isTcpPortOpen</name>
         <value>0x719</value>
         <object_component_ref idref="oc-19c"/>
      </symbol>
      <symbol id="sm-76e">
         <name>sendUdpMessage</name>
         <value>0x7ef7</value>
         <object_component_ref idref="oc-1ca"/>
      </symbol>
      <symbol id="sm-76f">
         <name>getUdpData</name>
         <value>0x7ecb</value>
         <object_component_ref idref="oc-1ca"/>
      </symbol>
      <symbol id="sm-770">
         <name>isUdp</name>
         <value>0x7df9</value>
         <object_component_ref idref="oc-1ca"/>
      </symbol>
      <symbol id="sm-771">
         <name>getUdpHeader</name>
         <value>0x7ea1</value>
         <object_component_ref idref="oc-1ca"/>
      </symbol>
      <symbol id="sm-78d">
         <name>initHw</name>
         <value>0x97e5</value>
         <object_component_ref idref="oc-b9"/>
      </symbol>
      <symbol id="sm-78e">
         <name>sampleIsr</name>
         <value>0x9847</value>
         <object_component_ref idref="oc-b9"/>
      </symbol>
      <symbol id="sm-78f">
         <name>main</name>
         <value>0x9849</value>
         <object_component_ref idref="oc-b9"/>
      </symbol>
      <symbol id="sm-790">
         <name>handlePublish</name>
         <value>0x9825</value>
         <object_component_ref idref="oc-b9"/>
      </symbol>
      <symbol id="sm-7f5">
         <name>buffer</name>
         <value>0x20001000</value>
      </symbol>
      <symbol id="sm-7f6">
         <name>udpData</name>
         <value>0x20001e4c</value>
      </symbol>
      <symbol id="sm-7f7">
         <name>processTcpData</name>
         <value>0x689b</value>
         <object_component_ref idref="oc-10f"/>
      </symbol>
      <symbol id="sm-7f8">
         <name>netstat</name>
         <value>0x6697</value>
         <object_component_ref idref="oc-10f"/>
      </symbol>
      <symbol id="sm-7f9">
         <name>runNetworkStack</name>
         <value>0x6b4f</value>
         <object_component_ref idref="oc-10f"/>
      </symbol>
      <symbol id="sm-7fa">
         <name>isNetworkReady</name>
         <value>0x665d</value>
         <object_component_ref idref="oc-10f"/>
      </symbol>
      <symbol id="sm-7fb">
         <name>processDhcpData</name>
         <value>0x686f</value>
         <object_component_ref idref="oc-10f"/>
      </symbol>
      <symbol id="sm-7fc">
         <name>processIcmpData</name>
         <value>0x6ae3</value>
         <object_component_ref idref="oc-10f"/>
      </symbol>
      <symbol id="sm-7fd">
         <name>readConfiguration</name>
         <value>0x67b9</value>
         <object_component_ref idref="oc-10f"/>
      </symbol>
      <symbol id="sm-7fe">
         <name>processUdpData</name>
         <value>0x69e5</value>
         <object_component_ref idref="oc-10f"/>
      </symbol>
      <symbol id="sm-7ff">
         <name>processArpData</name>
         <value>0x6b07</value>
         <object_component_ref idref="oc-10f"/>
      </symbol>
      <symbol id="sm-8aa">
         <name>strInput</name>
         <value>0x20001de8</value>
      </symbol>
      <symbol id="sm-8ab">
         <name>ipconfig</name>
         <value>0x1fc7</value>
         <object_component_ref idref="oc-122"/>
      </symbol>
      <symbol id="sm-8ac">
         <name>asciiToUint8</name>
         <value>0x1f8d</value>
         <object_component_ref idref="oc-122"/>
      </symbol>
      <symbol id="sm-8ad">
         <name>processShell</name>
         <value>0x242d</value>
         <object_component_ref idref="oc-122"/>
      </symbol>
      <symbol id="sm-8ae">
         <name>count</name>
         <value>0x20001ea6</value>
         <object_component_ref idref="oc-229"/>
      </symbol>
      <symbol id="sm-8dd">
         <name>snprintf</name>
         <value>0xa135</value>
         <object_component_ref idref="oc-1be"/>
      </symbol>
      <symbol id="sm-914">
         <name>sscanf</name>
         <value>0xa2d1</value>
         <object_component_ref idref="oc-223"/>
      </symbol>
      <symbol id="sm-91f">
         <name>__aeabi_dmul</name>
         <value>0x98f1</value>
         <object_component_ref idref="oc-218"/>
      </symbol>
      <symbol id="sm-929">
         <name>__aeabi_d2uiz</name>
         <value>0xa20d</value>
         <object_component_ref idref="oc-21d"/>
      </symbol>
      <symbol id="sm-932">
         <name>__aeabi_lmul</name>
         <value>0xa42d</value>
         <object_component_ref idref="oc-189"/>
      </symbol>
      <symbol id="sm-94d">
         <name>memcpy</name>
         <value>0x9a9f</value>
         <object_component_ref idref="oc-47"/>
      </symbol>
      <symbol id="sm-94e">
         <name>__aeabi_memcpy</name>
         <value>0x9a9f</value>
         <object_component_ref idref="oc-47"/>
      </symbol>
      <symbol id="sm-94f">
         <name>__aeabi_memcpy8</name>
         <value>0x9a9f</value>
         <object_component_ref idref="oc-47"/>
      </symbol>
      <symbol id="sm-950">
         <name>__aeabi_memcpy4</name>
         <value>0x9a9f</value>
         <object_component_ref idref="oc-47"/>
      </symbol>
      <symbol id="sm-95a">
         <name>__aeabi_ui2d</name>
         <value>0xa3bf</value>
         <object_component_ref idref="oc-213"/>
      </symbol>
      <symbol id="sm-969">
         <name>__aeabi_memset</name>
         <value>0x9d63</value>
         <object_component_ref idref="oc-ad"/>
      </symbol>
      <symbol id="sm-96a">
         <name>memset</name>
         <value>0x9d69</value>
         <object_component_ref idref="oc-ad"/>
      </symbol>
      <symbol id="sm-96b">
         <name>__aeabi_memset8</name>
         <value>0x9d63</value>
         <object_component_ref idref="oc-ad"/>
      </symbol>
      <symbol id="sm-96c">
         <name>__aeabi_memset4</name>
         <value>0x9d63</value>
         <object_component_ref idref="oc-ad"/>
      </symbol>
      <symbol id="sm-96d">
         <name>__aeabi_memclr8</name>
         <value>0x9d61</value>
         <object_component_ref idref="oc-ad"/>
      </symbol>
      <symbol id="sm-96e">
         <name>__aeabi_memclr4</name>
         <value>0x9d61</value>
         <object_component_ref idref="oc-ad"/>
      </symbol>
      <symbol id="sm-96f">
         <name>__aeabi_memclr</name>
         <value>0x9d61</value>
         <object_component_ref idref="oc-ad"/>
      </symbol>
      <symbol id="sm-97c">
         <name>__aeabi_uldivmod</name>
         <value>0x9b3b</value>
         <object_component_ref idref="oc-18e"/>
      </symbol>
      <symbol id="sm-98e">
         <name>__TI_zero_init</name>
         <value>0xa523</value>
         <object_component_ref idref="oc-59"/>
      </symbol>
      <symbol id="sm-9a5">
         <name>__TI_decompress_none</name>
         <value>0xa515</value>
         <object_component_ref idref="oc-1b"/>
      </symbol>
      <symbol id="sm-9c8">
         <name>__TI_decompress_lzss</name>
         <value>0x9f21</value>
         <object_component_ref idref="oc-15"/>
      </symbol>
      <symbol id="sm-9d3">
         <name>_ctypes_</name>
         <value>0xa560</value>
         <object_component_ref idref="oc-3da"/>
      </symbol>
      <symbol id="sm-9e2">
         <name>strcmp</name>
         <value>0xa45d</value>
         <object_component_ref idref="oc-1e5"/>
      </symbol>
      <symbol id="sm-9f5">
         <name>__stack</name>
         <value>0x20000000</value>
         <object_component_ref idref="oc-24"/>
      </symbol>
      <symbol id="sm-9f6">
         <name>_c_int00_noargs</name>
         <value>0xa309</value>
         <object_component_ref idref="oc-65"/>
      </symbol>
      <symbol id="sm-b5b">
         <name>__TI_printfi</name>
         <value>0x35bd</value>
         <object_component_ref idref="oc-29b"/>
      </symbol>
      <symbol id="sm-c11">
         <name>__TI_scanfi</name>
         <value>0x2aa9</value>
         <object_component_ref idref="oc-2fd"/>
      </symbol>
      <symbol id="sm-c1b">
         <name>__aeabi_idiv0</name>
         <value>0x400b</value>
         <object_component_ref idref="oc-25a"/>
      </symbol>
      <symbol id="sm-c1c">
         <name>__aeabi_ldiv0</name>
         <value>0x400b</value>
         <object_component_ref idref="oc-25a"/>
      </symbol>
      <symbol id="sm-c33">
         <name>__aeabi_dsub</name>
         <value>0x8a01</value>
         <object_component_ref idref="oc-426"/>
      </symbol>
      <symbol id="sm-c34">
         <name>__aeabi_dadd</name>
         <value>0x8a0b</value>
         <object_component_ref idref="oc-426"/>
      </symbol>
      <symbol id="sm-c56">
         <name>__aeabi_cdcmpeq</name>
         <value>0x9bd1</value>
         <object_component_ref idref="oc-35d"/>
      </symbol>
      <symbol id="sm-c57">
         <name>__aeabi_cdcmple</name>
         <value>0x9bd1</value>
         <object_component_ref idref="oc-35d"/>
      </symbol>
      <symbol id="sm-c58">
         <name>__aeabi_cdrcmple</name>
         <value>0x9c57</value>
         <object_component_ref idref="oc-411"/>
      </symbol>
      <symbol id="sm-c6c">
         <name>__aeabi_ddiv</name>
         <value>0x9111</value>
         <object_component_ref idref="oc-40c"/>
      </symbol>
      <symbol id="sm-c76">
         <name>__aeabi_d2iz</name>
         <value>0xa181</value>
         <object_component_ref idref="oc-416"/>
      </symbol>
      <symbol id="sm-c82">
         <name>__aeabi_d2f</name>
         <value>0x9e49</value>
         <object_component_ref idref="oc-3c9"/>
      </symbol>
      <symbol id="sm-c8c">
         <name>__aeabi_i2d</name>
         <value>0xa36d</value>
         <object_component_ref idref="oc-421"/>
      </symbol>
      <symbol id="sm-cb4">
         <name>__TI_auto_init_nobinit_nopinit</name>
         <value>0xa1c9</value>
         <object_component_ref idref="oc-137"/>
      </symbol>
      <symbol id="sm-cbe">
         <name>_system_pre_init</name>
         <value>0xa559</value>
         <object_component_ref idref="oc-b3"/>
      </symbol>
      <symbol id="sm-cca">
         <name>C$$EXIT</name>
         <value>0xa55d</value>
         <object_component_ref idref="oc-12b"/>
      </symbol>
      <symbol id="sm-ccb">
         <name>abort</name>
         <value>0xa55d</value>
         <object_component_ref idref="oc-12b"/>
      </symbol>
      <symbol id="sm-cdb">
         <name>__TI_ltoa</name>
         <value>0xa043</value>
         <object_component_ref idref="oc-41b"/>
      </symbol>
      <symbol id="sm-cf2">
         <name>atoi</name>
         <value>0xa0e9</value>
         <object_component_ref idref="oc-351"/>
      </symbol>
      <symbol id="sm-d02">
         <name>memccpy</name>
         <value>0xa3df</value>
         <object_component_ref idref="oc-37a"/>
      </symbol>
      <symbol id="sm-d12">
         <name>strchr</name>
         <value>0xa48d</value>
         <object_component_ref idref="oc-3e3"/>
      </symbol>
      <symbol id="sm-d20">
         <name>strcpy</name>
         <value>0xa4b9</value>
         <object_component_ref idref="oc-3b1"/>
      </symbol>
      <symbol id="sm-d2e">
         <name>strlen</name>
         <value>0xa4cd</value>
         <object_component_ref idref="oc-34b"/>
      </symbol>
      <symbol id="sm-d3d">
         <name>strrchr</name>
         <value>0xa475</value>
         <object_component_ref idref="oc-3dd"/>
      </symbol>
      <symbol id="sm-d9d">
         <name>strtold</name>
         <value>0x75ed</value>
         <object_component_ref idref="oc-3c3"/>
      </symbol>
      <symbol id="sm-d9e">
         <name>strtod</name>
         <value>0x75ed</value>
         <object_component_ref idref="oc-3c3"/>
      </symbol>
      <symbol id="sm-dc2">
         <name>strtol</name>
         <value>0x9249</value>
         <object_component_ref idref="oc-3ce"/>
      </symbol>
      <symbol id="sm-de8">
         <name>strtoll</name>
         <value>0x8655</value>
         <object_component_ref idref="oc-3d4"/>
      </symbol>
      <symbol id="sm-e08">
         <name>strtoul</name>
         <value>0x96d5</value>
         <object_component_ref idref="oc-3bd"/>
      </symbol>
      <symbol id="sm-e2b">
         <name>strtoull</name>
         <value>0x8e79</value>
         <object_component_ref idref="oc-3b7"/>
      </symbol>
      <symbol id="sm-e41">
         <name>__aeabi_errno_addr</name>
         <value>0xa549</value>
         <object_component_ref idref="oc-386"/>
      </symbol>
      <symbol id="sm-e42">
         <name>errno</name>
         <value>0x20001e9c</value>
         <object_component_ref idref="oc-45c"/>
      </symbol>
      <symbol id="sm-e5b">
         <name>wcslen</name>
         <value>0xa4f3</value>
         <object_component_ref idref="oc-380"/>
      </symbol>
      <symbol id="sm-e7b">
         <name>frexpl</name>
         <value>0x9f89</value>
         <object_component_ref idref="oc-446"/>
      </symbol>
      <symbol id="sm-e7c">
         <name>frexp</name>
         <value>0x9f89</value>
         <object_component_ref idref="oc-446"/>
      </symbol>
      <symbol id="sm-e99">
         <name>scalbn</name>
         <value>0x95c5</value>
         <object_component_ref idref="oc-44c"/>
      </symbol>
      <symbol id="sm-e9a">
         <name>scalbnl</name>
         <value>0x95c5</value>
         <object_component_ref idref="oc-44c"/>
      </symbol>
      <symbol id="sm-e9b">
         <name>ldexpl</name>
         <value>0x95c5</value>
         <object_component_ref idref="oc-44c"/>
      </symbol>
      <symbol id="sm-e9c">
         <name>ldexp</name>
         <value>0x95c5</value>
         <object_component_ref idref="oc-44c"/>
      </symbol>
      <symbol id="sm-ea6">
         <name>copysign</name>
         <value>0xa3fb</value>
         <object_component_ref idref="oc-49d"/>
      </symbol>
      <symbol id="sm-ea7">
         <name>copysignl</name>
         <value>0xa3fb</value>
         <object_component_ref idref="oc-49d"/>
      </symbol>
      <symbol id="sm-ea8">
         <name>__TI_static_base__</name>
         <value>0x0</value>
      </symbol>
      <symbol id="sm-eab">
         <name>__mpu_init</name>
         <value>0x0</value>
      </symbol>
      <symbol id="sm-eac">
         <name>_system_post_cinit</name>
         <value>0x0</value>
      </symbol>
   </symbol_table>
   <title>Link successful</title>
</link_info>
