******************************************************************************
                  TI ARM Linker PC v20.2.7                     
******************************************************************************
>> Linked Mon Dec  2 00:48:13 2024

OUTPUT FILE NAME:   <HydraSense.out>
ENTRY POINT SYMBOL: "_c_int00_noargs"  address: 00008fc9


MEMORY CONFIGURATION

         name            origin    length      used     unused   attr    fill
----------------------  --------  ---------  --------  --------  ----  --------
  FLASH                 00000000   00040000  000093e4  00036c1c  R  X
  SRAM                  20000000   00008000  00001e70  00006190  RW X


SEGMENT ALLOCATION MAP

run origin  load origin   length   init length attrs members
----------  ----------- ---------- ----------- ----- -------
00000000    00000000    000093e8   000093e8    r-x
  00000000    00000000    0000026c   0000026c    r-- .intvecs
  0000026c    0000026c    00008f48   00008f48    r-x .text
  000091b8    000091b8    000001e8   000001e8    r-- .const
  000093a0    000093a0    00000048   00000048    r-- .cinit
20000000    20000000    00001e70   00000000    rw-
  20000000    20000000    00001000   00000000    rw- .stack
  20001000    20001000    00000e24   00000000    rw- .bss
  20001e24    20001e24    0000004c   00000000    rw- .data


SECTION ALLOCATION MAP

 output                                  attributes/
section   page    origin      length       input sections
--------  ----  ----------  ----------   ----------------
.intvecs   0    00000000    0000026c     
                  00000000    0000026c     tm4c123gh6pm_startup_ccs.obj (.intvecs)

.text      0    0000026c    00008f48     
                  0000026c    00000e0c     dhcp.obj (.text)
                  00001078    00000b84     tcp.obj (.text)
                  00001bfc    00000b14     rtsv7M4_T_le_v4SPD16_eabi.lib : _scanfi.c.obj (.text:__TI_scanfi)
                  00002710    00000a60     shell.obj (.text)
                  00003170    00000a4e     rtsv7M4_T_le_v4SPD16_eabi.lib : _printfi.c.obj (.text:__TI_printfi)
                  00003bbe    00000002                                   : div0.asm.obj (.text)
                  00003bc0    00000808     gpio.obj (.text)
                  000043c8    00000774     eth0.obj (.text)
                  00004b3c    000005c8     ip.obj (.text)
                  00005104    00000550     network_stack.obj (.text)
                  00005654    0000051c     mqtt.obj (.text)
                  00005b70    00000460     socket.obj (.text)
                  00005fd0    00000460     rtsv7M4_T_le_v4SPD16_eabi.lib : strtod.c.obj (.text:strtod)
                  00006430    0000039a     arp.obj (.text)
                  000067ca    00000002     --HOLE-- [fill = 0]
                  000067cc    00000368     timer.obj (.text)
                  00006b34    00000300     udp.obj (.text)
                  00006e34    000002ec     strlib.obj (.text)
                  00007120    00000270     rtsv7M4_T_le_v4SPD16_eabi.lib : _printfi.c.obj (.text:_pconv_a)
                  00007390    000001dc                                   : strtoll.c.obj (.text:strtoll)
                  0000756c    000001d0                                   : _printfi.c.obj (.text:_pconv_g)
                  0000773c    000001b6                                   : fd_add_t2.asm.obj (.text)
                  000078f2    00000160     icmp.obj (.text)
                  00007a52    00000002     --HOLE-- [fill = 0]
                  00007a54    00000160     spi0.obj (.text)
                  00007bb4    0000015c     rtsv7M4_T_le_v4SPD16_eabi.lib : strtoull.c.obj (.text:strtoull)
                  00007d10    0000013c                                   : _printfi.c.obj (.text:_pconv_e)
                  00007e4c    00000136                                   : fd_div_t2.asm.obj (.text)
                  00007f82    00000002     --HOLE-- [fill = 0]
                  00007f84    00000130                                   : strtol.c.obj (.text:strtol)
                  000080b4    00000128     uart0.obj (.text)
                  000081dc    00000124     rtsv7M4_T_le_v4SPD16_eabi.lib : _printfi.c.obj (.text:fcvt)
                  00008300    00000110                                   : s_scalbn.c.obj (.text:scalbn)
                  00008410    00000110                                   : strtoul.c.obj (.text:strtoul)
                  00008520    000000fc                                   : fd_mul_t2.asm.obj (.text)
                  0000861c    000000d4     main.obj (.text)
                  000086f0    000000b1     rtsv7M4_T_le_v4SPD16_eabi.lib : _printfi.c.obj (.text:_ltostr)
                  000087a1    00000001     --HOLE-- [fill = 0]
                  000087a2    0000009c                                   : memcpy_t2.asm.obj (.text)
                  0000883e    00000096                                   : ull_div_t2.asm.obj (.text)
                  000088d4    00000086                                   : fd_cmp_t2.asm.obj (.text:__aeabi_cdcmple)
                  0000895a    00000086                                   : fd_cmp_t2.asm.obj (.text:__aeabi_cdrcmple)
                  000089e0    00000084     eeprom.obj (.text)
                  00008a64    0000007a     rtsv7M4_T_le_v4SPD16_eabi.lib : memset_t2.asm.obj (.text)
                  00008ade    0000006e                                   : _printfi.c.obj (.text:_mcpy)
                  00008b4c    0000006e                                   : fd_tos_t2.asm.obj (.text)
                  00008bba    00000002     --HOLE-- [fill = 0]
                  00008bbc    00000068                                   : sscanf.c.obj (.text:_chkmbc)
                  00008c24    00000068                                   : copy_decompress_lzss.c.obj (.text:decompress:lzss:__TI_decompress_lzss)
                  00008c8c    00000064                                   : s_frexp.c.obj (.text:frexp)
                  00008cf0    00000056                                   : _printfi.c.obj (.text:_pconv_f)
                  00008d46    00000054                                   : _ltoa.c.obj (.text:__TI_ltoa)
                  00008d9a    00000052                                   : _printfi.c.obj (.text:_ecpy)
                  00008dec    0000004c                                   : atoi.c.obj (.text:atoi)
                  00008e38    0000004c                                   : snprintf.c.obj (.text:snprintf)
                  00008e84    00000048                                   : fd_toi_t2.asm.obj (.text)
                  00008ecc    00000044                                   : autoinit.c.obj (.text:__TI_auto_init_nobinit_nopinit:__TI_auto_init_nobinit_nopinit)
                  00008f10    00000040     clock.obj (.text)
                  00008f50    0000003e     rtsv7M4_T_le_v4SPD16_eabi.lib : _printfi.c.obj (.text:_fcpy)
                  00008f8e    00000002     --HOLE-- [fill = 0]
                  00008f90    00000038                                   : sscanf.c.obj (.text:sscanf)
                  00008fc8    00000034                                   : boot_cortex_m.c.obj (.text:_c_int00_noargs:_c_int00_noargs)
                  00008ffc    00000030                                   : snprintf.c.obj (.text:_outs)
                  0000902c    0000002e                                   : i_tofd_t2.asm.obj (.text)
                  0000905a    00000024     wait.obj (.text)
                  0000907e    0000001c     rtsv7M4_T_le_v4SPD16_eabi.lib : memccpy.c.obj (.text:memccpy)
                  0000909a    0000001a                                   : s_copysign.c.obj (.text:copysign)
                  000090b4    00000018                                   : snprintf.c.obj (.text:_outc)
                  000090cc    00000018                                   : ll_mul_t2.asm.obj (.text)
                  000090e4    00000018                                   : strcmp.c.obj (.text:strcmp)
                  000090fc    00000018                                   : strrchr.c.obj (.text:strrchr)
                  00009114    00000016                                   : strchr.c.obj (.text:strchr)
                  0000912a    00000014                                   : strcpy.c.obj (.text:strcpy)
                  0000913e    00000014                                   : strlen.c.obj (.text:strlen)
                  00009152    00000012                                   : sscanf.c.obj (.text:_inpchar)
                  00009164    00000012                                   : wcslen.c.obj (.text:wcslen)
                  00009176    0000000e                                   : copy_decompress_none.c.obj (.text:decompress:none:__TI_decompress_none)
                  00009184    0000000c                                   : copy_zero_init.c.obj (.text:decompress:ZI:__TI_zero_init)
                  00009190    0000000c     tm4c123gh6pm_startup_ccs.obj (.text)
                  0000919c    00000008     rtsv7M4_T_le_v4SPD16_eabi.lib : errno.c.obj (.text:__aeabi_errno_addr)
                  000091a4    00000008                                   : sscanf.c.obj (.text:_uninpchar)
                  000091ac    00000004                                   : pre_init.c.obj (.text:_system_pre_init)
                  000091b0    00000004                                   : exit.c.obj (.text:abort:abort)

.const     0    000091b8    000001e8     
                  000091b8    00000101     rtsv7M4_T_le_v4SPD16_eabi.lib : ctype.c.obj (.const:.string:_ctypes_)
                  000092b9    00000006     eth0.obj (.const:.string:BROADCAST_MAC_ADDRESS)
                  000092bf    00000001     --HOLE-- [fill = 0]
                  000092c0    000000c8     rtsv7M4_T_le_v4SPD16_eabi.lib : strtod.c.obj (.const:$O1$$)
                  00009388    00000010                                   : _scanfi.c.obj (.const:$O1$$)
                  00009398    00000004     ip.obj (.const:.string:BROADCAST_IP_ADDRESS)
                  0000939c    00000004     ip.obj (.const:.string:EMPTY_IP_ADDRESS)

.cinit     0    000093a0    00000048     
                  000093a0    00000020     (.cinit..data.load) [load image, compression = lzss]
                  000093c0    0000000c     (__TI_handler_table)
                  000093cc    00000004     --HOLE-- [fill = 0]
                  000093d0    00000008     (.cinit..bss.load) [load image, compression = zero_init]
                  000093d8    00000010     (__TI_cinit_table)

.init_array 
*          0    00000000    00000000     UNINITIALIZED

.bss       0    20001000    00000e24     UNINITIALIZED
                  20001000    000005f0     (.common:buffer)
                  200015f0    00000230     (.common:sockets)
                  20001820    000001f4     (.common:timers)
                  20001a14    00000164     (.common:mqclient)
                  20001b78    00000100     (.common:mqttBuffer)
                  20001c78    000000dc     (.common:arpTable)
                  20001d54    00000064     (.common:out)
                  20001db8    00000054     (.common:strInput)
                  20001e0c    00000004     dhcp.obj (.bss)
                  20001e10    00000004     (.common:dhcpOfferedIpAdd)
                  20001e14    00000004     (.common:dhcpServerIpAdd)
                  20001e18    00000004     (.common:udpData)
                  20001e1c    00000001     (.common:arpTestTimer)
                  20001e1d    00000001     (.common:leaseEndTimer)
                  20001e1e    00000001     (.common:newAddTimer)
                  20001e1f    00000001     (.common:releaseTimer)
                  20001e20    00000001     (.common:t1HitTimer)
                  20001e21    00000001     (.common:t1PeriodicTimer)
                  20001e22    00000001     (.common:t2HitTimer)
                  20001e23    00000001     (.common:t2PeriodicTimer)

.data      0    20001e24    0000004c     UNINITIALIZED
                  20001e24    00000017     dhcp.obj (.data)
                  20001e3b    00000006     eth0.obj (.data:hwAddress)
                  20001e41    00000003     eth0.obj (.data)
                  20001e44    00000004     clock.obj (.data)
                  20001e48    00000004     ip.obj (.data:ipAddress)
                  20001e4c    00000004     ip.obj (.data:ipDnsAddress)
                  20001e50    00000004     ip.obj (.data:ipGwAddress)
                  20001e54    00000004     ip.obj (.data:ipMqttBrokerAddress)
                  20001e58    00000004     ip.obj (.data:ipSubnetMask)
                  20001e5c    00000004     ip.obj (.data:ipTimeServerAddress)
                  20001e60    00000004     network_stack.obj (.data)
                  20001e64    00000004     rtsv7M4_T_le_v4SPD16_eabi.lib : errno.c.obj (.data)
                  20001e68    00000004     strlib.obj (.data)
                  20001e6c    00000001     arp.obj (.data)
                  20001e6d    00000001     mqtt.obj (.data)
                  20001e6e    00000001     shell.obj (.data)
                  20001e6f    00000001     socket.obj (.data)

.stack     0    20000000    00001000     UNINITIALIZED
                  20000000    00000004     rtsv7M4_T_le_v4SPD16_eabi.lib : boot_cortex_m.c.obj (.stack)
                  20000004    00000ffc     --HOLE--

__llvm_prf_cnts 
*          0    20000000    00000000     UNINITIALIZED

MODULE SUMMARY

       Module                         code    ro data   rw data
       ------                         ----    -------   -------
    .\core\
       tm4c123gh6pm_startup_ccs.obj   12      620       0      
    +--+------------------------------+-------+---------+---------+
       Total:                         12      620       0      
                                                               
    .\drivers\
       gpio.obj                       2056    0         0      
       eth0.obj                       1908    6         9      
       timer.obj                      872     0         500    
       spi0.obj                       352     0         0      
       uart0.obj                      296     0         0      
       eeprom.obj                     132     0         0      
       clock.obj                      64      0         4      
    +--+------------------------------+-------+---------+---------+
       Total:                         5680    6         513    
                                                               
    .\libs\
       strlib.obj                     748     0         4      
    +--+------------------------------+-------+---------+---------+
       Total:                         748     0         4      
                                                               
    .\middleware\
       dhcp.obj                       3596    0         43     
       tcp.obj                        2948    0         100    
       mqtt.obj                       1308    0         613    
       socket.obj                     1120    0         561    
       ip.obj                         1480    8         24     
       arp.obj                        922     0         221    
       udp.obj                        768     0         0      
       icmp.obj                       352     0         0      
    +--+------------------------------+-------+---------+---------+
       Total:                         12494   8         1562   
                                                               
    .\src\
       network_stack.obj              1360    0         1528   
       shell.obj                      2656    0         85     
       main.obj                       212     0         0      
       wait.obj                       36      0         0      
    +--+------------------------------+-------+---------+---------+
       Total:                         4264    0         1613   
                                                               
    C:\ti\ccs1240\ccs\tools\compiler\ti-cgt-arm_20.2.7.LTS\lib\rtsv7M4_T_le_v4SPD16_eabi.lib
       _printfi.c.obj                 4851    0         0      
       _scanfi.c.obj                  2836    16        0      
       strtod.c.obj                   1120    200       0      
       strtoll.c.obj                  476     0         0      
       fd_add_t2.asm.obj              438     0         0      
       strtoull.c.obj                 348     0         0      
       fd_div_t2.asm.obj              310     0         0      
       strtol.c.obj                   304     0         0      
       s_scalbn.c.obj                 272     0         0      
       strtoul.c.obj                  272     0         0      
       fd_cmp_t2.asm.obj              268     0         0      
       ctype.c.obj                    0       257       0      
       fd_mul_t2.asm.obj              252     0         0      
       sscanf.c.obj                   186     0         0      
       memcpy_t2.asm.obj              156     0         0      
       ull_div_t2.asm.obj             150     0         0      
       snprintf.c.obj                 148     0         0      
       memset_t2.asm.obj              122     0         0      
       fd_tos_t2.asm.obj              110     0         0      
       copy_decompress_lzss.c.obj     104     0         0      
       s_frexp.c.obj                  100     0         0      
       _ltoa.c.obj                    84      0         0      
       atoi.c.obj                     76      0         0      
       fd_toi_t2.asm.obj              72      0         0      
       autoinit.c.obj                 68      0         0      
       boot_cortex_m.c.obj            52      0         0      
       i_tofd_t2.asm.obj              46      0         0      
       memccpy.c.obj                  28      0         0      
       s_copysign.c.obj               26      0         0      
       ll_mul_t2.asm.obj              24      0         0      
       strcmp.c.obj                   24      0         0      
       strrchr.c.obj                  24      0         0      
       strchr.c.obj                   22      0         0      
       strcpy.c.obj                   20      0         0      
       strlen.c.obj                   20      0         0      
       wcslen.c.obj                   18      0         0      
       copy_decompress_none.c.obj     14      0         0      
       copy_zero_init.c.obj           12      0         0      
       errno.c.obj                    8       0         4      
       exit.c.obj                     4       0         0      
       pre_init.c.obj                 4       0         0      
       div0.asm.obj                   2       0         0      
    +--+------------------------------+-------+---------+---------+
       Total:                         13471   473       4      
                                                               
       Stack:                         0       0         4096   
       Linker Generated:              0       68        0      
    +--+------------------------------+-------+---------+---------+
       Grand Total:                   36669   1175      7792   


LINKER GENERATED COPY TABLES

__TI_cinit_table @ 000093d8 records: 2, size/record: 8, table size: 16
	.data: load addr=000093a0, load size=00000020 bytes, run addr=20001e24, run size=0000004c bytes, compression=lzss
	.bss: load addr=000093d0, load size=00000008 bytes, run addr=20001000, run size=00000e24 bytes, compression=zero_init


LINKER GENERATED HANDLER TABLE

__TI_handler_table @ 000093c0 records: 3, size/record: 4, table size: 12
	index: 0, handler: __TI_decompress_lzss
	index: 1, handler: __TI_decompress_none
	index: 2, handler: __TI_zero_init


GLOBAL SYMBOLS: SORTED ALPHABETICALLY BY Name 

address   name                          
-------   ----                          
00009398  BROADCAST_IP_ADDRESS          
000092b9  BROADCAST_MAC_ADDRESS         
000091b1  C$$EXIT                       
0000939c  EMPTY_IP_ADDRESS              
00009191  ResetISR                      
20001000  __STACK_END                   
00001000  __STACK_SIZE                  
20000200  __STACK_TOP                   
000093d8  __TI_CINIT_Base               
000093e8  __TI_CINIT_Limit              
000093c0  __TI_Handler_Table_Base       
000093cc  __TI_Handler_Table_Limit      
00008ecd  __TI_auto_init_nobinit_nopinit
00008c25  __TI_decompress_lzss          
00009177  __TI_decompress_none          
00008d47  __TI_ltoa                     
ffffffff  __TI_pprof_out_hndl           
00003171  __TI_printfi                  
ffffffff  __TI_prof_data_size           
ffffffff  __TI_prof_data_start          
00001bfd  __TI_scanfi                   
00000000  __TI_static_base__            
00009185  __TI_zero_init                
000088d5  __aeabi_cdcmpeq               
000088d5  __aeabi_cdcmple               
0000895b  __aeabi_cdrcmple              
00008b4d  __aeabi_d2f                   
00008e85  __aeabi_d2iz                  
00007747  __aeabi_dadd                  
00007e4d  __aeabi_ddiv                  
00008521  __aeabi_dmul                  
0000773d  __aeabi_dsub                  
0000919d  __aeabi_errno_addr            
0000902d  __aeabi_i2d                   
00003bbf  __aeabi_idiv0                 
00003bbf  __aeabi_ldiv0                 
000090cd  __aeabi_lmul                  
00008a65  __aeabi_memclr                
00008a65  __aeabi_memclr4               
00008a65  __aeabi_memclr8               
000087a3  __aeabi_memcpy                
000087a3  __aeabi_memcpy4               
000087a3  __aeabi_memcpy8               
00008a67  __aeabi_memset                
00008a67  __aeabi_memset4               
00008a67  __aeabi_memset8               
0000883f  __aeabi_uldivmod              
ffffffff  __binit__                     
ffffffff  __c_args__                    
UNDEFED   __mpu_init                    
20000000  __stack                       
20000000  __start___llvm_prf_cnts       
20000000  __stop___llvm_prf_cnts        
00008fc9  _c_int00_noargs               
000091b8  _ctypes_                      
UNDEFED   _system_post_cinit            
000091ad  _system_pre_init              
000091b1  abort                         
00006431  addArpEntry                   
00000535  addDhcpOption                 
20001c78  arpTable                      
20001e6c  arpTableSize                  
20001e1c  arpTestTimer                  
00002711  asciiToUint8                  
00008ded  atoi                          
ffffffff  binit                         
20001000  buffer                        
00004dfd  calcIpChecksum                
0000028f  callbackDhcpGetNewAddressTimer
000003d5  callbackDhcpIpConflictWindow  
00000305  callbackDhcpLeaseEndTimer     
000002a9  callbackDhcpT1HitTimer        
00000299  callbackDhcpT1PeriodicTimer   
000002e3  callbackDhcpT2HitTimer        
000002d9  callbackDhcpT2PeriodicTimer   
00004487  clearEtherReg                 
00004215  clearPinInterrupt             
000013d7  closeTcpConnection            
000013ad  completeTcpConnection         
000057b5  connectMqtt                   
00004c9f  convertIpAddressToU32         
00004cd7  copyIpAddress                 
00004a29  copyMacAddress                
0000909b  copysign                      
0000909b  copysignl                     
20001e6e  count                         
20001e37  declineNeeded                 
00005c41  deleteSocket                  
20001e3a  dhcpEnabled                   
20001e10  dhcpOfferedIpAdd              
20001e14  dhcpServerIpAdd               
20001e39  dhcpState                     
00000f75  disableDhcp                   
000043df  disableEtherCs                
000041f1  disablePinInterrupt           
00003f29  disablePinPulldown            
00003ee1  disablePinPullup              
00003c7d  disablePort                   
0000582b  disconnectMqtt                
20001e34  discoverNeeded                
0000274b  displayConnectionInfo         
00000f59  enableDhcp                    
000043c9  enableEtherCs                 
000041cd  enablePinInterrupt            
00003f05  enablePinPulldown             
00003eb3  enablePinPullup               
00003bc1  enablePort                    
00005a29  encodeLength                  
20001e64  errno                         
00008c8d  frexp                         
00008c8d  frexpl                        
00000000  g_pfnVectors                  
000065af  getArpPacket                  
000004a3  getDhcpFrame                  
00000445  getDhcpLeaseSeconds           
0000060d  getDhcpOption                 
00000281  getDhcpState                  
00004a13  getEtherId                    
00004add  getEtherMacAddress            
000047eb  getEtherPacket                
00004e6d  getIpAddress                  
00004dcb  getIpChecksum                 
00004fcd  getIpDnsAddress               
00004f59  getIpGatewayAddress           
00004bd5  getIpHeader                   
000050b5  getIpMqttBrokerAddress        
00004ee5  getIpSubnetMask               
00005041  getIpTimeServerAddress        
00005999  getMqttPacket                 
0000566f  getMqttQos                    
00005669  getMqttState                  
000058f1  getMqttTopics                 
00004283  getPinValue                   
00004339  getPortValue                  
00005d83  getSocketFromLocalPort        
00005cb1  getSocketId                   
00005ddf  getSocketInfoFromArpResponse  
00005f19  getSocketInfoFromTcpPacket    
00005e6d  getSocketInfoFromUdpPacket    
00005cf3  getSockets                    
000014c7  getTcpData                    
000010a9  getTcpHeader                  
00001093  getTcpState                   
00006c07  getUdpData                    
00006bdd  getUdpHeader                  
0000818b  getcUart0                     
00000b3b  handleDhcpAck                 
0000126b  handleSocketError             
0000147b  handleTcpData                 
000049e7  htonl                         
000049c3  htons                         
20001e3b  hwAddress                     
00004a1f  incEtherId                    
000089e1  initEeprom                    
000045fd  initEther                     
0000861d  initHw                        
00005673  initMqtt                      
00005b71  initSockets                   
00007a55  initSpi0                      
00008f19  initSysTimer1ms               
00008f11  initSystemClockTo40Mhz        
000067cd  initTimer                     
000080b5  initUart0                     
20001e48  ipAddress                     
20001e38  ipConflictDetectionMode       
20001e4c  ipDnsAddress                  
20001e50  ipGwAddress                   
20001e54  ipMqttBrokerAddress           
20001e58  ipSubnetMask                  
20001e5c  ipTimeServerAddress           
000064b7  isArpRequest                  
0000655b  isArpResponse                 
00000a89  isDhcpAck                     
00000cb9  isDhcpDeclineNeeded           
00000cad  isDhcpDiscoverNeeded          
00000fe1  isDhcpEnabled                 
0000043f  isDhcpIpConflictDetectionMode 
000009c5  isDhcpOffer                   
00000cbf  isDhcpReleaseNeeded           
00000cb3  isDhcpRequestNeeded           
0000044b  isDhcpResponse                
000047a1  isEtherDataAvailable          
00004787  isEtherLinkUp                 
000047bb  isEtherOverflow               
00004b3d  isIp                          
00004d05  isIpEqual                     
00004c41  isIpInSubnet                  
00004be3  isIpUnicast                   
00004bad  isIpValid                     
00005961  isMqttResponse                
00005105  isNetworkReady                
000078f3  isPingRequest                 
000010cb  isTcp                         
000011f7  isTcpAck                      
000014ef  isTcpDataAvailable            
000011bb  isTcpFin                      
000017a3  isTcpPortOpen                 
00001231  isTcpPsh                      
00001181  isTcpSyn                      
00006b35  isUdp                         
0000819f  kbhitUart0                    
00008301  ldexp                         
00008301  ldexpl                        
20001e1d  leaseEndTimer                 
20001e28  leaseSeconds                  
20001e2c  leaseT1                       
20001e30  leaseT2                       
00006465  lookupArpEntry                
0000865d  main                          
0000907f  memccpy                       
000087a3  memcpy                        
00008a6d  memset                        
00008f2d  millis                        
20001a14  mqclient                      
20001b78  mqttBuffer                    
0000575f  mqttConnectTimeout            
0000573d  mqttErrorCallback             
0000577f  mqttRetryConnection           
0000513f  netstat                       
20001e1e  newAddTimer                   
00005bb9  newSocket                     
20001e41  nextPacketLsb                 
20001e42  nextPacketMsb                 
00001327  openTcpConnection             
20001d54  out                           
000014f9  pendTcpResponse               
0000557b  processArpData                
00000f0d  processDhcpArpResponse        
00005317  processDhcpData               
00000e45  processDhcpResponse           
000054e7  processIcmpData               
00005b0b  processMqttData               
00005ad3  processMqttPublish            
00002b15  processShell                  
00001731  processTcpArpResponse         
00005343  processTcpData                
000015d5  processTcpResponse            
00005459  processUdpData                
00005ac7  publishMqtt                   
000048dd  putEtherPacket                
00008143  putcUart0                     
0000815f  putsUart0                     
00006aef  random32                      
00005261  readConfiguration             
00008a29  readEeprom                    
000045bb  readEtherMem                  
0000450f  readEtherPhy                  
00004421  readEtherReg                  
00007b8d  readSpi0Data                  
000002c9  rebindDhcp                    
0000030f  releaseDhcp                   
20001e36  releaseNeeded                 
20001e1f  releaseTimer                  
0000038f  renewDhcp                     
0000037f  renewIp                       
000003df  requestDhcpIpConflictTest     
00000287  requestDhcpNewAddress         
20001e35  requestNeeded                 
000045d3  resetEther                    
0000567d  runMqttClient                 
000055b7  runNetworkStack               
00008301  scalbn                        
00008301  scalbnl                       
00003de7  selectPinAnalogInput          
00003d99  selectPinDigitalInput         
00004103  selectPinInterruptBothEdges   
000040b3  selectPinInterruptFallingEdge 
00004159  selectPinInterruptHighLevel   
00004193  selectPinInterruptLowLevel    
00004063  selectPinInterruptRisingEdge  
00003d4b  selectPinOpenDrainOutput      
00003cfd  selectPinPushPullOutput       
000066ad  sendArpRequest                
000065c1  sendArpResponse               
000006cd  sendDhcpMessage               
00000cc5  sendDhcpPendingMessages       
00005b37  sendMqttMessage               
00007937  sendPingRequest               
00007943  sendPingResponse              
00001a27  sendTcpMessage                
00001413  sendTcpPendingMessages        
00001809  sendTcpResponse               
00006c33  sendUdpMessage                
20001e43  sequenceId                    
0000026d  setDhcpState                  
000044bb  setEtherBank                  
00004a5d  setEtherMacAddress            
00004453  setEtherReg                   
00004e33  setIpAddress                  
00004f93  setIpDnsAddress               
00004f1f  setIpGatewayAddress           
0000507b  setIpMqttBrokerAddress        
00004ea7  setIpSubnetMask               
00005007  setIpTimeServerAddress        
00005655  setMqttState                  
00005879  setMqttTopics                 
00003f51  setPinAuxFunction             
00003e37  setPinCommitControl           
00004239  setPinValue                   
000042c1  setPortValue                  
00007af1  setSpi0BaudRate               
00007b27  setSpi0Mode                   
00001079  setTcpState                   
000080ff  setUart0BaudRate              
00008e39  snprintf                      
00005d67  socketCloseTcp                
00005cfd  socketConnectTcp              
00005cf7  socketConnectUdp              
20001e6f  socketCount                   
00005705  socketErrorCallback           
00005cfb  socketRecvFrom                
00005d59  socketRecvTcp                 
00005d49  socketSendTcp                 
00005cf9  socketSendTo                  
200015f0  sockets                       
00008f91  sscanf                        
000045a9  startEtherMemRead             
0000457b  startEtherMemWrite            
0000689f  startOneshotTimer             
0000694d  startPeriodicTimer            
000045cb  stopEtherMemRead              
000045a1  stopEtherMemWrite             
000069fb  stopTimer                     
20001db8  strInput                      
00006e35  str_char                      
00006e65  str_copy                      
00006e9b  str_equal                     
00006ee7  str_length                    
00006f85  str_to_lower                  
00006f8f  str_to_upper                  
00006f09  str_tokenize                  
00009115  strchr                        
000090e5  strcmp                        
0000912b  strcpy                        
0000913f  strlen                        
000090fd  strrchr                       
00005fd1  strtod                        
00007f85  strtol                        
00005fd1  strtold                       
00007391  strtoll                       
00008411  strtoul                       
00007bb5  strtoull                      
00005b23  subscribeMqtt                 
00004d57  sumIpWords                    
00008f33  sysTickIsr                    
20001e44  systime                       
20001e20  t1HitTimer                    
20001e21  t1PeriodicTimer               
20001e22  t2HitTimer                    
20001e23  t2PeriodicTimer               
0000150f  tcpTimeWaitCallback           
000012e9  tcpTimeoutCallback            
00006a45  tickIsr                       
20001820  timers                        
00006f99  to_lower                      
00006fb9  to_string                     
000070a5  to_uint32                     
00006fa9  to_upper                      
0000425f  togglePinValue                
20001e18  udpData                       
00005b2d  unsubscribeMqtt               
000015a1  updateAckNum                  
0000157f  updateSeqNum                  
0000905b  waitMicrosecond               
00009165  wcslen                        
000089f7  writeEeprom                   
0000458d  writeEtherMem                 
000044d7  writeEtherPhy                 
000043ed  writeEtherReg                 
00007b75  writeSpi0Data                 
20001e24  xid                           


GLOBAL SYMBOLS: SORTED BY Symbol Address 

address   name                          
-------   ----                          
00000000  __TI_static_base__            
00000000  g_pfnVectors                  
0000026d  setDhcpState                  
00000281  getDhcpState                  
00000287  requestDhcpNewAddress         
0000028f  callbackDhcpGetNewAddressTimer
00000299  callbackDhcpT1PeriodicTimer   
000002a9  callbackDhcpT1HitTimer        
000002c9  rebindDhcp                    
000002d9  callbackDhcpT2PeriodicTimer   
000002e3  callbackDhcpT2HitTimer        
00000305  callbackDhcpLeaseEndTimer     
0000030f  releaseDhcp                   
0000037f  renewIp                       
0000038f  renewDhcp                     
000003d5  callbackDhcpIpConflictWindow  
000003df  requestDhcpIpConflictTest     
0000043f  isDhcpIpConflictDetectionMode 
00000445  getDhcpLeaseSeconds           
0000044b  isDhcpResponse                
000004a3  getDhcpFrame                  
00000535  addDhcpOption                 
0000060d  getDhcpOption                 
000006cd  sendDhcpMessage               
000009c5  isDhcpOffer                   
00000a89  isDhcpAck                     
00000b3b  handleDhcpAck                 
00000cad  isDhcpDiscoverNeeded          
00000cb3  isDhcpRequestNeeded           
00000cb9  isDhcpDeclineNeeded           
00000cbf  isDhcpReleaseNeeded           
00000cc5  sendDhcpPendingMessages       
00000e45  processDhcpResponse           
00000f0d  processDhcpArpResponse        
00000f59  enableDhcp                    
00000f75  disableDhcp                   
00000fe1  isDhcpEnabled                 
00001000  __STACK_SIZE                  
00001079  setTcpState                   
00001093  getTcpState                   
000010a9  getTcpHeader                  
000010cb  isTcp                         
00001181  isTcpSyn                      
000011bb  isTcpFin                      
000011f7  isTcpAck                      
00001231  isTcpPsh                      
0000126b  handleSocketError             
000012e9  tcpTimeoutCallback            
00001327  openTcpConnection             
000013ad  completeTcpConnection         
000013d7  closeTcpConnection            
00001413  sendTcpPendingMessages        
0000147b  handleTcpData                 
000014c7  getTcpData                    
000014ef  isTcpDataAvailable            
000014f9  pendTcpResponse               
0000150f  tcpTimeWaitCallback           
0000157f  updateSeqNum                  
000015a1  updateAckNum                  
000015d5  processTcpResponse            
00001731  processTcpArpResponse         
000017a3  isTcpPortOpen                 
00001809  sendTcpResponse               
00001a27  sendTcpMessage                
00001bfd  __TI_scanfi                   
00002711  asciiToUint8                  
0000274b  displayConnectionInfo         
00002b15  processShell                  
00003171  __TI_printfi                  
00003bbf  __aeabi_idiv0                 
00003bbf  __aeabi_ldiv0                 
00003bc1  enablePort                    
00003c7d  disablePort                   
00003cfd  selectPinPushPullOutput       
00003d4b  selectPinOpenDrainOutput      
00003d99  selectPinDigitalInput         
00003de7  selectPinAnalogInput          
00003e37  setPinCommitControl           
00003eb3  enablePinPullup               
00003ee1  disablePinPullup              
00003f05  enablePinPulldown             
00003f29  disablePinPulldown            
00003f51  setPinAuxFunction             
00004063  selectPinInterruptRisingEdge  
000040b3  selectPinInterruptFallingEdge 
00004103  selectPinInterruptBothEdges   
00004159  selectPinInterruptHighLevel   
00004193  selectPinInterruptLowLevel    
000041cd  enablePinInterrupt            
000041f1  disablePinInterrupt           
00004215  clearPinInterrupt             
00004239  setPinValue                   
0000425f  togglePinValue                
00004283  getPinValue                   
000042c1  setPortValue                  
00004339  getPortValue                  
000043c9  enableEtherCs                 
000043df  disableEtherCs                
000043ed  writeEtherReg                 
00004421  readEtherReg                  
00004453  setEtherReg                   
00004487  clearEtherReg                 
000044bb  setEtherBank                  
000044d7  writeEtherPhy                 
0000450f  readEtherPhy                  
0000457b  startEtherMemWrite            
0000458d  writeEtherMem                 
000045a1  stopEtherMemWrite             
000045a9  startEtherMemRead             
000045bb  readEtherMem                  
000045cb  stopEtherMemRead              
000045d3  resetEther                    
000045fd  initEther                     
00004787  isEtherLinkUp                 
000047a1  isEtherDataAvailable          
000047bb  isEtherOverflow               
000047eb  getEtherPacket                
000048dd  putEtherPacket                
000049c3  htons                         
000049e7  htonl                         
00004a13  getEtherId                    
00004a1f  incEtherId                    
00004a29  copyMacAddress                
00004a5d  setEtherMacAddress            
00004add  getEtherMacAddress            
00004b3d  isIp                          
00004bad  isIpValid                     
00004bd5  getIpHeader                   
00004be3  isIpUnicast                   
00004c41  isIpInSubnet                  
00004c9f  convertIpAddressToU32         
00004cd7  copyIpAddress                 
00004d05  isIpEqual                     
00004d57  sumIpWords                    
00004dcb  getIpChecksum                 
00004dfd  calcIpChecksum                
00004e33  setIpAddress                  
00004e6d  getIpAddress                  
00004ea7  setIpSubnetMask               
00004ee5  getIpSubnetMask               
00004f1f  setIpGatewayAddress           
00004f59  getIpGatewayAddress           
00004f93  setIpDnsAddress               
00004fcd  getIpDnsAddress               
00005007  setIpTimeServerAddress        
00005041  getIpTimeServerAddress        
0000507b  setIpMqttBrokerAddress        
000050b5  getIpMqttBrokerAddress        
00005105  isNetworkReady                
0000513f  netstat                       
00005261  readConfiguration             
00005317  processDhcpData               
00005343  processTcpData                
00005459  processUdpData                
000054e7  processIcmpData               
0000557b  processArpData                
000055b7  runNetworkStack               
00005655  setMqttState                  
00005669  getMqttState                  
0000566f  getMqttQos                    
00005673  initMqtt                      
0000567d  runMqttClient                 
00005705  socketErrorCallback           
0000573d  mqttErrorCallback             
0000575f  mqttConnectTimeout            
0000577f  mqttRetryConnection           
000057b5  connectMqtt                   
0000582b  disconnectMqtt                
00005879  setMqttTopics                 
000058f1  getMqttTopics                 
00005961  isMqttResponse                
00005999  getMqttPacket                 
00005a29  encodeLength                  
00005ac7  publishMqtt                   
00005ad3  processMqttPublish            
00005b0b  processMqttData               
00005b23  subscribeMqtt                 
00005b2d  unsubscribeMqtt               
00005b37  sendMqttMessage               
00005b71  initSockets                   
00005bb9  newSocket                     
00005c41  deleteSocket                  
00005cb1  getSocketId                   
00005cf3  getSockets                    
00005cf7  socketConnectUdp              
00005cf9  socketSendTo                  
00005cfb  socketRecvFrom                
00005cfd  socketConnectTcp              
00005d49  socketSendTcp                 
00005d59  socketRecvTcp                 
00005d67  socketCloseTcp                
00005d83  getSocketFromLocalPort        
00005ddf  getSocketInfoFromArpResponse  
00005e6d  getSocketInfoFromUdpPacket    
00005f19  getSocketInfoFromTcpPacket    
00005fd1  strtod                        
00005fd1  strtold                       
00006431  addArpEntry                   
00006465  lookupArpEntry                
000064b7  isArpRequest                  
0000655b  isArpResponse                 
000065af  getArpPacket                  
000065c1  sendArpResponse               
000066ad  sendArpRequest                
000067cd  initTimer                     
0000689f  startOneshotTimer             
0000694d  startPeriodicTimer            
000069fb  stopTimer                     
00006a45  tickIsr                       
00006aef  random32                      
00006b35  isUdp                         
00006bdd  getUdpHeader                  
00006c07  getUdpData                    
00006c33  sendUdpMessage                
00006e35  str_char                      
00006e65  str_copy                      
00006e9b  str_equal                     
00006ee7  str_length                    
00006f09  str_tokenize                  
00006f85  str_to_lower                  
00006f8f  str_to_upper                  
00006f99  to_lower                      
00006fa9  to_upper                      
00006fb9  to_string                     
000070a5  to_uint32                     
00007391  strtoll                       
0000773d  __aeabi_dsub                  
00007747  __aeabi_dadd                  
000078f3  isPingRequest                 
00007937  sendPingRequest               
00007943  sendPingResponse              
00007a55  initSpi0                      
00007af1  setSpi0BaudRate               
00007b27  setSpi0Mode                   
00007b75  writeSpi0Data                 
00007b8d  readSpi0Data                  
00007bb5  strtoull                      
00007e4d  __aeabi_ddiv                  
00007f85  strtol                        
000080b5  initUart0                     
000080ff  setUart0BaudRate              
00008143  putcUart0                     
0000815f  putsUart0                     
0000818b  getcUart0                     
0000819f  kbhitUart0                    
00008301  ldexp                         
00008301  ldexpl                        
00008301  scalbn                        
00008301  scalbnl                       
00008411  strtoul                       
00008521  __aeabi_dmul                  
0000861d  initHw                        
0000865d  main                          
000087a3  __aeabi_memcpy                
000087a3  __aeabi_memcpy4               
000087a3  __aeabi_memcpy8               
000087a3  memcpy                        
0000883f  __aeabi_uldivmod              
000088d5  __aeabi_cdcmpeq               
000088d5  __aeabi_cdcmple               
0000895b  __aeabi_cdrcmple              
000089e1  initEeprom                    
000089f7  writeEeprom                   
00008a29  readEeprom                    
00008a65  __aeabi_memclr                
00008a65  __aeabi_memclr4               
00008a65  __aeabi_memclr8               
00008a67  __aeabi_memset                
00008a67  __aeabi_memset4               
00008a67  __aeabi_memset8               
00008a6d  memset                        
00008b4d  __aeabi_d2f                   
00008c25  __TI_decompress_lzss          
00008c8d  frexp                         
00008c8d  frexpl                        
00008d47  __TI_ltoa                     
00008ded  atoi                          
00008e39  snprintf                      
00008e85  __aeabi_d2iz                  
00008ecd  __TI_auto_init_nobinit_nopinit
00008f11  initSystemClockTo40Mhz        
00008f19  initSysTimer1ms               
00008f2d  millis                        
00008f33  sysTickIsr                    
00008f91  sscanf                        
00008fc9  _c_int00_noargs               
0000902d  __aeabi_i2d                   
0000905b  waitMicrosecond               
0000907f  memccpy                       
0000909b  copysign                      
0000909b  copysignl                     
000090cd  __aeabi_lmul                  
000090e5  strcmp                        
000090fd  strrchr                       
00009115  strchr                        
0000912b  strcpy                        
0000913f  strlen                        
00009165  wcslen                        
00009177  __TI_decompress_none          
00009185  __TI_zero_init                
00009191  ResetISR                      
0000919d  __aeabi_errno_addr            
000091ad  _system_pre_init              
000091b1  C$$EXIT                       
000091b1  abort                         
000091b8  _ctypes_                      
000092b9  BROADCAST_MAC_ADDRESS         
00009398  BROADCAST_IP_ADDRESS          
0000939c  EMPTY_IP_ADDRESS              
000093c0  __TI_Handler_Table_Base       
000093cc  __TI_Handler_Table_Limit      
000093d8  __TI_CINIT_Base               
000093e8  __TI_CINIT_Limit              
20000000  __stack                       
20000000  __start___llvm_prf_cnts       
20000000  __stop___llvm_prf_cnts        
20000200  __STACK_TOP                   
20001000  __STACK_END                   
20001000  buffer                        
200015f0  sockets                       
20001820  timers                        
20001a14  mqclient                      
20001b78  mqttBuffer                    
20001c78  arpTable                      
20001d54  out                           
20001db8  strInput                      
20001e10  dhcpOfferedIpAdd              
20001e14  dhcpServerIpAdd               
20001e18  udpData                       
20001e1c  arpTestTimer                  
20001e1d  leaseEndTimer                 
20001e1e  newAddTimer                   
20001e1f  releaseTimer                  
20001e20  t1HitTimer                    
20001e21  t1PeriodicTimer               
20001e22  t2HitTimer                    
20001e23  t2PeriodicTimer               
20001e24  xid                           
20001e28  leaseSeconds                  
20001e2c  leaseT1                       
20001e30  leaseT2                       
20001e34  discoverNeeded                
20001e35  requestNeeded                 
20001e36  releaseNeeded                 
20001e37  declineNeeded                 
20001e38  ipConflictDetectionMode       
20001e39  dhcpState                     
20001e3a  dhcpEnabled                   
20001e3b  hwAddress                     
20001e41  nextPacketLsb                 
20001e42  nextPacketMsb                 
20001e43  sequenceId                    
20001e44  systime                       
20001e48  ipAddress                     
20001e4c  ipDnsAddress                  
20001e50  ipGwAddress                   
20001e54  ipMqttBrokerAddress           
20001e58  ipSubnetMask                  
20001e5c  ipTimeServerAddress           
20001e64  errno                         
20001e6c  arpTableSize                  
20001e6e  count                         
20001e6f  socketCount                   
ffffffff  __TI_pprof_out_hndl           
ffffffff  __TI_prof_data_size           
ffffffff  __TI_prof_data_start          
ffffffff  __binit__                     
ffffffff  __c_args__                    
ffffffff  binit                         
UNDEFED   __mpu_init                    
UNDEFED   _system_post_cinit            

[371 symbols]
