******************************************************************************
                  TI ARM Linker PC v20.2.7                     
******************************************************************************
>> Linked Fri Dec  6 00:05:39 2024

OUTPUT FILE NAME:   <HydraSense.out>
ENTRY POINT SYMBOL: "_c_int00_noargs"  address: 00009a0d


MEMORY CONFIGURATION

         name            origin    length      used     unused   attr    fill
----------------------  --------  ---------  --------  --------  ----  --------
  FLASH                 00000000   00040000  00009e7c  00036184  R  X
  SRAM                  20000000   00008000  00001eb6  0000614a  RW X


SEGMENT ALLOCATION MAP

run origin  load origin   length   init length attrs members
----------  ----------- ---------- ----------- ----- -------
00000000    00000000    00009e80   00009e80    r-x
  00000000    00000000    0000026c   0000026c    r-- .intvecs
  0000026c    0000026c    000099e0   000099e0    r-x .text
  00009c50    00009c50    000001e8   000001e8    r-- .const
  00009e38    00009e38    00000048   00000048    r-- .cinit
20000000    20000000    00001eb6   00000000    rw-
  20000000    20000000    00001000   00000000    rw- .stack
  20001000    20001000    00000e68   00000000    rw- .bss
  20001e68    20001e68    0000004e   00000000    rw- .data


SECTION ALLOCATION MAP

 output                                  attributes/
section   page    origin      length       input sections
--------  ----  ----------  ----------   ----------------
.intvecs   0    00000000    0000026c     
                  00000000    0000026c     tm4c123gh6pm_startup_ccs.obj (.intvecs)

.text      0    0000026c    000099e0     
                  0000026c    00000e02     tcp.obj (.text)
                  0000106e    00000002     rtsv7M4_T_le_v4SPD16_eabi.lib : div0.asm.obj (.text)
                  00001070    00000df4     dhcp.obj (.text)
                  00001e64    00000c5c     mqtt.obj (.text)
                  00002ac0    00000b14     rtsv7M4_T_le_v4SPD16_eabi.lib : _scanfi.c.obj (.text:__TI_scanfi)
                  000035d4    00000a60     shell.obj (.text)
                  00004034    00000a4e     rtsv7M4_T_le_v4SPD16_eabi.lib : _printfi.c.obj (.text:__TI_printfi)
                  00004a82    00000002     --HOLE-- [fill = 0]
                  00004a84    00000808     gpio.obj (.text)
                  0000528c    00000774     eth0.obj (.text)
                  00005a00    000005c8     ip.obj (.text)
                  00005fc8    00000584     network_stack.obj (.text)
                  0000654c    00000484     socket.obj (.text)
                  000069d0    00000460     rtsv7M4_T_le_v4SPD16_eabi.lib : strtod.c.obj (.text:strtod)
                  00006e30    0000039a     arp.obj (.text)
                  000071ca    00000002     --HOLE-- [fill = 0]
                  000071cc    00000368     timer.obj (.text)
                  00007534    00000300     udp.obj (.text)
                  00007834    000002ec     strlib.obj (.text)
                  00007b20    00000270     rtsv7M4_T_le_v4SPD16_eabi.lib : _printfi.c.obj (.text:_pconv_a)
                  00007d90    000001dc                                   : strtoll.c.obj (.text:strtoll)
                  00007f6c    000001d0                                   : _printfi.c.obj (.text:_pconv_g)
                  0000813c    000001b6                                   : fd_add_t2.asm.obj (.text)
                  000082f2    00000160     icmp.obj (.text)
                  00008452    00000002     --HOLE-- [fill = 0]
                  00008454    00000160     spi0.obj (.text)
                  000085b4    0000015c     rtsv7M4_T_le_v4SPD16_eabi.lib : strtoull.c.obj (.text:strtoull)
                  00008710    0000013c                                   : _printfi.c.obj (.text:_pconv_e)
                  0000884c    00000136                                   : fd_div_t2.asm.obj (.text)
                  00008982    00000002     --HOLE-- [fill = 0]
                  00008984    00000130                                   : strtol.c.obj (.text:strtol)
                  00008ab4    00000128     uart0.obj (.text)
                  00008bdc    00000124     rtsv7M4_T_le_v4SPD16_eabi.lib : _printfi.c.obj (.text:fcvt)
                  00008d00    00000110                                   : s_scalbn.c.obj (.text:scalbn)
                  00008e10    00000110                                   : strtoul.c.obj (.text:strtoul)
                  00008f20    000000fc                                   : fd_mul_t2.asm.obj (.text)
                  0000901c    000000d4     main.obj (.text)
                  000090f0    000000b1     rtsv7M4_T_le_v4SPD16_eabi.lib : _printfi.c.obj (.text:_ltostr)
                  000091a1    00000001     --HOLE-- [fill = 0]
                  000091a2    0000009c                                   : memcpy_t2.asm.obj (.text)
                  0000923e    00000096                                   : ull_div_t2.asm.obj (.text)
                  000092d4    00000086                                   : fd_cmp_t2.asm.obj (.text:__aeabi_cdcmple)
                  0000935a    00000086                                   : fd_cmp_t2.asm.obj (.text:__aeabi_cdrcmple)
                  000093e0    00000084     eeprom.obj (.text)
                  00009464    0000007a     rtsv7M4_T_le_v4SPD16_eabi.lib : memset_t2.asm.obj (.text)
                  000094de    0000006e                                   : _printfi.c.obj (.text:_mcpy)
                  0000954c    0000006e                                   : fd_tos_t2.asm.obj (.text)
                  000095ba    00000002     --HOLE-- [fill = 0]
                  000095bc    00000068                                   : sscanf.c.obj (.text:_chkmbc)
                  00009624    00000068                                   : copy_decompress_lzss.c.obj (.text:decompress:lzss:__TI_decompress_lzss)
                  0000968c    00000064                                   : s_frexp.c.obj (.text:frexp)
                  000096f0    00000056                                   : _printfi.c.obj (.text:_pconv_f)
                  00009746    00000054                                   : _ltoa.c.obj (.text:__TI_ltoa)
                  0000979a    00000052                                   : _printfi.c.obj (.text:_ecpy)
                  000097ec    0000004c                                   : atoi.c.obj (.text:atoi)
                  00009838    0000004c                                   : snprintf.c.obj (.text:snprintf)
                  00009884    00000048                                   : fd_toi_t2.asm.obj (.text)
                  000098cc    00000044                                   : autoinit.c.obj (.text:__TI_auto_init_nobinit_nopinit:__TI_auto_init_nobinit_nopinit)
                  00009910    00000044                                   : fd_tou_t2.asm.obj (.text)
                  00009954    00000040     clock.obj (.text)
                  00009994    0000003e     rtsv7M4_T_le_v4SPD16_eabi.lib : _printfi.c.obj (.text:_fcpy)
                  000099d2    00000002     --HOLE-- [fill = 0]
                  000099d4    00000038                                   : sscanf.c.obj (.text:sscanf)
                  00009a0c    00000034                                   : boot_cortex_m.c.obj (.text:_c_int00_noargs:_c_int00_noargs)
                  00009a40    00000030                                   : snprintf.c.obj (.text:_outs)
                  00009a70    0000002e                                   : i_tofd_t2.asm.obj (.text)
                  00009a9e    00000024     wait.obj (.text)
                  00009ac2    00000020     rtsv7M4_T_le_v4SPD16_eabi.lib : u_tofd_t2.asm.obj (.text)
                  00009ae2    0000001c                                   : memccpy.c.obj (.text:memccpy)
                  00009afe    0000001a                                   : s_copysign.c.obj (.text:copysign)
                  00009b18    00000018                                   : snprintf.c.obj (.text:_outc)
                  00009b30    00000018                                   : ll_mul_t2.asm.obj (.text)
                  00009b48    00000018     mqtt.obj (.text:setMqttState)
                  00009b60    00000018     rtsv7M4_T_le_v4SPD16_eabi.lib : strcmp.c.obj (.text:strcmp)
                  00009b78    00000018                                   : strrchr.c.obj (.text:strrchr)
                  00009b90    00000016                                   : strchr.c.obj (.text:strchr)
                  00009ba6    00000014                                   : strcpy.c.obj (.text:strcpy)
                  00009bba    00000014                                   : strlen.c.obj (.text:strlen)
                  00009bce    00000012                                   : sscanf.c.obj (.text:_inpchar)
                  00009be0    00000012                                   : wcslen.c.obj (.text:wcslen)
                  00009bf2    00000010     mqtt.obj (.text:getMqttResponse)
                  00009c02    0000000e     rtsv7M4_T_le_v4SPD16_eabi.lib : copy_decompress_none.c.obj (.text:decompress:none:__TI_decompress_none)
                  00009c10    0000000c                                   : copy_zero_init.c.obj (.text:decompress:ZI:__TI_zero_init)
                  00009c1c    0000000c     mqtt.obj (.text:getMqttState)
                  00009c28    0000000c     tm4c123gh6pm_startup_ccs.obj (.text)
                  00009c34    00000008     rtsv7M4_T_le_v4SPD16_eabi.lib : errno.c.obj (.text:__aeabi_errno_addr)
                  00009c3c    00000008                                   : sscanf.c.obj (.text:_uninpchar)
                  00009c44    00000004                                   : pre_init.c.obj (.text:_system_pre_init)
                  00009c48    00000004                                   : exit.c.obj (.text:abort:abort)

.const     0    00009c50    000001e8     
                  00009c50    00000101     rtsv7M4_T_le_v4SPD16_eabi.lib : ctype.c.obj (.const:.string:_ctypes_)
                  00009d51    00000006     eth0.obj (.const:.string:BROADCAST_MAC_ADDRESS)
                  00009d57    00000001     --HOLE-- [fill = 0]
                  00009d58    000000c8     rtsv7M4_T_le_v4SPD16_eabi.lib : strtod.c.obj (.const:$O1$$)
                  00009e20    00000010                                   : _scanfi.c.obj (.const:$O1$$)
                  00009e30    00000004     ip.obj (.const:.string:BROADCAST_IP_ADDRESS)
                  00009e34    00000004     ip.obj (.const:.string:EMPTY_IP_ADDRESS)

.cinit     0    00009e38    00000048     
                  00009e38    00000020     (.cinit..data.load) [load image, compression = lzss]
                  00009e58    0000000c     (__TI_handler_table)
                  00009e64    00000004     --HOLE-- [fill = 0]
                  00009e68    00000008     (.cinit..bss.load) [load image, compression = zero_init]
                  00009e70    00000010     (__TI_cinit_table)

.init_array 
*          0    00000000    00000000     UNINITIALIZED

.bss       0    20001000    00000e68     UNINITIALIZED
                  20001000    000005f0     (.common:buffer)
                  200015f0    00000258     (.common:sockets)
                  20001848    000001f4     (.common:timers)
                  20001a3c    0000017c     mqtt.obj (.bss:client)
                  20001bb8    00000100     (.common:mqttBuffer)
                  20001cb8    000000dc     (.common:arpTable)
                  20001d94    00000064     (.common:out)
                  20001df8    00000054     (.common:strInput)
                  20001e4c    00000004     dhcp.obj (.bss)
                  20001e50    00000004     tcp.obj (.bss)
                  20001e54    00000004     (.common:dhcpOfferedIpAdd)
                  20001e58    00000004     (.common:dhcpServerIpAdd)
                  20001e5c    00000004     (.common:udpData)
                  20001e60    00000001     (.common:arpTestTimer)
                  20001e61    00000001     (.common:leaseEndTimer)
                  20001e62    00000001     (.common:newAddTimer)
                  20001e63    00000001     (.common:releaseTimer)
                  20001e64    00000001     (.common:t1HitTimer)
                  20001e65    00000001     (.common:t1PeriodicTimer)
                  20001e66    00000001     (.common:t2HitTimer)
                  20001e67    00000001     (.common:t2PeriodicTimer)

.data      0    20001e68    0000004e     UNINITIALIZED
                  20001e68    00000017     dhcp.obj (.data)
                  20001e7f    00000006     eth0.obj (.data:hwAddress)
                  20001e85    00000003     eth0.obj (.data)
                  20001e88    00000004     clock.obj (.data)
                  20001e8c    00000004     ip.obj (.data:ipAddress)
                  20001e90    00000004     ip.obj (.data:ipDnsAddress)
                  20001e94    00000004     ip.obj (.data:ipGwAddress)
                  20001e98    00000004     ip.obj (.data:ipMqttBrokerAddress)
                  20001e9c    00000004     ip.obj (.data:ipSubnetMask)
                  20001ea0    00000004     ip.obj (.data:ipTimeServerAddress)
                  20001ea4    00000004     network_stack.obj (.data)
                  20001ea8    00000004     rtsv7M4_T_le_v4SPD16_eabi.lib : errno.c.obj (.data)
                  20001eac    00000004     strlib.obj (.data)
                  20001eb0    00000002     tcp.obj (.data)
                  20001eb2    00000001     arp.obj (.data)
                  20001eb3    00000001     mqtt.obj (.data)
                  20001eb4    00000001     shell.obj (.data)
                  20001eb5    00000001     socket.obj (.data)

.stack     0    20000000    00001000     UNINITIALIZED
                  20000000    00000004     rtsv7M4_T_le_v4SPD16_eabi.lib : boot_cortex_m.c.obj (.stack)
                  20000004    00000ffc     --HOLE--

__llvm_prf_cnts 
*          0    20000000    00000000     UNINITIALIZED

MODULE SUMMARY

       Module                         code    ro data   rw data
       ------                         ----    -------   -------
    .\core\
       tm4c123gh6pm_startup_ccs.obj   12      620       0      
    +--+------------------------------+-------+---------+---------+
       Total:                         12      620       0      
                                                               
    .\drivers\
       gpio.obj                       2056    0         0      
       eth0.obj                       1908    6         9      
       timer.obj                      872     0         500    
       spi0.obj                       352     0         0      
       uart0.obj                      296     0         0      
       eeprom.obj                     132     0         0      
       clock.obj                      64      0         4      
    +--+------------------------------+-------+---------+---------+
       Total:                         5680    6         513    
                                                               
    .\libs\
       strlib.obj                     748     0         4      
    +--+------------------------------+-------+---------+---------+
       Total:                         748     0         4      
                                                               
    .\middleware\
       mqtt.obj                       3216    0         737    
       dhcp.obj                       3572    0         43     
       tcp.obj                        3586    0         6      
       socket.obj                     1156    0         601    
       ip.obj                         1480    8         24     
       arp.obj                        922     0         221    
       udp.obj                        768     0         0      
       icmp.obj                       352     0         0      
    +--+------------------------------+-------+---------+---------+
       Total:                         15052   8         1632   
                                                               
    .\src\
       network_stack.obj              1412    0         1528   
       shell.obj                      2656    0         85     
       main.obj                       212     0         0      
       wait.obj                       36      0         0      
    +--+------------------------------+-------+---------+---------+
       Total:                         4316    0         1613   
                                                               
    C:\ti\ccs1240\ccs\tools\compiler\ti-cgt-arm_20.2.7.LTS\lib\rtsv7M4_T_le_v4SPD16_eabi.lib
       _printfi.c.obj                 4851    0         0      
       _scanfi.c.obj                  2836    16        0      
       strtod.c.obj                   1120    200       0      
       strtoll.c.obj                  476     0         0      
       fd_add_t2.asm.obj              438     0         0      
       strtoull.c.obj                 348     0         0      
       fd_div_t2.asm.obj              310     0         0      
       strtol.c.obj                   304     0         0      
       s_scalbn.c.obj                 272     0         0      
       strtoul.c.obj                  272     0         0      
       fd_cmp_t2.asm.obj              268     0         0      
       ctype.c.obj                    0       257       0      
       fd_mul_t2.asm.obj              252     0         0      
       sscanf.c.obj                   186     0         0      
       memcpy_t2.asm.obj              156     0         0      
       ull_div_t2.asm.obj             150     0         0      
       snprintf.c.obj                 148     0         0      
       memset_t2.asm.obj              122     0         0      
       fd_tos_t2.asm.obj              110     0         0      
       copy_decompress_lzss.c.obj     104     0         0      
       s_frexp.c.obj                  100     0         0      
       _ltoa.c.obj                    84      0         0      
       atoi.c.obj                     76      0         0      
       fd_toi_t2.asm.obj              72      0         0      
       autoinit.c.obj                 68      0         0      
       fd_tou_t2.asm.obj              68      0         0      
       boot_cortex_m.c.obj            52      0         0      
       i_tofd_t2.asm.obj              46      0         0      
       u_tofd_t2.asm.obj              32      0         0      
       memccpy.c.obj                  28      0         0      
       s_copysign.c.obj               26      0         0      
       ll_mul_t2.asm.obj              24      0         0      
       strcmp.c.obj                   24      0         0      
       strrchr.c.obj                  24      0         0      
       strchr.c.obj                   22      0         0      
       strcpy.c.obj                   20      0         0      
       strlen.c.obj                   20      0         0      
       wcslen.c.obj                   18      0         0      
       copy_decompress_none.c.obj     14      0         0      
       copy_zero_init.c.obj           12      0         0      
       errno.c.obj                    8       0         4      
       exit.c.obj                     4       0         0      
       pre_init.c.obj                 4       0         0      
       div0.asm.obj                   2       0         0      
    +--+------------------------------+-------+---------+---------+
       Total:                         13571   473       4      
                                                               
       Stack:                         0       0         4096   
       Linker Generated:              0       68        0      
    +--+------------------------------+-------+---------+---------+
       Grand Total:                   39379   1175      7862   


LINKER GENERATED COPY TABLES

__TI_cinit_table @ 00009e70 records: 2, size/record: 8, table size: 16
	.data: load addr=00009e38, load size=00000020 bytes, run addr=20001e68, run size=0000004e bytes, compression=lzss
	.bss: load addr=00009e68, load size=00000008 bytes, run addr=20001000, run size=00000e68 bytes, compression=zero_init


LINKER GENERATED HANDLER TABLE

__TI_handler_table @ 00009e58 records: 3, size/record: 4, table size: 12
	index: 0, handler: __TI_decompress_lzss
	index: 1, handler: __TI_decompress_none
	index: 2, handler: __TI_zero_init


GLOBAL SYMBOLS: SORTED ALPHABETICALLY BY Name 

address   name                          
-------   ----                          
00009e30  BROADCAST_IP_ADDRESS          
00009d51  BROADCAST_MAC_ADDRESS         
00009c49  C$$EXIT                       
00009e34  EMPTY_IP_ADDRESS              
00009c29  ResetISR                      
20001000  __STACK_END                   
00001000  __STACK_SIZE                  
20000200  __STACK_TOP                   
00009e70  __TI_CINIT_Base               
00009e80  __TI_CINIT_Limit              
00009e58  __TI_Handler_Table_Base       
00009e64  __TI_Handler_Table_Limit      
000098cd  __TI_auto_init_nobinit_nopinit
00009625  __TI_decompress_lzss          
00009c03  __TI_decompress_none          
00009747  __TI_ltoa                     
ffffffff  __TI_pprof_out_hndl           
00004035  __TI_printfi                  
ffffffff  __TI_prof_data_size           
ffffffff  __TI_prof_data_start          
00002ac1  __TI_scanfi                   
00000000  __TI_static_base__            
00009c11  __TI_zero_init                
000092d5  __aeabi_cdcmpeq               
000092d5  __aeabi_cdcmple               
0000935b  __aeabi_cdrcmple              
0000954d  __aeabi_d2f                   
00009885  __aeabi_d2iz                  
00009911  __aeabi_d2uiz                 
00008147  __aeabi_dadd                  
0000884d  __aeabi_ddiv                  
00008f21  __aeabi_dmul                  
0000813d  __aeabi_dsub                  
00009c35  __aeabi_errno_addr            
00009a71  __aeabi_i2d                   
0000106f  __aeabi_idiv0                 
0000106f  __aeabi_ldiv0                 
00009b31  __aeabi_lmul                  
00009465  __aeabi_memclr                
00009465  __aeabi_memclr4               
00009465  __aeabi_memclr8               
000091a3  __aeabi_memcpy                
000091a3  __aeabi_memcpy4               
000091a3  __aeabi_memcpy8               
00009467  __aeabi_memset                
00009467  __aeabi_memset4               
00009467  __aeabi_memset8               
00009ac3  __aeabi_ui2d                  
0000923f  __aeabi_uldivmod              
ffffffff  __binit__                     
ffffffff  __c_args__                    
UNDEFED   __mpu_init                    
20000000  __stack                       
20000000  __start___llvm_prf_cnts       
20000000  __stop___llvm_prf_cnts        
00009a0d  _c_int00_noargs               
00009c50  _ctypes_                      
UNDEFED   _system_post_cinit            
00009c45  _system_pre_init              
00009c49  abort                         
00006e31  addArpEntry                   
00001335  addDhcpOption                 
00000ba5  addTcpOption                  
20001cb8  arpTable                      
20001eb2  arpTableSize                  
20001e60  arpTestTimer                  
000035d5  asciiToUint8                  
000097ed  atoi                          
ffffffff  binit                         
20001000  buffer                        
00005cc1  calcIpChecksum                
00001093  callbackDhcpGetNewAddressTimer
000011d9  callbackDhcpIpConflictWindow  
00001109  callbackDhcpLeaseEndTimer     
000010ad  callbackDhcpT1HitTimer        
0000109d  callbackDhcpT1PeriodicTimer   
000010e7  callbackDhcpT2HitTimer        
000010dd  callbackDhcpT2PeriodicTimer   
0000534b  clearEtherReg                 
000050d9  clearPinInterrupt             
00000615  closeTcpConnection            
000005eb  completeTcpConCallback        
00002129  connectMqtt                   
00005b63  convertIpAddressToU32         
00005b9b  copyIpAddress                 
000058ed  copyMacAddress                
00009aff  copysign                      
00009aff  copysignl                     
20001eb4  count                         
20001e7b  declineNeeded                 
0000661d  deleteSocket                  
20001e7e  dhcpEnabled                   
20001e54  dhcpOfferedIpAdd              
20001e58  dhcpServerIpAdd               
20001e7d  dhcpState                     
00001d61  disableDhcp                   
000052a3  disableEtherCs                
000050b5  disablePinInterrupt           
00004ded  disablePinPulldown            
00004da5  disablePinPullup              
00004b41  disablePort                   
0000219f  disconnectMqtt                
20001e78  discoverNeeded                
0000360f  displayConnectionInfo         
00001d45  enableDhcp                    
0000528d  enableEtherCs                 
00005091  enablePinInterrupt            
00004dc9  enablePinPulldown             
00004d77  enablePinPullup               
00004a85  enablePort                    
20001ea8  errno                         
20001eb0  fin                           
0000968d  frexp                         
0000968d  frexpl                        
00000000  g_pfnVectors                  
00006faf  getArpPacket                  
000012a7  getDhcpFrame                  
00001249  getDhcpLeaseSeconds           
00001405  getDhcpOption                 
00001085  getDhcpState                  
000058d7  getEtherId                    
000059a1  getEtherMacAddress            
000056af  getEtherPacket                
00005d31  getIpAddress                  
00005c8f  getIpChecksum                 
00005e91  getIpDnsAddress               
00005e1d  getIpGatewayAddress           
00005a99  getIpHeader                   
00005f79  getIpMqttBrokerAddress        
00005da9  getIpSubnetMask               
00005f05  getIpTimeServerAddress        
00002085  getMqttHeader                 
00009bf3  getMqttResponse               
00009c1d  getMqttState                  
000022ad  getMqttTopics                 
00005147  getPinValue                   
000051fd  getPortValue                  
0000677b  getSocketFromLocalPort        
0000668d  getSocketId                   
000067dd  getSocketInfoFromArpResponse  
00006915  getSocketInfoFromTcpPacket    
00006869  getSocketInfoFromUdpPacket    
000066cf  getSockets                    
000007a5  getTcpData                    
00000803  getTcpDataLength              
000002a1  getTcpHeader                  
00000289  getTcpState                   
00007607  getUdpData                    
000075dd  getUdpHeader                  
00008b8b  getcUart0                     
00001927  handleDhcpAck                 
00000463  handleSocketError             
00000727  handleTcpData                 
000058ab  htonl                         
00005887  htons                         
20001e7f  hwAddress                     
000058e3  incEtherId                    
000093e1  initEeprom                    
000054c1  initEther                     
0000901d  initHw                        
000020e1  initMqtt                      
0000654d  initSockets                   
00008455  initSpi0                      
0000995d  initSysTimer1ms               
00009955  initSystemClockTo40Mhz        
000071cd  initTimer                     
00008ab5  initUart0                     
20001e8c  ipAddress                     
20001e7c  ipConflictDetectionMode       
20001e90  ipDnsAddress                  
20001e94  ipGwAddress                   
20001e98  ipMqttBrokerAddress           
20001e9c  ipSubnetMask                  
20001ea0  ipTimeServerAddress           
00006eb7  isArpRequest                  
00006f5b  isArpResponse                 
00001875  isDhcpAck                     
00001aa5  isDhcpDeclineNeeded           
00001a99  isDhcpDiscoverNeeded          
00001dcd  isDhcpEnabled                 
00001243  isDhcpIpConflictDetectionMode 
000017b1  isDhcpOffer                   
00001aab  isDhcpReleaseNeeded           
00001a9f  isDhcpRequestNeeded           
0000124f  isDhcpResponse                
00005665  isEtherDataAvailable          
0000564b  isEtherLinkUp                 
0000567f  isEtherOverflow               
00005a01  isIp                          
00005bc9  isIpEqual                     
00005b05  isIpInSubnet                  
00005aa7  isIpUnicast                   
00005a71  isIpValid                     
00002379  isMqttResponse                
00005fc9  isNetworkReady                
000082f3  isPingRequest                 
000002c3  isTcp                         
000003ef  isTcpAck                      
0000084b  isTcpDataAvailable            
000003b3  isTcpFin                      
00000b41  isTcpPortOpen                 
00000429  isTcpPsh                      
00000379  isTcpSyn                      
00007535  isUdp                         
00008b9f  kbhitUart0                    
00008d01  ldexp                         
00008d01  ldexpl                        
20001e61  leaseEndTimer                 
20001e6c  leaseSeconds                  
20001e70  leaseT1                       
20001e74  leaseT2                       
00006e65  lookupArpEntry                
0000905d  main                          
00009ae3  memccpy                       
000091a3  memcpy                        
0000946d  memset                        
00009971  millis                        
20001bb8  mqttBuffer                    
00006003  netstat                       
20001e62  newAddTimer                   
00006595  newSocket                     
20001e85  nextPacketLsb                 
20001e86  nextPacketMsb                 
00000565  openTcpConnection             
20001d94  out                           
00000855  pendTcpResponse               
00006473  processArpData                
00001cf9  processDhcpArpResponse        
000061db  processDhcpData               
00001c31  processDhcpResponse           
0000644f  processIcmpData               
00002419  processMqttData               
000023d1  processMqttPublish            
000039d9  processShell                  
00000acd  processTcpArpResponse         
00006207  processTcpData                
00000959  processTcpResponse            
00006351  processUdpData                
000023ab  publishMqtt                   
000057a1  putEtherPacket                
00008b43  putcUart0                     
00008b5f  putsUart0                     
000074ef  random32                      
00006125  readConfiguration             
00009429  readEeprom                    
0000547f  readEtherMem                  
000053d3  readEtherPhy                  
000052e5  readEtherReg                  
0000858d  readSpi0Data                  
000010cd  rebindDhcp                    
00001113  releaseDhcp                   
20001e7a  releaseNeeded                 
20001e63  releaseTimer                  
00001193  renewDhcp                     
00001183  renewIp                       
000011e3  requestDhcpIpConflictTest     
0000108b  requestDhcpNewAddress         
20001e79  requestNeeded                 
00005497  resetEther                    
00001e65  runMqttClient                 
000064af  runNetworkStack               
00008d01  scalbn                        
00008d01  scalbnl                       
00004cab  selectPinAnalogInput          
00004c5d  selectPinDigitalInput         
00004fc7  selectPinInterruptBothEdges   
00004f77  selectPinInterruptFallingEdge 
0000501d  selectPinInterruptHighLevel   
00005057  selectPinInterruptLowLevel    
00004f27  selectPinInterruptRisingEdge  
00004c0f  selectPinOpenDrainOutput      
00004bc1  selectPinPushPullOutput       
000070ad  sendArpRequest                
00006fc1  sendArpResponse               
000014b9  sendDhcpMessage               
00001ab1  sendDhcpPendingMessages       
0000269d  sendMqttConnack               
000024c1  sendMqttConnect               
00002a75  sendMqttDisconnect            
00002a35  sendMqttPingReq               
00002a73  sendMqttPingResp              
000028a9  sendMqttPubAck                
000028c1  sendMqttPubComp               
000028b5  sendMqttPubRec                
000026f1  sendMqttPublish               
00002a2f  sendMqttSubAck                
000028d9  sendMqttSubscribe             
00002a33  sendMqttUnsubAck              
00002a31  sendMqttUnsubscribe           
00008337  sendPingRequest               
00008343  sendPingResponse              
00000e99  sendTcpMessage                
00000653  sendTcpPendingMessages        
00000c55  sendTcpResponse               
00007633  sendUdpMessage                
20001e87  sequenceId                    
00001071  setDhcpState                  
0000537f  setEtherBank                  
00005921  setEtherMacAddress            
00005317  setEtherReg                   
00005cf7  setIpAddress                  
00005e57  setIpDnsAddress               
00005de3  setIpGatewayAddress           
00005f3f  setIpMqttBrokerAddress        
00005d6b  setIpSubnetMask               
00005ecb  setIpTimeServerAddress        
00009b49  setMqttState                  
000021fd  setMqttTopics                 
00004e15  setPinAuxFunction             
00004cfb  setPinCommitControl           
000050fd  setPinValue                   
00005185  setPortValue                  
000084f1  setSpi0BaudRate               
00008527  setSpi0Mode                   
0000026d  setTcpState                   
00008aff  setUart0BaudRate              
00009839  snprintf                      
0000675f  socketCloseTcp                
000066d9  socketConnectTcp              
000066d3  socketConnectUdp              
20001eb5  socketCount                   
000066d7  socketRecvFrom                
00006725  socketSendTcp                 
000066d5  socketSendTo                  
200015f0  sockets                       
000099d5  sscanf                        
0000546d  startEtherMemRead             
0000543f  startEtherMemWrite            
0000729f  startOneshotTimer             
0000734d  startPeriodicTimer            
0000548f  stopEtherMemRead              
00005465  stopEtherMemWrite             
000073fb  stopTimer                     
20001df8  strInput                      
00007835  str_char                      
00007865  str_copy                      
0000789b  str_equal                     
000078e7  str_length                    
00007985  str_to_lower                  
0000798f  str_to_upper                  
00007909  str_tokenize                  
00009b91  strchr                        
00009b61  strcmp                        
00009ba7  strcpy                        
00009bbb  strlen                        
00009b79  strrchr                       
000069d1  strtod                        
00008985  strtol                        
000069d1  strtold                       
00007d91  strtoll                       
00008e11  strtoul                       
000085b5  strtoull                      
00002491  subscribeMqtt                 
00005c1b  sumIpWords                    
00009977  sysTickIsr                    
20001e88  systime                       
20001e64  t1HitTimer                    
20001e65  t1PeriodicTimer               
20001e66  t2HitTimer                    
20001e67  t2PeriodicTimer               
0000086b  tcpTimeWaitCallback           
000004e1  tcpTimeoutCallback            
00007445  tickIsr                       
20001848  timers                        
00007999  to_lower                      
000079b9  to_string                     
00007aa5  to_uint32                     
000079a9  to_upper                      
00005123  togglePinValue                
20001e5c  udpData                       
000024a7  unsubscribeMqtt               
000008c9  updateAckNum                  
00000889  updateSeqNum                  
00009a9f  waitMicrosecond               
00009be1  wcslen                        
000093f7  writeEeprom                   
00005451  writeEtherMem                 
0000539b  writeEtherPhy                 
000052b1  writeEtherReg                 
00008575  writeSpi0Data                 
20001e68  xid                           


GLOBAL SYMBOLS: SORTED BY Symbol Address 

address   name                          
-------   ----                          
00000000  __TI_static_base__            
00000000  g_pfnVectors                  
0000026d  setTcpState                   
00000289  getTcpState                   
000002a1  getTcpHeader                  
000002c3  isTcp                         
00000379  isTcpSyn                      
000003b3  isTcpFin                      
000003ef  isTcpAck                      
00000429  isTcpPsh                      
00000463  handleSocketError             
000004e1  tcpTimeoutCallback            
00000565  openTcpConnection             
000005eb  completeTcpConCallback        
00000615  closeTcpConnection            
00000653  sendTcpPendingMessages        
00000727  handleTcpData                 
000007a5  getTcpData                    
00000803  getTcpDataLength              
0000084b  isTcpDataAvailable            
00000855  pendTcpResponse               
0000086b  tcpTimeWaitCallback           
00000889  updateSeqNum                  
000008c9  updateAckNum                  
00000959  processTcpResponse            
00000acd  processTcpArpResponse         
00000b41  isTcpPortOpen                 
00000ba5  addTcpOption                  
00000c55  sendTcpResponse               
00000e99  sendTcpMessage                
00001000  __STACK_SIZE                  
0000106f  __aeabi_idiv0                 
0000106f  __aeabi_ldiv0                 
00001071  setDhcpState                  
00001085  getDhcpState                  
0000108b  requestDhcpNewAddress         
00001093  callbackDhcpGetNewAddressTimer
0000109d  callbackDhcpT1PeriodicTimer   
000010ad  callbackDhcpT1HitTimer        
000010cd  rebindDhcp                    
000010dd  callbackDhcpT2PeriodicTimer   
000010e7  callbackDhcpT2HitTimer        
00001109  callbackDhcpLeaseEndTimer     
00001113  releaseDhcp                   
00001183  renewIp                       
00001193  renewDhcp                     
000011d9  callbackDhcpIpConflictWindow  
000011e3  requestDhcpIpConflictTest     
00001243  isDhcpIpConflictDetectionMode 
00001249  getDhcpLeaseSeconds           
0000124f  isDhcpResponse                
000012a7  getDhcpFrame                  
00001335  addDhcpOption                 
00001405  getDhcpOption                 
000014b9  sendDhcpMessage               
000017b1  isDhcpOffer                   
00001875  isDhcpAck                     
00001927  handleDhcpAck                 
00001a99  isDhcpDiscoverNeeded          
00001a9f  isDhcpRequestNeeded           
00001aa5  isDhcpDeclineNeeded           
00001aab  isDhcpReleaseNeeded           
00001ab1  sendDhcpPendingMessages       
00001c31  processDhcpResponse           
00001cf9  processDhcpArpResponse        
00001d45  enableDhcp                    
00001d61  disableDhcp                   
00001dcd  isDhcpEnabled                 
00001e65  runMqttClient                 
00002085  getMqttHeader                 
000020e1  initMqtt                      
00002129  connectMqtt                   
0000219f  disconnectMqtt                
000021fd  setMqttTopics                 
000022ad  getMqttTopics                 
00002379  isMqttResponse                
000023ab  publishMqtt                   
000023d1  processMqttPublish            
00002419  processMqttData               
00002491  subscribeMqtt                 
000024a7  unsubscribeMqtt               
000024c1  sendMqttConnect               
0000269d  sendMqttConnack               
000026f1  sendMqttPublish               
000028a9  sendMqttPubAck                
000028b5  sendMqttPubRec                
000028c1  sendMqttPubComp               
000028d9  sendMqttSubscribe             
00002a2f  sendMqttSubAck                
00002a31  sendMqttUnsubscribe           
00002a33  sendMqttUnsubAck              
00002a35  sendMqttPingReq               
00002a73  sendMqttPingResp              
00002a75  sendMqttDisconnect            
00002ac1  __TI_scanfi                   
000035d5  asciiToUint8                  
0000360f  displayConnectionInfo         
000039d9  processShell                  
00004035  __TI_printfi                  
00004a85  enablePort                    
00004b41  disablePort                   
00004bc1  selectPinPushPullOutput       
00004c0f  selectPinOpenDrainOutput      
00004c5d  selectPinDigitalInput         
00004cab  selectPinAnalogInput          
00004cfb  setPinCommitControl           
00004d77  enablePinPullup               
00004da5  disablePinPullup              
00004dc9  enablePinPulldown             
00004ded  disablePinPulldown            
00004e15  setPinAuxFunction             
00004f27  selectPinInterruptRisingEdge  
00004f77  selectPinInterruptFallingEdge 
00004fc7  selectPinInterruptBothEdges   
0000501d  selectPinInterruptHighLevel   
00005057  selectPinInterruptLowLevel    
00005091  enablePinInterrupt            
000050b5  disablePinInterrupt           
000050d9  clearPinInterrupt             
000050fd  setPinValue                   
00005123  togglePinValue                
00005147  getPinValue                   
00005185  setPortValue                  
000051fd  getPortValue                  
0000528d  enableEtherCs                 
000052a3  disableEtherCs                
000052b1  writeEtherReg                 
000052e5  readEtherReg                  
00005317  setEtherReg                   
0000534b  clearEtherReg                 
0000537f  setEtherBank                  
0000539b  writeEtherPhy                 
000053d3  readEtherPhy                  
0000543f  startEtherMemWrite            
00005451  writeEtherMem                 
00005465  stopEtherMemWrite             
0000546d  startEtherMemRead             
0000547f  readEtherMem                  
0000548f  stopEtherMemRead              
00005497  resetEther                    
000054c1  initEther                     
0000564b  isEtherLinkUp                 
00005665  isEtherDataAvailable          
0000567f  isEtherOverflow               
000056af  getEtherPacket                
000057a1  putEtherPacket                
00005887  htons                         
000058ab  htonl                         
000058d7  getEtherId                    
000058e3  incEtherId                    
000058ed  copyMacAddress                
00005921  setEtherMacAddress            
000059a1  getEtherMacAddress            
00005a01  isIp                          
00005a71  isIpValid                     
00005a99  getIpHeader                   
00005aa7  isIpUnicast                   
00005b05  isIpInSubnet                  
00005b63  convertIpAddressToU32         
00005b9b  copyIpAddress                 
00005bc9  isIpEqual                     
00005c1b  sumIpWords                    
00005c8f  getIpChecksum                 
00005cc1  calcIpChecksum                
00005cf7  setIpAddress                  
00005d31  getIpAddress                  
00005d6b  setIpSubnetMask               
00005da9  getIpSubnetMask               
00005de3  setIpGatewayAddress           
00005e1d  getIpGatewayAddress           
00005e57  setIpDnsAddress               
00005e91  getIpDnsAddress               
00005ecb  setIpTimeServerAddress        
00005f05  getIpTimeServerAddress        
00005f3f  setIpMqttBrokerAddress        
00005f79  getIpMqttBrokerAddress        
00005fc9  isNetworkReady                
00006003  netstat                       
00006125  readConfiguration             
000061db  processDhcpData               
00006207  processTcpData                
00006351  processUdpData                
0000644f  processIcmpData               
00006473  processArpData                
000064af  runNetworkStack               
0000654d  initSockets                   
00006595  newSocket                     
0000661d  deleteSocket                  
0000668d  getSocketId                   
000066cf  getSockets                    
000066d3  socketConnectUdp              
000066d5  socketSendTo                  
000066d7  socketRecvFrom                
000066d9  socketConnectTcp              
00006725  socketSendTcp                 
0000675f  socketCloseTcp                
0000677b  getSocketFromLocalPort        
000067dd  getSocketInfoFromArpResponse  
00006869  getSocketInfoFromUdpPacket    
00006915  getSocketInfoFromTcpPacket    
000069d1  strtod                        
000069d1  strtold                       
00006e31  addArpEntry                   
00006e65  lookupArpEntry                
00006eb7  isArpRequest                  
00006f5b  isArpResponse                 
00006faf  getArpPacket                  
00006fc1  sendArpResponse               
000070ad  sendArpRequest                
000071cd  initTimer                     
0000729f  startOneshotTimer             
0000734d  startPeriodicTimer            
000073fb  stopTimer                     
00007445  tickIsr                       
000074ef  random32                      
00007535  isUdp                         
000075dd  getUdpHeader                  
00007607  getUdpData                    
00007633  sendUdpMessage                
00007835  str_char                      
00007865  str_copy                      
0000789b  str_equal                     
000078e7  str_length                    
00007909  str_tokenize                  
00007985  str_to_lower                  
0000798f  str_to_upper                  
00007999  to_lower                      
000079a9  to_upper                      
000079b9  to_string                     
00007aa5  to_uint32                     
00007d91  strtoll                       
0000813d  __aeabi_dsub                  
00008147  __aeabi_dadd                  
000082f3  isPingRequest                 
00008337  sendPingRequest               
00008343  sendPingResponse              
00008455  initSpi0                      
000084f1  setSpi0BaudRate               
00008527  setSpi0Mode                   
00008575  writeSpi0Data                 
0000858d  readSpi0Data                  
000085b5  strtoull                      
0000884d  __aeabi_ddiv                  
00008985  strtol                        
00008ab5  initUart0                     
00008aff  setUart0BaudRate              
00008b43  putcUart0                     
00008b5f  putsUart0                     
00008b8b  getcUart0                     
00008b9f  kbhitUart0                    
00008d01  ldexp                         
00008d01  ldexpl                        
00008d01  scalbn                        
00008d01  scalbnl                       
00008e11  strtoul                       
00008f21  __aeabi_dmul                  
0000901d  initHw                        
0000905d  main                          
000091a3  __aeabi_memcpy                
000091a3  __aeabi_memcpy4               
000091a3  __aeabi_memcpy8               
000091a3  memcpy                        
0000923f  __aeabi_uldivmod              
000092d5  __aeabi_cdcmpeq               
000092d5  __aeabi_cdcmple               
0000935b  __aeabi_cdrcmple              
000093e1  initEeprom                    
000093f7  writeEeprom                   
00009429  readEeprom                    
00009465  __aeabi_memclr                
00009465  __aeabi_memclr4               
00009465  __aeabi_memclr8               
00009467  __aeabi_memset                
00009467  __aeabi_memset4               
00009467  __aeabi_memset8               
0000946d  memset                        
0000954d  __aeabi_d2f                   
00009625  __TI_decompress_lzss          
0000968d  frexp                         
0000968d  frexpl                        
00009747  __TI_ltoa                     
000097ed  atoi                          
00009839  snprintf                      
00009885  __aeabi_d2iz                  
000098cd  __TI_auto_init_nobinit_nopinit
00009911  __aeabi_d2uiz                 
00009955  initSystemClockTo40Mhz        
0000995d  initSysTimer1ms               
00009971  millis                        
00009977  sysTickIsr                    
000099d5  sscanf                        
00009a0d  _c_int00_noargs               
00009a71  __aeabi_i2d                   
00009a9f  waitMicrosecond               
00009ac3  __aeabi_ui2d                  
00009ae3  memccpy                       
00009aff  copysign                      
00009aff  copysignl                     
00009b31  __aeabi_lmul                  
00009b49  setMqttState                  
00009b61  strcmp                        
00009b79  strrchr                       
00009b91  strchr                        
00009ba7  strcpy                        
00009bbb  strlen                        
00009be1  wcslen                        
00009bf3  getMqttResponse               
00009c03  __TI_decompress_none          
00009c11  __TI_zero_init                
00009c1d  getMqttState                  
00009c29  ResetISR                      
00009c35  __aeabi_errno_addr            
00009c45  _system_pre_init              
00009c49  C$$EXIT                       
00009c49  abort                         
00009c50  _ctypes_                      
00009d51  BROADCAST_MAC_ADDRESS         
00009e30  BROADCAST_IP_ADDRESS          
00009e34  EMPTY_IP_ADDRESS              
00009e58  __TI_Handler_Table_Base       
00009e64  __TI_Handler_Table_Limit      
00009e70  __TI_CINIT_Base               
00009e80  __TI_CINIT_Limit              
20000000  __stack                       
20000000  __start___llvm_prf_cnts       
20000000  __stop___llvm_prf_cnts        
20000200  __STACK_TOP                   
20001000  __STACK_END                   
20001000  buffer                        
200015f0  sockets                       
20001848  timers                        
20001bb8  mqttBuffer                    
20001cb8  arpTable                      
20001d94  out                           
20001df8  strInput                      
20001e54  dhcpOfferedIpAdd              
20001e58  dhcpServerIpAdd               
20001e5c  udpData                       
20001e60  arpTestTimer                  
20001e61  leaseEndTimer                 
20001e62  newAddTimer                   
20001e63  releaseTimer                  
20001e64  t1HitTimer                    
20001e65  t1PeriodicTimer               
20001e66  t2HitTimer                    
20001e67  t2PeriodicTimer               
20001e68  xid                           
20001e6c  leaseSeconds                  
20001e70  leaseT1                       
20001e74  leaseT2                       
20001e78  discoverNeeded                
20001e79  requestNeeded                 
20001e7a  releaseNeeded                 
20001e7b  declineNeeded                 
20001e7c  ipConflictDetectionMode       
20001e7d  dhcpState                     
20001e7e  dhcpEnabled                   
20001e7f  hwAddress                     
20001e85  nextPacketLsb                 
20001e86  nextPacketMsb                 
20001e87  sequenceId                    
20001e88  systime                       
20001e8c  ipAddress                     
20001e90  ipDnsAddress                  
20001e94  ipGwAddress                   
20001e98  ipMqttBrokerAddress           
20001e9c  ipSubnetMask                  
20001ea0  ipTimeServerAddress           
20001ea8  errno                         
20001eb0  fin                           
20001eb2  arpTableSize                  
20001eb4  count                         
20001eb5  socketCount                   
ffffffff  __TI_pprof_out_hndl           
ffffffff  __TI_prof_data_size           
ffffffff  __TI_prof_data_start          
ffffffff  __binit__                     
ffffffff  __c_args__                    
ffffffff  binit                         
UNDEFED   __mpu_init                    
UNDEFED   _system_post_cinit            

[381 symbols]
