******************************************************************************
                  TI ARM Linker PC v20.2.7                     
******************************************************************************
>> Linked Sun Dec  1 00:53:21 2024

OUTPUT FILE NAME:   <HydraSense.out>
ENTRY POINT SYMBOL: "_c_int00_noargs"  address: 00008f75


MEMORY CONFIGURATION

         name            origin    length      used     unused   attr    fill
----------------------  --------  ---------  --------  --------  ----  --------
  FLASH                 00000000   00040000  00009390  00036c70  R  X
  SRAM                  20000000   00008000  00001e71  0000618f  RW X


SEGMENT ALLOCATION MAP

run origin  load origin   length   init length attrs members
----------  ----------- ---------- ----------- ----- -------
00000000    00000000    00009390   00009390    r-x
  00000000    00000000    0000026c   0000026c    r-- .intvecs
  0000026c    0000026c    00008ef4   00008ef4    r-x .text
  00009160    00009160    000001e8   000001e8    r-- .const
  00009348    00009348    00000048   00000048    r-- .cinit
20000000    20000000    00001e74   00000000    rw-
  20000000    20000000    00001000   00000000    rw- .stack
  20001000    20001000    00000e25   00000000    rw- .bss
  20001e28    20001e28    0000004c   00000000    rw- .data


SECTION ALLOCATION MAP

 output                                  attributes/
section   page    origin      length       input sections
--------  ----  ----------  ----------   ----------------
.intvecs   0    00000000    0000026c     
                  00000000    0000026c     tm4c123gh6pm_startup_ccs.obj (.intvecs)

.text      0    0000026c    00008ef4     
                  0000026c    00000e0c     dhcp.obj (.text)
                  00001078    00000b94     tcp.obj (.text)
                  00001c0c    00000b14     rtsv7M4_T_le_v4SPD16_eabi.lib : _scanfi.c.obj (.text:__TI_scanfi)
                  00002720    00000a60     shell.obj (.text)
                  00003180    00000a4e     rtsv7M4_T_le_v4SPD16_eabi.lib : _printfi.c.obj (.text:__TI_printfi)
                  00003bce    00000002                                   : div0.asm.obj (.text)
                  00003bd0    00000808     gpio.obj (.text)
                  000043d8    00000774     eth0.obj (.text)
                  00004b4c    000005c8     ip.obj (.text)
                  00005114    00000550     network_stack.obj (.text)
                  00005664    000004b4     mqtt.obj (.text)
                  00005b18    00000460     socket.obj (.text)
                  00005f78    00000460     rtsv7M4_T_le_v4SPD16_eabi.lib : strtod.c.obj (.text:strtod)
                  000063d8    0000039a     arp.obj (.text)
                  00006772    00000002     --HOLE-- [fill = 0]
                  00006774    00000368     timer.obj (.text)
                  00006adc    00000300     udp.obj (.text)
                  00006ddc    000002f0     strlib.obj (.text)
                  000070cc    00000270     rtsv7M4_T_le_v4SPD16_eabi.lib : _printfi.c.obj (.text:_pconv_a)
                  0000733c    000001dc                                   : strtoll.c.obj (.text:strtoll)
                  00007518    000001d0                                   : _printfi.c.obj (.text:_pconv_g)
                  000076e8    000001b6                                   : fd_add_t2.asm.obj (.text)
                  0000789e    00000160     icmp.obj (.text)
                  000079fe    00000002     --HOLE-- [fill = 0]
                  00007a00    00000160     spi0.obj (.text)
                  00007b60    0000015c     rtsv7M4_T_le_v4SPD16_eabi.lib : strtoull.c.obj (.text:strtoull)
                  00007cbc    0000013c                                   : _printfi.c.obj (.text:_pconv_e)
                  00007df8    00000136                                   : fd_div_t2.asm.obj (.text)
                  00007f2e    00000002     --HOLE-- [fill = 0]
                  00007f30    00000130                                   : strtol.c.obj (.text:strtol)
                  00008060    00000128     uart0.obj (.text)
                  00008188    00000124     rtsv7M4_T_le_v4SPD16_eabi.lib : _printfi.c.obj (.text:fcvt)
                  000082ac    00000110                                   : s_scalbn.c.obj (.text:scalbn)
                  000083bc    00000110                                   : strtoul.c.obj (.text:strtoul)
                  000084cc    000000fc                                   : fd_mul_t2.asm.obj (.text)
                  000085c8    000000d4     main.obj (.text)
                  0000869c    000000b1     rtsv7M4_T_le_v4SPD16_eabi.lib : _printfi.c.obj (.text:_ltostr)
                  0000874d    00000001     --HOLE-- [fill = 0]
                  0000874e    0000009c                                   : memcpy_t2.asm.obj (.text)
                  000087ea    00000096                                   : ull_div_t2.asm.obj (.text)
                  00008880    00000086                                   : fd_cmp_t2.asm.obj (.text:__aeabi_cdcmple)
                  00008906    00000086                                   : fd_cmp_t2.asm.obj (.text:__aeabi_cdrcmple)
                  0000898c    00000084     eeprom.obj (.text)
                  00008a10    0000007a     rtsv7M4_T_le_v4SPD16_eabi.lib : memset_t2.asm.obj (.text)
                  00008a8a    0000006e                                   : _printfi.c.obj (.text:_mcpy)
                  00008af8    0000006e                                   : fd_tos_t2.asm.obj (.text)
                  00008b66    00000002     --HOLE-- [fill = 0]
                  00008b68    00000068                                   : sscanf.c.obj (.text:_chkmbc)
                  00008bd0    00000068                                   : copy_decompress_lzss.c.obj (.text:decompress:lzss:__TI_decompress_lzss)
                  00008c38    00000064                                   : s_frexp.c.obj (.text:frexp)
                  00008c9c    00000056                                   : _printfi.c.obj (.text:_pconv_f)
                  00008cf2    00000054                                   : _ltoa.c.obj (.text:__TI_ltoa)
                  00008d46    00000052                                   : _printfi.c.obj (.text:_ecpy)
                  00008d98    0000004c                                   : atoi.c.obj (.text:atoi)
                  00008de4    0000004c                                   : snprintf.c.obj (.text:snprintf)
                  00008e30    00000048                                   : fd_toi_t2.asm.obj (.text)
                  00008e78    00000044                                   : autoinit.c.obj (.text:__TI_auto_init_nobinit_nopinit:__TI_auto_init_nobinit_nopinit)
                  00008ebc    00000040     clock.obj (.text)
                  00008efc    0000003e     rtsv7M4_T_le_v4SPD16_eabi.lib : _printfi.c.obj (.text:_fcpy)
                  00008f3a    00000002     --HOLE-- [fill = 0]
                  00008f3c    00000038                                   : sscanf.c.obj (.text:sscanf)
                  00008f74    00000034                                   : boot_cortex_m.c.obj (.text:_c_int00_noargs:_c_int00_noargs)
                  00008fa8    00000030                                   : snprintf.c.obj (.text:_outs)
                  00008fd8    0000002e                                   : i_tofd_t2.asm.obj (.text)
                  00009006    00000024     wait.obj (.text)
                  0000902a    0000001c     rtsv7M4_T_le_v4SPD16_eabi.lib : memccpy.c.obj (.text:memccpy)
                  00009046    0000001a                                   : s_copysign.c.obj (.text:copysign)
                  00009060    00000018                                   : snprintf.c.obj (.text:_outc)
                  00009078    00000018                                   : ll_mul_t2.asm.obj (.text)
                  00009090    00000018                                   : strcmp.c.obj (.text:strcmp)
                  000090a8    00000018                                   : strrchr.c.obj (.text:strrchr)
                  000090c0    00000016                                   : strchr.c.obj (.text:strchr)
                  000090d6    00000014                                   : strcpy.c.obj (.text:strcpy)
                  000090ea    00000014                                   : strlen.c.obj (.text:strlen)
                  000090fe    00000012                                   : sscanf.c.obj (.text:_inpchar)
                  00009110    00000012                                   : wcslen.c.obj (.text:wcslen)
                  00009122    0000000e                                   : copy_decompress_none.c.obj (.text:decompress:none:__TI_decompress_none)
                  00009130    0000000c                                   : copy_zero_init.c.obj (.text:decompress:ZI:__TI_zero_init)
                  0000913c    0000000c     tm4c123gh6pm_startup_ccs.obj (.text)
                  00009148    00000008     rtsv7M4_T_le_v4SPD16_eabi.lib : errno.c.obj (.text:__aeabi_errno_addr)
                  00009150    00000008                                   : sscanf.c.obj (.text:_uninpchar)
                  00009158    00000004                                   : pre_init.c.obj (.text:_system_pre_init)
                  0000915c    00000004                                   : exit.c.obj (.text:abort:abort)

.const     0    00009160    000001e8     
                  00009160    00000101     rtsv7M4_T_le_v4SPD16_eabi.lib : ctype.c.obj (.const:.string:_ctypes_)
                  00009261    00000006     eth0.obj (.const:.string:BROADCAST_MAC_ADDRESS)
                  00009267    00000001     --HOLE-- [fill = 0]
                  00009268    000000c8     rtsv7M4_T_le_v4SPD16_eabi.lib : strtod.c.obj (.const:$O1$$)
                  00009330    00000010                                   : _scanfi.c.obj (.const:$O1$$)
                  00009340    00000004     ip.obj (.const:.string:BROADCAST_IP_ADDRESS)
                  00009344    00000004     ip.obj (.const:.string:EMPTY_IP_ADDRESS)

.cinit     0    00009348    00000048     
                  00009348    00000022     (.cinit..data.load) [load image, compression = lzss]
                  0000936a    00000002     --HOLE-- [fill = 0]
                  0000936c    0000000c     (__TI_handler_table)
                  00009378    00000008     (.cinit..bss.load) [load image, compression = zero_init]
                  00009380    00000010     (__TI_cinit_table)

.init_array 
*          0    00000000    00000000     UNINITIALIZED

.bss       0    20001000    00000e25     UNINITIALIZED
                  20001000    000005f0     (.common:buffer)
                  200015f0    00000230     (.common:sockets)
                  20001820    000001f4     (.common:timers)
                  20001a14    00000164     (.common:mqclient)
                  20001b78    00000100     (.common:mqttBuffer)
                  20001c78    000000dc     (.common:arpTable)
                  20001d54    00000064     (.common:out)
                  20001db8    00000054     (.common:strInput)
                  20001e0c    00000004     dhcp.obj (.bss)
                  20001e10    00000004     (.common:dhcpOfferedIpAdd)
                  20001e14    00000004     (.common:dhcpServerIpAdd)
                  20001e18    00000004     (.common:udpData)
                  20001e1c    00000001     (.common:arpTestTimer)
                  20001e1d    00000001     (.common:leaseEndTimer)
                  20001e1e    00000001     (.common:newAddTimer)
                  20001e1f    00000001     (.common:releaseTimer)
                  20001e20    00000001     (.common:t1HitTimer)
                  20001e21    00000001     (.common:t1PeriodicTimer)
                  20001e22    00000001     (.common:t2HitTimer)
                  20001e23    00000001     (.common:t2PeriodicTimer)
                  20001e24    00000001     (.common:timeoutTimer)

.data      0    20001e28    0000004c     UNINITIALIZED
                  20001e28    00000017     dhcp.obj (.data)
                  20001e3f    00000006     eth0.obj (.data:hwAddress)
                  20001e45    00000003     eth0.obj (.data)
                  20001e48    00000004     clock.obj (.data)
                  20001e4c    00000004     ip.obj (.data:ipAddress)
                  20001e50    00000004     ip.obj (.data:ipDnsAddress)
                  20001e54    00000004     ip.obj (.data:ipGwAddress)
                  20001e58    00000004     ip.obj (.data:ipMqttBrokerAddress)
                  20001e5c    00000004     ip.obj (.data:ipSubnetMask)
                  20001e60    00000004     ip.obj (.data:ipTimeServerAddress)
                  20001e64    00000004     network_stack.obj (.data)
                  20001e68    00000004     rtsv7M4_T_le_v4SPD16_eabi.lib : errno.c.obj (.data)
                  20001e6c    00000004     strlib.obj (.data)
                  20001e70    00000001     arp.obj (.data)
                  20001e71    00000001     mqtt.obj (.data)
                  20001e72    00000001     shell.obj (.data)
                  20001e73    00000001     socket.obj (.data)

.stack     0    20000000    00001000     UNINITIALIZED
                  20000000    00000004     rtsv7M4_T_le_v4SPD16_eabi.lib : boot_cortex_m.c.obj (.stack)
                  20000004    00000ffc     --HOLE--

__llvm_prf_cnts 
*          0    20000000    00000000     UNINITIALIZED

MODULE SUMMARY

       Module                         code    ro data   rw data
       ------                         ----    -------   -------
    .\core\
       tm4c123gh6pm_startup_ccs.obj   12      620       0      
    +--+------------------------------+-------+---------+---------+
       Total:                         12      620       0      
                                                               
    .\drivers\
       gpio.obj                       2056    0         0      
       eth0.obj                       1908    6         9      
       timer.obj                      872     0         500    
       spi0.obj                       352     0         0      
       uart0.obj                      296     0         0      
       eeprom.obj                     132     0         0      
       clock.obj                      64      0         4      
    +--+------------------------------+-------+---------+---------+
       Total:                         5680    6         513    
                                                               
    .\libs\
       strlib.obj                     752     0         4      
    +--+------------------------------+-------+---------+---------+
       Total:                         752     0         4      
                                                               
    .\middleware\
       dhcp.obj                       3596    0         43     
       tcp.obj                        2964    0         0      
       mqtt.obj                       1204    0         714    
       socket.obj                     1120    0         561    
       ip.obj                         1480    8         24     
       arp.obj                        922     0         221    
       udp.obj                        768     0         0      
       icmp.obj                       352     0         0      
    +--+------------------------------+-------+---------+---------+
       Total:                         12406   8         1563   
                                                               
    .\src\
       network_stack.obj              1360    0         1528   
       shell.obj                      2656    0         85     
       main.obj                       212     0         0      
       wait.obj                       36      0         0      
    +--+------------------------------+-------+---------+---------+
       Total:                         4264    0         1613   
                                                               
    C:\ti\ccs1240\ccs\tools\compiler\ti-cgt-arm_20.2.7.LTS\lib\rtsv7M4_T_le_v4SPD16_eabi.lib
       _printfi.c.obj                 4851    0         0      
       _scanfi.c.obj                  2836    16        0      
       strtod.c.obj                   1120    200       0      
       strtoll.c.obj                  476     0         0      
       fd_add_t2.asm.obj              438     0         0      
       strtoull.c.obj                 348     0         0      
       fd_div_t2.asm.obj              310     0         0      
       strtol.c.obj                   304     0         0      
       s_scalbn.c.obj                 272     0         0      
       strtoul.c.obj                  272     0         0      
       fd_cmp_t2.asm.obj              268     0         0      
       ctype.c.obj                    0       257       0      
       fd_mul_t2.asm.obj              252     0         0      
       sscanf.c.obj                   186     0         0      
       memcpy_t2.asm.obj              156     0         0      
       ull_div_t2.asm.obj             150     0         0      
       snprintf.c.obj                 148     0         0      
       memset_t2.asm.obj              122     0         0      
       fd_tos_t2.asm.obj              110     0         0      
       copy_decompress_lzss.c.obj     104     0         0      
       s_frexp.c.obj                  100     0         0      
       _ltoa.c.obj                    84      0         0      
       atoi.c.obj                     76      0         0      
       fd_toi_t2.asm.obj              72      0         0      
       autoinit.c.obj                 68      0         0      
       boot_cortex_m.c.obj            52      0         0      
       i_tofd_t2.asm.obj              46      0         0      
       memccpy.c.obj                  28      0         0      
       s_copysign.c.obj               26      0         0      
       ll_mul_t2.asm.obj              24      0         0      
       strcmp.c.obj                   24      0         0      
       strrchr.c.obj                  24      0         0      
       strchr.c.obj                   22      0         0      
       strcpy.c.obj                   20      0         0      
       strlen.c.obj                   20      0         0      
       wcslen.c.obj                   18      0         0      
       copy_decompress_none.c.obj     14      0         0      
       copy_zero_init.c.obj           12      0         0      
       errno.c.obj                    8       0         4      
       exit.c.obj                     4       0         0      
       pre_init.c.obj                 4       0         0      
       div0.asm.obj                   2       0         0      
    +--+------------------------------+-------+---------+---------+
       Total:                         13471   473       4      
                                                               
       Stack:                         0       0         4096   
       Linker Generated:              0       70        0      
    +--+------------------------------+-------+---------+---------+
       Grand Total:                   36585   1177      7793   


LINKER GENERATED COPY TABLES

__TI_cinit_table @ 00009380 records: 2, size/record: 8, table size: 16
	.data: load addr=00009348, load size=00000022 bytes, run addr=20001e28, run size=0000004c bytes, compression=lzss
	.bss: load addr=00009378, load size=00000008 bytes, run addr=20001000, run size=00000e25 bytes, compression=zero_init


LINKER GENERATED HANDLER TABLE

__TI_handler_table @ 0000936c records: 3, size/record: 4, table size: 12
	index: 0, handler: __TI_decompress_lzss
	index: 1, handler: __TI_decompress_none
	index: 2, handler: __TI_zero_init


GLOBAL SYMBOLS: SORTED ALPHABETICALLY BY Name 

address   name                          
-------   ----                          
00009340  BROADCAST_IP_ADDRESS          
00009261  BROADCAST_MAC_ADDRESS         
0000915d  C$$EXIT                       
00009344  EMPTY_IP_ADDRESS              
0000913d  ResetISR                      
20001000  __STACK_END                   
00001000  __STACK_SIZE                  
20000200  __STACK_TOP                   
00009380  __TI_CINIT_Base               
00009390  __TI_CINIT_Limit              
0000936c  __TI_Handler_Table_Base       
00009378  __TI_Handler_Table_Limit      
00008e79  __TI_auto_init_nobinit_nopinit
00008bd1  __TI_decompress_lzss          
00009123  __TI_decompress_none          
00008cf3  __TI_ltoa                     
ffffffff  __TI_pprof_out_hndl           
00003181  __TI_printfi                  
ffffffff  __TI_prof_data_size           
ffffffff  __TI_prof_data_start          
00001c0d  __TI_scanfi                   
00000000  __TI_static_base__            
00009131  __TI_zero_init                
00008881  __aeabi_cdcmpeq               
00008881  __aeabi_cdcmple               
00008907  __aeabi_cdrcmple              
00008af9  __aeabi_d2f                   
00008e31  __aeabi_d2iz                  
000076f3  __aeabi_dadd                  
00007df9  __aeabi_ddiv                  
000084cd  __aeabi_dmul                  
000076e9  __aeabi_dsub                  
00009149  __aeabi_errno_addr            
00008fd9  __aeabi_i2d                   
00003bcf  __aeabi_idiv0                 
00003bcf  __aeabi_ldiv0                 
00009079  __aeabi_lmul                  
00008a11  __aeabi_memclr                
00008a11  __aeabi_memclr4               
00008a11  __aeabi_memclr8               
0000874f  __aeabi_memcpy                
0000874f  __aeabi_memcpy4               
0000874f  __aeabi_memcpy8               
00008a13  __aeabi_memset                
00008a13  __aeabi_memset4               
00008a13  __aeabi_memset8               
000087eb  __aeabi_uldivmod              
ffffffff  __binit__                     
ffffffff  __c_args__                    
UNDEFED   __mpu_init                    
20000000  __stack                       
20000000  __start___llvm_prf_cnts       
20000000  __stop___llvm_prf_cnts        
00008f75  _c_int00_noargs               
00009160  _ctypes_                      
UNDEFED   _system_post_cinit            
00009159  _system_pre_init              
0000915d  abort                         
000063d9  addArpEntry                   
00000535  addDhcpOption                 
20001c78  arpTable                      
20001e70  arpTableSize                  
20001e1c  arpTestTimer                  
00002721  asciiToUint8                  
00008d99  atoi                          
ffffffff  binit                         
20001000  buffer                        
00004e0d  calcIpChecksum                
0000028f  callbackDhcpGetNewAddressTimer
000003d5  callbackDhcpIpConflictWindow  
00000305  callbackDhcpLeaseEndTimer     
000002a9  callbackDhcpT1HitTimer        
00000299  callbackDhcpT1PeriodicTimer   
000002e3  callbackDhcpT2HitTimer        
000002d9  callbackDhcpT2PeriodicTimer   
00004497  clearEtherReg                 
00004225  clearPinInterrupt             
000013d7  closeTcpConnection            
000013ad  completeTcpConnection         
00005749  connectMqtt                   
00004caf  convertIpAddressToU32         
00004ce7  copyIpAddress                 
00004a39  copyMacAddress                
00009047  copysign                      
00009047  copysignl                     
20001e72  count                         
20001e3b  declineNeeded                 
00005be9  deleteSocket                  
20001e3e  dhcpEnabled                   
20001e10  dhcpOfferedIpAdd              
20001e14  dhcpServerIpAdd               
20001e3d  dhcpState                     
00000f75  disableDhcp                   
000043ef  disableEtherCs                
00004201  disablePinInterrupt           
00003f39  disablePinPulldown            
00003ef1  disablePinPullup              
00003c8d  disablePort                   
000057bf  disconnectMqtt                
20001e38  discoverNeeded                
0000275b  displayConnectionInfo         
00000f59  enableDhcp                    
000043d9  enableEtherCs                 
000041dd  enablePinInterrupt            
00003f15  enablePinPulldown             
00003ec3  enablePinPullup               
00003bd1  enablePort                    
00005a49  encodeLength                  
20001e68  errno                         
00008c39  frexp                         
00008c39  frexpl                        
00000000  g_pfnVectors                  
00006557  getArpPacket                  
000004a3  getDhcpFrame                  
00000445  getDhcpLeaseSeconds           
0000060d  getDhcpOption                 
00000281  getDhcpState                  
00004a23  getEtherId                    
00004aed  getEtherMacAddress            
000047fb  getEtherPacket                
00004e7d  getIpAddress                  
00004ddb  getIpChecksum                 
00004fdd  getIpDnsAddress               
00004f69  getIpGatewayAddress           
00004be5  getIpHeader                   
000050c5  getIpMqttBrokerAddress        
00004ef5  getIpSubnetMask               
00005051  getIpTimeServerAddress        
000059c5  getMqttPacket                 
0000567f  getMqttQos                    
00005679  getMqttState                  
000058f9  getMqttTopics                 
00004293  getPinValue                   
00004349  getPortValue                  
00005d2b  getSocketFromLocalPort        
00005c59  getSocketId                   
00005d87  getSocketInfoFromArpResponse  
00005ec1  getSocketInfoFromTcpPacket    
00005e15  getSocketInfoFromUdpPacket    
00005c9b  getSockets                    
000014e1  getTcpData                    
000010a9  getTcpHeader                  
00001093  getTcpState                   
00006baf  getUdpData                    
00006b85  getUdpHeader                  
00008137  getcUart0                     
00000b3b  handleDhcpAck                 
0000126b  handleSocketError             
00001495  handleTcpData                 
000049f7  htonl                         
000049d3  htons                         
20001e3f  hwAddress                     
00004a2f  incEtherId                    
0000898d  initEeprom                    
0000460d  initEther                     
000085c9  initHw                        
00005683  initMqtt                      
00005b19  initSockets                   
00007a01  initSpi0                      
00008ec5  initSysTimer1ms               
00008ebd  initSystemClockTo40Mhz        
00006775  initTimer                     
00008061  initUart0                     
20001e4c  ipAddress                     
20001e3c  ipConflictDetectionMode       
20001e50  ipDnsAddress                  
20001e54  ipGwAddress                   
20001e58  ipMqttBrokerAddress           
20001e5c  ipSubnetMask                  
20001e60  ipTimeServerAddress           
0000645f  isArpRequest                  
00006503  isArpResponse                 
00000a89  isDhcpAck                     
00000cb9  isDhcpDeclineNeeded           
00000cad  isDhcpDiscoverNeeded          
00000fe1  isDhcpEnabled                 
0000043f  isDhcpIpConflictDetectionMode 
000009c5  isDhcpOffer                   
00000cbf  isDhcpReleaseNeeded           
00000cb3  isDhcpRequestNeeded           
0000044b  isDhcpResponse                
000047b1  isEtherDataAvailable          
00004797  isEtherLinkUp                 
000047cb  isEtherOverflow               
00004b4d  isIp                          
00004d15  isIpEqual                     
00004c51  isIpInSubnet                  
00004bf3  isIpUnicast                   
00004bbd  isIpValid                     
0000594b  isMqttResponse                
00005115  isNetworkReady                
0000789f  isPingRequest                 
000010cb  isTcp                         
000011f7  isTcpAck                      
00001509  isTcpDataAvailable            
000011bb  isTcpFin                      
000017b3  isTcpPortOpen                 
00001231  isTcpPsh                      
00001181  isTcpSyn                      
00006add  isUdp                         
0000814b  kbhitUart0                    
000082ad  ldexp                         
000082ad  ldexpl                        
20001e1d  leaseEndTimer                 
20001e2c  leaseSeconds                  
20001e30  leaseT1                       
20001e34  leaseT2                       
0000640d  lookupArpEntry                
00008609  main                          
0000902b  memccpy                       
0000874f  memcpy                        
00008a19  memset                        
00008ed9  millis                        
20001a14  mqclient                      
20001b78  mqttBuffer                    
000056e7  mqttConnectTimeout            
000056c5  mqttErrorCallback             
00005707  mqttRetryConnection           
0000514f  netstat                       
20001e1e  newAddTimer                   
00005b61  newSocket                     
20001e45  nextPacketLsb                 
20001e46  nextPacketMsb                 
00001327  openTcpConnection             
20001d54  out                           
00001513  pendTcpResponse               
0000558b  processArpData                
00000f0d  processDhcpArpResponse        
00005327  processDhcpData               
00000e45  processDhcpResponse           
000054f7  processIcmpData               
00005ab1  processMqttData               
00005aa3  processMqttPublish            
00002b25  processShell                  
00001741  processTcpArpResponse         
00005353  processTcpData                
000015e9  processTcpResponse            
00005469  processUdpData                
00005a97  publishMqtt                   
000048ed  putEtherPacket                
000080ef  putcUart0                     
0000810b  putsUart0                     
00006a97  random32                      
00005271  readConfiguration             
000089d5  readEeprom                    
000045cb  readEtherMem                  
0000451f  readEtherPhy                  
00004431  readEtherReg                  
00007b39  readSpi0Data                  
000002c9  rebindDhcp                    
0000030f  releaseDhcp                   
20001e3a  releaseNeeded                 
20001e1f  releaseTimer                  
0000038f  renewDhcp                     
0000037f  renewIp                       
000003df  requestDhcpIpConflictTest     
00000287  requestDhcpNewAddress         
20001e39  requestNeeded                 
000045e3  resetEther                    
000057ed  runMqttClient                 
000055c7  runNetworkStack               
000082ad  scalbn                        
000082ad  scalbnl                       
00003df7  selectPinAnalogInput          
00003da9  selectPinDigitalInput         
00004113  selectPinInterruptBothEdges   
000040c3  selectPinInterruptFallingEdge 
00004169  selectPinInterruptHighLevel   
000041a3  selectPinInterruptLowLevel    
00004073  selectPinInterruptRisingEdge  
00003d5b  selectPinOpenDrainOutput      
00003d0d  selectPinPushPullOutput       
00006655  sendArpRequest                
00006569  sendArpResponse               
000006cd  sendDhcpMessage               
00000cc5  sendDhcpPendingMessages       
00005add  sendMqttMessage               
000078e3  sendPingRequest               
000078ef  sendPingResponse              
00001a37  sendTcpMessage                
00001413  sendTcpPendingMessages        
00001819  sendTcpResponse               
00006bdb  sendUdpMessage                
20001e47  sequenceId                    
0000026d  setDhcpState                  
000044cb  setEtherBank                  
00004a6d  setEtherMacAddress            
00004463  setEtherReg                   
00004e43  setIpAddress                  
00004fa3  setIpDnsAddress               
00004f2f  setIpGatewayAddress           
0000508b  setIpMqttBrokerAddress        
00004eb7  setIpSubnetMask               
00005017  setIpTimeServerAddress        
00005665  setMqttState                  
00005881  setMqttTopics                 
00003f61  setPinAuxFunction             
00003e47  setPinCommitControl           
00004249  setPinValue                   
000042d1  setPortValue                  
00007a9d  setSpi0BaudRate               
00007ad3  setSpi0Mode                   
00001079  setTcpState                   
000080ab  setUart0BaudRate              
00008de5  snprintf                      
00005d0f  socketCloseTcp                
00005ca5  socketConnectTcp              
00005c9f  socketConnectUdp              
20001e73  socketCount                   
0000568d  socketErrorCallback           
00005ca3  socketRecvFrom                
00005d01  socketRecvTcp                 
00005cf1  socketSendTcp                 
00005ca1  socketSendTo                  
200015f0  sockets                       
00008f3d  sscanf                        
000045b9  startEtherMemRead             
0000458b  startEtherMemWrite            
00006847  startOneshotTimer             
000068f5  startPeriodicTimer            
000045db  stopEtherMemRead              
000045b1  stopEtherMemWrite             
000069a3  stopTimer                     
20001db8  strInput                      
00006ddd  str_char                      
00006e0d  str_copy                      
00006e45  str_equal                     
00006e91  str_length                    
00006f2f  str_to_lower                  
00006f39  str_to_upper                  
00006eb3  str_tokenize                  
000090c1  strchr                        
00009091  strcmp                        
000090d7  strcpy                        
000090eb  strlen                        
000090a9  strrchr                       
00005f79  strtod                        
00007f31  strtol                        
00005f79  strtold                       
0000733d  strtoll                       
000083bd  strtoul                       
00007b61  strtoull                      
00005ac9  subscribeMqtt                 
00004d67  sumIpWords                    
00008edf  sysTickIsr                    
20001e48  systime                       
20001e20  t1HitTimer                    
20001e21  t1PeriodicTimer               
20001e22  t2HitTimer                    
20001e23  t2PeriodicTimer               
00001529  tcpTimeWaitCallback           
000012e9  tcpTimeoutCallback            
000069ed  tickIsr                       
20001e24  timeoutTimer                  
20001820  timers                        
00006f43  to_lower                      
00006f63  to_string                     
0000704f  to_uint32                     
00006f53  to_upper                      
0000426f  togglePinValue                
20001e18  udpData                       
00005ad3  unsubscribeMqtt               
000015b5  updateAckNum                  
00001593  updateSeqNum                  
00009007  waitMicrosecond               
00009111  wcslen                        
000089a3  writeEeprom                   
0000459d  writeEtherMem                 
000044e7  writeEtherPhy                 
000043fd  writeEtherReg                 
00007b21  writeSpi0Data                 
20001e28  xid                           


GLOBAL SYMBOLS: SORTED BY Symbol Address 

address   name                          
-------   ----                          
00000000  __TI_static_base__            
00000000  g_pfnVectors                  
0000026d  setDhcpState                  
00000281  getDhcpState                  
00000287  requestDhcpNewAddress         
0000028f  callbackDhcpGetNewAddressTimer
00000299  callbackDhcpT1PeriodicTimer   
000002a9  callbackDhcpT1HitTimer        
000002c9  rebindDhcp                    
000002d9  callbackDhcpT2PeriodicTimer   
000002e3  callbackDhcpT2HitTimer        
00000305  callbackDhcpLeaseEndTimer     
0000030f  releaseDhcp                   
0000037f  renewIp                       
0000038f  renewDhcp                     
000003d5  callbackDhcpIpConflictWindow  
000003df  requestDhcpIpConflictTest     
0000043f  isDhcpIpConflictDetectionMode 
00000445  getDhcpLeaseSeconds           
0000044b  isDhcpResponse                
000004a3  getDhcpFrame                  
00000535  addDhcpOption                 
0000060d  getDhcpOption                 
000006cd  sendDhcpMessage               
000009c5  isDhcpOffer                   
00000a89  isDhcpAck                     
00000b3b  handleDhcpAck                 
00000cad  isDhcpDiscoverNeeded          
00000cb3  isDhcpRequestNeeded           
00000cb9  isDhcpDeclineNeeded           
00000cbf  isDhcpReleaseNeeded           
00000cc5  sendDhcpPendingMessages       
00000e45  processDhcpResponse           
00000f0d  processDhcpArpResponse        
00000f59  enableDhcp                    
00000f75  disableDhcp                   
00000fe1  isDhcpEnabled                 
00001000  __STACK_SIZE                  
00001079  setTcpState                   
00001093  getTcpState                   
000010a9  getTcpHeader                  
000010cb  isTcp                         
00001181  isTcpSyn                      
000011bb  isTcpFin                      
000011f7  isTcpAck                      
00001231  isTcpPsh                      
0000126b  handleSocketError             
000012e9  tcpTimeoutCallback            
00001327  openTcpConnection             
000013ad  completeTcpConnection         
000013d7  closeTcpConnection            
00001413  sendTcpPendingMessages        
00001495  handleTcpData                 
000014e1  getTcpData                    
00001509  isTcpDataAvailable            
00001513  pendTcpResponse               
00001529  tcpTimeWaitCallback           
00001593  updateSeqNum                  
000015b5  updateAckNum                  
000015e9  processTcpResponse            
00001741  processTcpArpResponse         
000017b3  isTcpPortOpen                 
00001819  sendTcpResponse               
00001a37  sendTcpMessage                
00001c0d  __TI_scanfi                   
00002721  asciiToUint8                  
0000275b  displayConnectionInfo         
00002b25  processShell                  
00003181  __TI_printfi                  
00003bcf  __aeabi_idiv0                 
00003bcf  __aeabi_ldiv0                 
00003bd1  enablePort                    
00003c8d  disablePort                   
00003d0d  selectPinPushPullOutput       
00003d5b  selectPinOpenDrainOutput      
00003da9  selectPinDigitalInput         
00003df7  selectPinAnalogInput          
00003e47  setPinCommitControl           
00003ec3  enablePinPullup               
00003ef1  disablePinPullup              
00003f15  enablePinPulldown             
00003f39  disablePinPulldown            
00003f61  setPinAuxFunction             
00004073  selectPinInterruptRisingEdge  
000040c3  selectPinInterruptFallingEdge 
00004113  selectPinInterruptBothEdges   
00004169  selectPinInterruptHighLevel   
000041a3  selectPinInterruptLowLevel    
000041dd  enablePinInterrupt            
00004201  disablePinInterrupt           
00004225  clearPinInterrupt             
00004249  setPinValue                   
0000426f  togglePinValue                
00004293  getPinValue                   
000042d1  setPortValue                  
00004349  getPortValue                  
000043d9  enableEtherCs                 
000043ef  disableEtherCs                
000043fd  writeEtherReg                 
00004431  readEtherReg                  
00004463  setEtherReg                   
00004497  clearEtherReg                 
000044cb  setEtherBank                  
000044e7  writeEtherPhy                 
0000451f  readEtherPhy                  
0000458b  startEtherMemWrite            
0000459d  writeEtherMem                 
000045b1  stopEtherMemWrite             
000045b9  startEtherMemRead             
000045cb  readEtherMem                  
000045db  stopEtherMemRead              
000045e3  resetEther                    
0000460d  initEther                     
00004797  isEtherLinkUp                 
000047b1  isEtherDataAvailable          
000047cb  isEtherOverflow               
000047fb  getEtherPacket                
000048ed  putEtherPacket                
000049d3  htons                         
000049f7  htonl                         
00004a23  getEtherId                    
00004a2f  incEtherId                    
00004a39  copyMacAddress                
00004a6d  setEtherMacAddress            
00004aed  getEtherMacAddress            
00004b4d  isIp                          
00004bbd  isIpValid                     
00004be5  getIpHeader                   
00004bf3  isIpUnicast                   
00004c51  isIpInSubnet                  
00004caf  convertIpAddressToU32         
00004ce7  copyIpAddress                 
00004d15  isIpEqual                     
00004d67  sumIpWords                    
00004ddb  getIpChecksum                 
00004e0d  calcIpChecksum                
00004e43  setIpAddress                  
00004e7d  getIpAddress                  
00004eb7  setIpSubnetMask               
00004ef5  getIpSubnetMask               
00004f2f  setIpGatewayAddress           
00004f69  getIpGatewayAddress           
00004fa3  setIpDnsAddress               
00004fdd  getIpDnsAddress               
00005017  setIpTimeServerAddress        
00005051  getIpTimeServerAddress        
0000508b  setIpMqttBrokerAddress        
000050c5  getIpMqttBrokerAddress        
00005115  isNetworkReady                
0000514f  netstat                       
00005271  readConfiguration             
00005327  processDhcpData               
00005353  processTcpData                
00005469  processUdpData                
000054f7  processIcmpData               
0000558b  processArpData                
000055c7  runNetworkStack               
00005665  setMqttState                  
00005679  getMqttState                  
0000567f  getMqttQos                    
00005683  initMqtt                      
0000568d  socketErrorCallback           
000056c5  mqttErrorCallback             
000056e7  mqttConnectTimeout            
00005707  mqttRetryConnection           
00005749  connectMqtt                   
000057bf  disconnectMqtt                
000057ed  runMqttClient                 
00005881  setMqttTopics                 
000058f9  getMqttTopics                 
0000594b  isMqttResponse                
000059c5  getMqttPacket                 
00005a49  encodeLength                  
00005a97  publishMqtt                   
00005aa3  processMqttPublish            
00005ab1  processMqttData               
00005ac9  subscribeMqtt                 
00005ad3  unsubscribeMqtt               
00005add  sendMqttMessage               
00005b19  initSockets                   
00005b61  newSocket                     
00005be9  deleteSocket                  
00005c59  getSocketId                   
00005c9b  getSockets                    
00005c9f  socketConnectUdp              
00005ca1  socketSendTo                  
00005ca3  socketRecvFrom                
00005ca5  socketConnectTcp              
00005cf1  socketSendTcp                 
00005d01  socketRecvTcp                 
00005d0f  socketCloseTcp                
00005d2b  getSocketFromLocalPort        
00005d87  getSocketInfoFromArpResponse  
00005e15  getSocketInfoFromUdpPacket    
00005ec1  getSocketInfoFromTcpPacket    
00005f79  strtod                        
00005f79  strtold                       
000063d9  addArpEntry                   
0000640d  lookupArpEntry                
0000645f  isArpRequest                  
00006503  isArpResponse                 
00006557  getArpPacket                  
00006569  sendArpResponse               
00006655  sendArpRequest                
00006775  initTimer                     
00006847  startOneshotTimer             
000068f5  startPeriodicTimer            
000069a3  stopTimer                     
000069ed  tickIsr                       
00006a97  random32                      
00006add  isUdp                         
00006b85  getUdpHeader                  
00006baf  getUdpData                    
00006bdb  sendUdpMessage                
00006ddd  str_char                      
00006e0d  str_copy                      
00006e45  str_equal                     
00006e91  str_length                    
00006eb3  str_tokenize                  
00006f2f  str_to_lower                  
00006f39  str_to_upper                  
00006f43  to_lower                      
00006f53  to_upper                      
00006f63  to_string                     
0000704f  to_uint32                     
0000733d  strtoll                       
000076e9  __aeabi_dsub                  
000076f3  __aeabi_dadd                  
0000789f  isPingRequest                 
000078e3  sendPingRequest               
000078ef  sendPingResponse              
00007a01  initSpi0                      
00007a9d  setSpi0BaudRate               
00007ad3  setSpi0Mode                   
00007b21  writeSpi0Data                 
00007b39  readSpi0Data                  
00007b61  strtoull                      
00007df9  __aeabi_ddiv                  
00007f31  strtol                        
00008061  initUart0                     
000080ab  setUart0BaudRate              
000080ef  putcUart0                     
0000810b  putsUart0                     
00008137  getcUart0                     
0000814b  kbhitUart0                    
000082ad  ldexp                         
000082ad  ldexpl                        
000082ad  scalbn                        
000082ad  scalbnl                       
000083bd  strtoul                       
000084cd  __aeabi_dmul                  
000085c9  initHw                        
00008609  main                          
0000874f  __aeabi_memcpy                
0000874f  __aeabi_memcpy4               
0000874f  __aeabi_memcpy8               
0000874f  memcpy                        
000087eb  __aeabi_uldivmod              
00008881  __aeabi_cdcmpeq               
00008881  __aeabi_cdcmple               
00008907  __aeabi_cdrcmple              
0000898d  initEeprom                    
000089a3  writeEeprom                   
000089d5  readEeprom                    
00008a11  __aeabi_memclr                
00008a11  __aeabi_memclr4               
00008a11  __aeabi_memclr8               
00008a13  __aeabi_memset                
00008a13  __aeabi_memset4               
00008a13  __aeabi_memset8               
00008a19  memset                        
00008af9  __aeabi_d2f                   
00008bd1  __TI_decompress_lzss          
00008c39  frexp                         
00008c39  frexpl                        
00008cf3  __TI_ltoa                     
00008d99  atoi                          
00008de5  snprintf                      
00008e31  __aeabi_d2iz                  
00008e79  __TI_auto_init_nobinit_nopinit
00008ebd  initSystemClockTo40Mhz        
00008ec5  initSysTimer1ms               
00008ed9  millis                        
00008edf  sysTickIsr                    
00008f3d  sscanf                        
00008f75  _c_int00_noargs               
00008fd9  __aeabi_i2d                   
00009007  waitMicrosecond               
0000902b  memccpy                       
00009047  copysign                      
00009047  copysignl                     
00009079  __aeabi_lmul                  
00009091  strcmp                        
000090a9  strrchr                       
000090c1  strchr                        
000090d7  strcpy                        
000090eb  strlen                        
00009111  wcslen                        
00009123  __TI_decompress_none          
00009131  __TI_zero_init                
0000913d  ResetISR                      
00009149  __aeabi_errno_addr            
00009159  _system_pre_init              
0000915d  C$$EXIT                       
0000915d  abort                         
00009160  _ctypes_                      
00009261  BROADCAST_MAC_ADDRESS         
00009340  BROADCAST_IP_ADDRESS          
00009344  EMPTY_IP_ADDRESS              
0000936c  __TI_Handler_Table_Base       
00009378  __TI_Handler_Table_Limit      
00009380  __TI_CINIT_Base               
00009390  __TI_CINIT_Limit              
20000000  __stack                       
20000000  __start___llvm_prf_cnts       
20000000  __stop___llvm_prf_cnts        
20000200  __STACK_TOP                   
20001000  __STACK_END                   
20001000  buffer                        
200015f0  sockets                       
20001820  timers                        
20001a14  mqclient                      
20001b78  mqttBuffer                    
20001c78  arpTable                      
20001d54  out                           
20001db8  strInput                      
20001e10  dhcpOfferedIpAdd              
20001e14  dhcpServerIpAdd               
20001e18  udpData                       
20001e1c  arpTestTimer                  
20001e1d  leaseEndTimer                 
20001e1e  newAddTimer                   
20001e1f  releaseTimer                  
20001e20  t1HitTimer                    
20001e21  t1PeriodicTimer               
20001e22  t2HitTimer                    
20001e23  t2PeriodicTimer               
20001e24  timeoutTimer                  
20001e28  xid                           
20001e2c  leaseSeconds                  
20001e30  leaseT1                       
20001e34  leaseT2                       
20001e38  discoverNeeded                
20001e39  requestNeeded                 
20001e3a  releaseNeeded                 
20001e3b  declineNeeded                 
20001e3c  ipConflictDetectionMode       
20001e3d  dhcpState                     
20001e3e  dhcpEnabled                   
20001e3f  hwAddress                     
20001e45  nextPacketLsb                 
20001e46  nextPacketMsb                 
20001e47  sequenceId                    
20001e48  systime                       
20001e4c  ipAddress                     
20001e50  ipDnsAddress                  
20001e54  ipGwAddress                   
20001e58  ipMqttBrokerAddress           
20001e5c  ipSubnetMask                  
20001e60  ipTimeServerAddress           
20001e68  errno                         
20001e70  arpTableSize                  
20001e72  count                         
20001e73  socketCount                   
ffffffff  __TI_pprof_out_hndl           
ffffffff  __TI_prof_data_size           
ffffffff  __TI_prof_data_start          
ffffffff  __binit__                     
ffffffff  __c_args__                    
ffffffff  binit                         
UNDEFED   __mpu_init                    
UNDEFED   _system_post_cinit            

[372 symbols]
